WARNING : Using CLI version 2.29.2 but project's `requirements.txt`
WARNING : is configured to use 2.28.2. Consider either installing
WARNING : CLI version 2.28.2 or running `pretext update`
WARNING : to update `requirements.txt` and other managed files to match 2.29.2.
INFO    : Building target web
INFO    : XSL conversion of /Users/ajp/Dropbox/COD/Engineering 2223 - Microcontrollers/ENGIN-2223_yellow_book/source/main.ptx by /Users/ajp/.ptx/2.29.2/core/xsl/utilities/pretext-enhanced-source.xsl
INFO    : successful application of /Users/ajp/.ptx/2.29.2/core/xsl/utilities/pretext-enhanced-source.xsl
INFO    : Generating any needed assets.
INFO    : XSL conversion of /Users/ajp/Dropbox/COD/Engineering 2223 - Microcontrollers/ENGIN-2223_yellow_book/source/main.ptx by /Users/ajp/.ptx/2.29.2/core/xsl/utilities/pretext-enhanced-source.xsl
INFO    : successful application of /Users/ajp/.ptx/2.29.2/core/xsl/utilities/pretext-enhanced-source.xsl
INFO    : XSL conversion of /Users/ajp/Dropbox/COD/Engineering 2223 - Microcontrollers/ENGIN-2223_yellow_book/source/main.ptx by /Users/ajp/.ptx/2.29.2/core/xsl/utilities/pretext-enhanced-source.xsl
INFO    : successful application of /Users/ajp/.ptx/2.29.2/core/xsl/utilities/pretext-enhanced-source.xsl
INFO    : XSL conversion of /Users/ajp/Dropbox/COD/Engineering 2223 - Microcontrollers/ENGIN-2223_yellow_book/source/main.ptx by /Users/ajp/.ptx/2.29.2/core/xsl/utilities/pretext-enhanced-source.xsl
INFO    : successful application of /Users/ajp/.ptx/2.29.2/core/xsl/utilities/pretext-enhanced-source.xsl
INFO    : XSL conversion of /Users/ajp/Dropbox/COD/Engineering 2223 - Microcontrollers/ENGIN-2223_yellow_book/source/main.ptx by /Users/ajp/.ptx/2.29.2/core/xsl/utilities/pretext-enhanced-source.xsl
INFO    : successful application of /Users/ajp/.ptx/2.29.2/core/xsl/utilities/pretext-enhanced-source.xsl
INFO    : XSL conversion of /Users/ajp/Dropbox/COD/Engineering 2223 - Microcontrollers/ENGIN-2223_yellow_book/source/main.ptx by /Users/ajp/.ptx/2.29.2/core/xsl/utilities/pretext-enhanced-source.xsl
INFO    : successful application of /Users/ajp/.ptx/2.29.2/core/xsl/utilities/pretext-enhanced-source.xsl
INFO    : XSL conversion of /Users/ajp/Dropbox/COD/Engineering 2223 - Microcontrollers/ENGIN-2223_yellow_book/source/main.ptx by /Users/ajp/.ptx/2.29.2/core/xsl/utilities/pretext-enhanced-source.xsl
INFO    : successful application of /Users/ajp/.ptx/2.29.2/core/xsl/utilities/pretext-enhanced-source.xsl
INFO    : XSL conversion of /Users/ajp/Dropbox/COD/Engineering 2223 - Microcontrollers/ENGIN-2223_yellow_book/source/main.ptx by /Users/ajp/.ptx/2.29.2/core/xsl/utilities/pretext-enhanced-source.xsl
INFO    : successful application of /Users/ajp/.ptx/2.29.2/core/xsl/utilities/pretext-enhanced-source.xsl
INFO    : XSL conversion of /Users/ajp/Dropbox/COD/Engineering 2223 - Microcontrollers/ENGIN-2223_yellow_book/source/main.ptx by /Users/ajp/.ptx/2.29.2/core/xsl/utilities/pretext-enhanced-source.xsl
INFO    : successful application of /Users/ajp/.ptx/2.29.2/core/xsl/utilities/pretext-enhanced-source.xsl
INFO    : XSL conversion of /Users/ajp/Dropbox/COD/Engineering 2223 - Microcontrollers/ENGIN-2223_yellow_book/source/main.ptx by /Users/ajp/.ptx/2.29.2/core/xsl/utilities/pretext-enhanced-source.xsl
INFO    : successful application of /Users/ajp/.ptx/2.29.2/core/xsl/utilities/pretext-enhanced-source.xsl
INFO    : XSL conversion of /Users/ajp/Dropbox/COD/Engineering 2223 - Microcontrollers/ENGIN-2223_yellow_book/source/main.ptx by /Users/ajp/.ptx/2.29.2/core/xsl/utilities/pretext-enhanced-source.xsl
INFO    : successful application of /Users/ajp/.ptx/2.29.2/core/xsl/utilities/pretext-enhanced-source.xsl
INFO    : XSL conversion of /Users/ajp/Dropbox/COD/Engineering 2223 - Microcontrollers/ENGIN-2223_yellow_book/source/main.ptx by /Users/ajp/.ptx/2.29.2/core/xsl/utilities/pretext-enhanced-source.xsl
INFO    : successful application of /Users/ajp/.ptx/2.29.2/core/xsl/utilities/pretext-enhanced-source.xsl
INFO    : XSL conversion of /Users/ajp/Dropbox/COD/Engineering 2223 - Microcontrollers/ENGIN-2223_yellow_book/source/main.ptx by /Users/ajp/.ptx/2.29.2/core/xsl/utilities/pretext-enhanced-source.xsl
INFO    : successful application of /Users/ajp/.ptx/2.29.2/core/xsl/utilities/pretext-enhanced-source.xsl
INFO    : XSL conversion of /Users/ajp/Dropbox/COD/Engineering 2223 - Microcontrollers/ENGIN-2223_yellow_book/source/main.ptx by /Users/ajp/.ptx/2.29.2/core/xsl/utilities/pretext-enhanced-source.xsl
INFO    : successful application of /Users/ajp/.ptx/2.29.2/core/xsl/utilities/pretext-enhanced-source.xsl
INFO    : XSL conversion of /Users/ajp/Dropbox/COD/Engineering 2223 - Microcontrollers/ENGIN-2223_yellow_book/source/main.ptx by /Users/ajp/.ptx/2.29.2/core/xsl/utilities/pretext-enhanced-source.xsl
INFO    : successful application of /Users/ajp/.ptx/2.29.2/core/xsl/utilities/pretext-enhanced-source.xsl
INFO    : XSL conversion of /Users/ajp/Dropbox/COD/Engineering 2223 - Microcontrollers/ENGIN-2223_yellow_book/source/main.ptx by /Users/ajp/.ptx/2.29.2/core/xsl/utilities/pretext-enhanced-source.xsl
INFO    : successful application of /Users/ajp/.ptx/2.29.2/core/xsl/utilities/pretext-enhanced-source.xsl
INFO    : XSL conversion of /Users/ajp/Dropbox/COD/Engineering 2223 - Microcontrollers/ENGIN-2223_yellow_book/source/main.ptx by /Users/ajp/.ptx/2.29.2/core/xsl/utilities/pretext-enhanced-source.xsl
INFO    : successful application of /Users/ajp/.ptx/2.29.2/core/xsl/utilities/pretext-enhanced-source.xsl
INFO    : XSL conversion of /Users/ajp/Dropbox/COD/Engineering 2223 - Microcontrollers/ENGIN-2223_yellow_book/source/main.ptx by /Users/ajp/.ptx/2.29.2/core/xsl/utilities/pretext-enhanced-source.xsl
INFO    : successful application of /Users/ajp/.ptx/2.29.2/core/xsl/utilities/pretext-enhanced-source.xsl
INFO    : converting latex-image pictures from /Users/ajp/Dropbox/COD/Engineering 2223 - Microcontrollers/ENGIN-2223_yellow_book/source/main.ptx to svg graphics for placement in /Users/ajp/Dropbox/COD/Engineering 2223 - Microcontrollers/ENGIN-2223_yellow_book/generated-assets/latex-image
INFO    : extracting latex-image pictures from /Users/ajp/Dropbox/COD/Engineering 2223 - Microcontrollers/ENGIN-2223_yellow_book/source/main.ptx
INFO    : string parameters passed to extraction stylesheet: {'cli.version': '2.29', 'publisher': '/Users/ajp/Dropbox/COD/Engineering 2223 - Microcontrollers/ENGIN-2223_yellow_book/publication/publication.ptx'}
INFO    : discovering source file's directory name: /Users/ajp/Dropbox/COD/Engineering 2223 - Microcontrollers/ENGIN-2223_yellow_book/source
INFO    : verifying and expanding input directory: /Users/ajp/Dropbox/COD/Engineering 2223 - Microcontrollers/ENGIN-2223_yellow_book/source/../generated-assets
INFO    : input directory expanded to absolute path: /Users/ajp/Dropbox/COD/Engineering 2223 - Microcontrollers/ENGIN-2223_yellow_book/generated-assets
INFO    : verifying and expanding input directory: /Users/ajp/Dropbox/COD/Engineering 2223 - Microcontrollers/ENGIN-2223_yellow_book/source/../assets
INFO    : input directory expanded to absolute path: /Users/ajp/Dropbox/COD/Engineering 2223 - Microcontrollers/ENGIN-2223_yellow_book/assets
INFO    : discovering source file's directory name: /Users/ajp/Dropbox/COD/Engineering 2223 - Microcontrollers/ENGIN-2223_yellow_book/source
INFO    : XSL conversion of /Users/ajp/Dropbox/COD/Engineering 2223 - Microcontrollers/ENGIN-2223_yellow_book/source/main.ptx by /Users/ajp/.ptx/2.29.2/core/xsl/extract-latex-image.xsl
INFO    : messages from the log for XSL processing:
ERROR   : * PTX:ERROR: the @xml:id value "pcontrolblock" should be unique, but is authored multiple times.
INFO    : *            Results will be unpredictable, and likely incorrect.  Information on the locations follows:
INFO    : *              located within: "pcontrolblock" (xml:id)
INFO    : *              located within: "pcontrolblock" (xml:id)
INFO    : successful application of /Users/ajp/.ptx/2.29.2/core/xsl/extract-latex-image.xsl
INFO    : converting pcontrolblock.tex to pcontrolblock.pdf
INFO    : cropping pcontrolblock.pdf to cropped-pcontrolblock.pdf
INFO    : renaming cropped-pcontrolblock.pdf to pcontrolblock.pdf
INFO    : converting pcontrolblock.pdf to pcontrolblock.svg
INFO    : Removing temporary directory /var/folders/71/k29x_9652hd1cgj7kgcqdk400000gn/T/ptx-bjn71a40
INFO    : Finished generating assets.

INFO    : Preparing to build into /Users/ajp/Dropbox/COD/Engineering 2223 - Microcontrollers/ENGIN-2223_yellow_book/output/web.
INFO    : discovering source file's directory name: /Users/ajp/Dropbox/COD/Engineering 2223 - Microcontrollers/ENGIN-2223_yellow_book/source
INFO    : verifying and expanding input directory: /Users/ajp/Dropbox/COD/Engineering 2223 - Microcontrollers/ENGIN-2223_yellow_book/source/../generated-assets
INFO    : input directory expanded to absolute path: /Users/ajp/Dropbox/COD/Engineering 2223 - Microcontrollers/ENGIN-2223_yellow_book/generated-assets
INFO    : verifying and expanding input directory: /Users/ajp/Dropbox/COD/Engineering 2223 - Microcontrollers/ENGIN-2223_yellow_book/source/../assets
INFO    : input directory expanded to absolute path: /Users/ajp/Dropbox/COD/Engineering 2223 - Microcontrollers/ENGIN-2223_yellow_book/assets
INFO    : discovering source file's directory name: /Users/ajp/Dropbox/COD/Engineering 2223 - Microcontrollers/ENGIN-2223_yellow_book/source
INFO    : XSL conversion of /Users/ajp/Dropbox/COD/Engineering 2223 - Microcontrollers/ENGIN-2223_yellow_book/source/main.ptx by /Users/ajp/.ptx/2.29.2/core/xsl/utilities/report-publisher-variables.xsl
INFO    : successful application of /Users/ajp/.ptx/2.29.2/core/xsl/utilities/report-publisher-variables.xsl
INFO    : Downloading rs services file from https://runestone.academy/cdn/runestone/latest/webpack_static_imports.xml.
INFO    : Runestone Services via online CDN query: version 7.9.17
INFO    : Downloading Runestone Services, version 7.9.17
INFO    : Extracting Runestone Services from archive file
INFO    : Building custom css theme: theme-denver
INFO    : converting /Users/ajp/Dropbox/COD/Engineering 2223 - Microcontrollers/ENGIN-2223_yellow_book/source/main.ptx to HTML in /var/folders/71/k29x_9652hd1cgj7kgcqdk400000gn/T/ptx-wd76q4vc
INFO    : XSL conversion of /Users/ajp/Dropbox/COD/Engineering 2223 - Microcontrollers/ENGIN-2223_yellow_book/source/main.ptx by /Users/ajp/.ptx/2.29.2/core/xsl/pretext-html.xsl
INFO    : messages from the log for XSL processing:
ERROR   : * PTX:ERROR: the @xml:id value "pcontrolblock" should be unique, but is authored multiple times.
INFO    : *            Results will be unpredictable, and likely incorrect.  Information on the locations follows:
INFO    : *              located within: "pcontrolblock" (xml:id)
INFO    : *              located within: "pcontrolblock" (xml:id)
INFO    : * PTX:INFO:   checking all deprecated elements.
INFO    : successful application of /Users/ajp/.ptx/2.29.2/core/xsl/pretext-html.xsl
WARNING : Failed to map codechat path to xml id; codechat will not work.
INFO    : Removing temporary directory /var/folders/71/k29x_9652hd1cgj7kgcqdk400000gn/T/ptx-wd76q4vc
INFO    : Removing temporary directory /var/folders/71/k29x_9652hd1cgj7kgcqdk400000gn/T/ptx-vekakgz2
INFO    : 
Finished build for target web. Run `pretext view web` to see the results.

CRITICAL: There were errors during the build.  See above.
INFO    : ------------------------
CRITICAL: Failed to build without errors.  Exiting...
INFO    : 
----------------------------------------------------
INFO    : While running pretext, the following errors occurred:

INFO    : (see log messages above or in the 'logs' folder for more information)
INFO    : ----------------------------------------------------
