WARNING : Using CLI version 2.32.0 but project's `requirements.txt`
WARNING : is configured to use 2.30.2. Consider either installing
WARNING : CLI version 2.30.2 or running `pretext update`
WARNING : to update `requirements.txt` and other managed files to match 2.32.0.
INFO    : Building target web
INFO    : XSL conversion of /Users/lemontwist/Dropbox/COD/Engineering 2210 - Circuit Analysis 1/new-Textbook/source/main.ptx by /Users/lemontwist/.ptx/2.32.0/core/xsl/utilities/pretext-enhanced-source.xsl
INFO    : successful application of /Users/lemontwist/.ptx/2.32.0/core/xsl/utilities/pretext-enhanced-source.xsl
INFO    : Generating any needed assets.
INFO    : XSL conversion of /Users/lemontwist/Dropbox/COD/Engineering 2210 - Circuit Analysis 1/new-Textbook/source/main.ptx by /Users/lemontwist/.ptx/2.32.0/core/xsl/utilities/pretext-enhanced-source.xsl
INFO    : successful application of /Users/lemontwist/.ptx/2.32.0/core/xsl/utilities/pretext-enhanced-source.xsl
INFO    : XSL conversion of /Users/lemontwist/Dropbox/COD/Engineering 2210 - Circuit Analysis 1/new-Textbook/source/main.ptx by /Users/lemontwist/.ptx/2.32.0/core/xsl/utilities/pretext-enhanced-source.xsl
INFO    : successful application of /Users/lemontwist/.ptx/2.32.0/core/xsl/utilities/pretext-enhanced-source.xsl
INFO    : XSL conversion of /Users/lemontwist/Dropbox/COD/Engineering 2210 - Circuit Analysis 1/new-Textbook/source/main.ptx by /Users/lemontwist/.ptx/2.32.0/core/xsl/utilities/pretext-enhanced-source.xsl
INFO    : successful application of /Users/lemontwist/.ptx/2.32.0/core/xsl/utilities/pretext-enhanced-source.xsl
INFO    : XSL conversion of /Users/lemontwist/Dropbox/COD/Engineering 2210 - Circuit Analysis 1/new-Textbook/source/main.ptx by /Users/lemontwist/.ptx/2.32.0/core/xsl/utilities/pretext-enhanced-source.xsl
INFO    : successful application of /Users/lemontwist/.ptx/2.32.0/core/xsl/utilities/pretext-enhanced-source.xsl
INFO    : XSL conversion of /Users/lemontwist/Dropbox/COD/Engineering 2210 - Circuit Analysis 1/new-Textbook/source/main.ptx by /Users/lemontwist/.ptx/2.32.0/core/xsl/utilities/pretext-enhanced-source.xsl
INFO    : successful application of /Users/lemontwist/.ptx/2.32.0/core/xsl/utilities/pretext-enhanced-source.xsl
INFO    : XSL conversion of /Users/lemontwist/Dropbox/COD/Engineering 2210 - Circuit Analysis 1/new-Textbook/source/main.ptx by /Users/lemontwist/.ptx/2.32.0/core/xsl/utilities/pretext-enhanced-source.xsl
INFO    : successful application of /Users/lemontwist/.ptx/2.32.0/core/xsl/utilities/pretext-enhanced-source.xsl
INFO    : XSL conversion of /Users/lemontwist/Dropbox/COD/Engineering 2210 - Circuit Analysis 1/new-Textbook/source/main.ptx by /Users/lemontwist/.ptx/2.32.0/core/xsl/utilities/pretext-enhanced-source.xsl
INFO    : successful application of /Users/lemontwist/.ptx/2.32.0/core/xsl/utilities/pretext-enhanced-source.xsl
INFO    : XSL conversion of /Users/lemontwist/Dropbox/COD/Engineering 2210 - Circuit Analysis 1/new-Textbook/source/main.ptx by /Users/lemontwist/.ptx/2.32.0/core/xsl/utilities/pretext-enhanced-source.xsl
INFO    : successful application of /Users/lemontwist/.ptx/2.32.0/core/xsl/utilities/pretext-enhanced-source.xsl
INFO    : XSL conversion of /Users/lemontwist/Dropbox/COD/Engineering 2210 - Circuit Analysis 1/new-Textbook/source/main.ptx by /Users/lemontwist/.ptx/2.32.0/core/xsl/utilities/pretext-enhanced-source.xsl
INFO    : successful application of /Users/lemontwist/.ptx/2.32.0/core/xsl/utilities/pretext-enhanced-source.xsl
INFO    : XSL conversion of /Users/lemontwist/Dropbox/COD/Engineering 2210 - Circuit Analysis 1/new-Textbook/source/main.ptx by /Users/lemontwist/.ptx/2.32.0/core/xsl/utilities/pretext-enhanced-source.xsl
INFO    : successful application of /Users/lemontwist/.ptx/2.32.0/core/xsl/utilities/pretext-enhanced-source.xsl
INFO    : XSL conversion of /Users/lemontwist/Dropbox/COD/Engineering 2210 - Circuit Analysis 1/new-Textbook/source/main.ptx by /Users/lemontwist/.ptx/2.32.0/core/xsl/utilities/pretext-enhanced-source.xsl
INFO    : successful application of /Users/lemontwist/.ptx/2.32.0/core/xsl/utilities/pretext-enhanced-source.xsl
INFO    : XSL conversion of /Users/lemontwist/Dropbox/COD/Engineering 2210 - Circuit Analysis 1/new-Textbook/source/main.ptx by /Users/lemontwist/.ptx/2.32.0/core/xsl/utilities/pretext-enhanced-source.xsl
INFO    : successful application of /Users/lemontwist/.ptx/2.32.0/core/xsl/utilities/pretext-enhanced-source.xsl
INFO    : XSL conversion of /Users/lemontwist/Dropbox/COD/Engineering 2210 - Circuit Analysis 1/new-Textbook/source/main.ptx by /Users/lemontwist/.ptx/2.32.0/core/xsl/utilities/pretext-enhanced-source.xsl
INFO    : successful application of /Users/lemontwist/.ptx/2.32.0/core/xsl/utilities/pretext-enhanced-source.xsl
INFO    : XSL conversion of /Users/lemontwist/Dropbox/COD/Engineering 2210 - Circuit Analysis 1/new-Textbook/source/main.ptx by /Users/lemontwist/.ptx/2.32.0/core/xsl/utilities/pretext-enhanced-source.xsl
INFO    : successful application of /Users/lemontwist/.ptx/2.32.0/core/xsl/utilities/pretext-enhanced-source.xsl
INFO    : XSL conversion of /Users/lemontwist/Dropbox/COD/Engineering 2210 - Circuit Analysis 1/new-Textbook/source/main.ptx by /Users/lemontwist/.ptx/2.32.0/core/xsl/utilities/pretext-enhanced-source.xsl
INFO    : successful application of /Users/lemontwist/.ptx/2.32.0/core/xsl/utilities/pretext-enhanced-source.xsl
INFO    : XSL conversion of /Users/lemontwist/Dropbox/COD/Engineering 2210 - Circuit Analysis 1/new-Textbook/source/main.ptx by /Users/lemontwist/.ptx/2.32.0/core/xsl/utilities/pretext-enhanced-source.xsl
INFO    : successful application of /Users/lemontwist/.ptx/2.32.0/core/xsl/utilities/pretext-enhanced-source.xsl
INFO    : XSL conversion of /Users/lemontwist/Dropbox/COD/Engineering 2210 - Circuit Analysis 1/new-Textbook/source/main.ptx by /Users/lemontwist/.ptx/2.32.0/core/xsl/utilities/pretext-enhanced-source.xsl
INFO    : successful application of /Users/lemontwist/.ptx/2.32.0/core/xsl/utilities/pretext-enhanced-source.xsl
INFO    : converting latex-image pictures from /Users/lemontwist/Dropbox/COD/Engineering 2210 - Circuit Analysis 1/new-Textbook/source/main.ptx to svg graphics for placement in /Users/lemontwist/Dropbox/COD/Engineering 2210 - Circuit Analysis 1/new-Textbook/generated-assets/latex-image
INFO    : extracting latex-image pictures from /Users/lemontwist/Dropbox/COD/Engineering 2210 - Circuit Analysis 1/new-Textbook/source/main.ptx
INFO    : string parameters passed to extraction stylesheet: {'cli.version': '2.32', 'publisher': '/Users/lemontwist/Dropbox/COD/Engineering 2210 - Circuit Analysis 1/new-Textbook/publication/publication.ptx'}
INFO    : discovering source file's directory name: /Users/lemontwist/Dropbox/COD/Engineering 2210 - Circuit Analysis 1/new-Textbook/source
INFO    : verifying and expanding input directory: /Users/lemontwist/Dropbox/COD/Engineering 2210 - Circuit Analysis 1/new-Textbook/source/../generated-assets
INFO    : input directory expanded to absolute path: /Users/lemontwist/Dropbox/COD/Engineering 2210 - Circuit Analysis 1/new-Textbook/generated-assets
INFO    : verifying and expanding input directory: /Users/lemontwist/Dropbox/COD/Engineering 2210 - Circuit Analysis 1/new-Textbook/source/../assets
INFO    : input directory expanded to absolute path: /Users/lemontwist/Dropbox/COD/Engineering 2210 - Circuit Analysis 1/new-Textbook/assets
INFO    : discovering source file's directory name: /Users/lemontwist/Dropbox/COD/Engineering 2210 - Circuit Analysis 1/new-Textbook/source
INFO    : XSL conversion of /Users/lemontwist/Dropbox/COD/Engineering 2210 - Circuit Analysis 1/new-Textbook/source/main.ptx by /Users/lemontwist/.ptx/2.32.0/core/xsl/extract-latex-image.xsl
INFO    : successful application of /Users/lemontwist/.ptx/2.32.0/core/xsl/extract-latex-image.xsl
INFO    : converting ch2-circuit24figans1.tex to ch2-circuit24figans1.pdf
INFO    : cropping ch2-circuit24figans1.pdf to cropped-ch2-circuit24figans1.pdf
INFO    : renaming cropped-ch2-circuit24figans1.pdf to ch2-circuit24figans1.pdf
INFO    : converting ch2-circuit24figans1.pdf to ch2-circuit24figans1.svg
INFO    : converting ch2-circuit24figans2.tex to ch2-circuit24figans2.pdf
INFO    : cropping ch2-circuit24figans2.pdf to cropped-ch2-circuit24figans2.pdf
INFO    : renaming cropped-ch2-circuit24figans2.pdf to ch2-circuit24figans2.pdf
INFO    : converting ch2-circuit24figans2.pdf to ch2-circuit24figans2.svg
INFO    : Removing temporary directory /var/folders/t_/66zwzfs16k57nbkjclfhjpj40000gn/T/ptx-9b3_18a1
INFO    : Finished generating assets.

INFO    : Preparing to build into /Users/lemontwist/Dropbox/COD/Engineering 2210 - Circuit Analysis 1/new-Textbook/output/web.
INFO    : discovering source file's directory name: /Users/lemontwist/Dropbox/COD/Engineering 2210 - Circuit Analysis 1/new-Textbook/source
INFO    : verifying and expanding input directory: /Users/lemontwist/Dropbox/COD/Engineering 2210 - Circuit Analysis 1/new-Textbook/source/../generated-assets
INFO    : input directory expanded to absolute path: /Users/lemontwist/Dropbox/COD/Engineering 2210 - Circuit Analysis 1/new-Textbook/generated-assets
INFO    : verifying and expanding input directory: /Users/lemontwist/Dropbox/COD/Engineering 2210 - Circuit Analysis 1/new-Textbook/source/../assets
INFO    : input directory expanded to absolute path: /Users/lemontwist/Dropbox/COD/Engineering 2210 - Circuit Analysis 1/new-Textbook/assets
INFO    : discovering source file's directory name: /Users/lemontwist/Dropbox/COD/Engineering 2210 - Circuit Analysis 1/new-Textbook/source
INFO    : XSL conversion of /Users/lemontwist/Dropbox/COD/Engineering 2210 - Circuit Analysis 1/new-Textbook/source/main.ptx by /Users/lemontwist/.ptx/2.32.0/core/xsl/utilities/report-publisher-variables.xsl
INFO    : successful application of /Users/lemontwist/.ptx/2.32.0/core/xsl/utilities/report-publisher-variables.xsl
INFO    : Downloading rs services file from https://runestone.academy/cdn/runestone/latest/webpack_static_imports.xml.
INFO    : Runestone Services via online CDN query: version 7.11.0
INFO    : Downloading Runestone Services, version 7.11.0
INFO    : Extracting Runestone Services from archive file
INFO    : Building custom css theme: theme-denver
INFO    : converting /Users/lemontwist/Dropbox/COD/Engineering 2210 - Circuit Analysis 1/new-Textbook/source/main.ptx to HTML in /var/folders/t_/66zwzfs16k57nbkjclfhjpj40000gn/T/ptx-6ydepses
INFO    : XSL conversion of /Users/lemontwist/Dropbox/COD/Engineering 2210 - Circuit Analysis 1/new-Textbook/source/main.ptx by /Users/lemontwist/.ptx/2.32.0/core/xsl/pretext-html.xsl
INFO    : messages from the log for XSL processing:
INFO    : * PTX:INFO:   checking all deprecated elements.
INFO    : successful application of /Users/lemontwist/.ptx/2.32.0/core/xsl/pretext-html.xsl
INFO    : Removing temporary directory /var/folders/t_/66zwzfs16k57nbkjclfhjpj40000gn/T/ptx-6ydepses
INFO    : Removing temporary directory /var/folders/t_/66zwzfs16k57nbkjclfhjpj40000gn/T/ptx-00xls8_3
INFO    : 
Finished build for target web. Run `pretext view web` to see the results.

INFO    : 
Success!  Built requested target(s) without errors.

INFO    : 
