INFO    : Building target web
INFO    : XSL conversion of /Users/ajp/Dropbox/COD/Engineering 2223 - Microcontrollers/ENGIN-2223_yellow_book/source/main.ptx by /Users/ajp/.ptx/2.29.2/core/xsl/utilities/pretext-enhanced-source.xsl
INFO    : successful application of /Users/ajp/.ptx/2.29.2/core/xsl/utilities/pretext-enhanced-source.xsl
INFO    : Generating any needed assets.
INFO    : XSL conversion of /Users/ajp/Dropbox/COD/Engineering 2223 - Microcontrollers/ENGIN-2223_yellow_book/source/main.ptx by /Users/ajp/.ptx/2.29.2/core/xsl/utilities/pretext-enhanced-source.xsl
INFO    : successful application of /Users/ajp/.ptx/2.29.2/core/xsl/utilities/pretext-enhanced-source.xsl
INFO    : XSL conversion of /Users/ajp/Dropbox/COD/Engineering 2223 - Microcontrollers/ENGIN-2223_yellow_book/source/main.ptx by /Users/ajp/.ptx/2.29.2/core/xsl/utilities/pretext-enhanced-source.xsl
INFO    : successful application of /Users/ajp/.ptx/2.29.2/core/xsl/utilities/pretext-enhanced-source.xsl
INFO    : XSL conversion of /Users/ajp/Dropbox/COD/Engineering 2223 - Microcontrollers/ENGIN-2223_yellow_book/source/main.ptx by /Users/ajp/.ptx/2.29.2/core/xsl/utilities/pretext-enhanced-source.xsl
INFO    : successful application of /Users/ajp/.ptx/2.29.2/core/xsl/utilities/pretext-enhanced-source.xsl
INFO    : XSL conversion of /Users/ajp/Dropbox/COD/Engineering 2223 - Microcontrollers/ENGIN-2223_yellow_book/source/main.ptx by /Users/ajp/.ptx/2.29.2/core/xsl/utilities/pretext-enhanced-source.xsl
INFO    : successful application of /Users/ajp/.ptx/2.29.2/core/xsl/utilities/pretext-enhanced-source.xsl
INFO    : XSL conversion of /Users/ajp/Dropbox/COD/Engineering 2223 - Microcontrollers/ENGIN-2223_yellow_book/source/main.ptx by /Users/ajp/.ptx/2.29.2/core/xsl/utilities/pretext-enhanced-source.xsl
INFO    : successful application of /Users/ajp/.ptx/2.29.2/core/xsl/utilities/pretext-enhanced-source.xsl
INFO    : XSL conversion of /Users/ajp/Dropbox/COD/Engineering 2223 - Microcontrollers/ENGIN-2223_yellow_book/source/main.ptx by /Users/ajp/.ptx/2.29.2/core/xsl/utilities/pretext-enhanced-source.xsl
INFO    : successful application of /Users/ajp/.ptx/2.29.2/core/xsl/utilities/pretext-enhanced-source.xsl
INFO    : XSL conversion of /Users/ajp/Dropbox/COD/Engineering 2223 - Microcontrollers/ENGIN-2223_yellow_book/source/main.ptx by /Users/ajp/.ptx/2.29.2/core/xsl/utilities/pretext-enhanced-source.xsl
INFO    : successful application of /Users/ajp/.ptx/2.29.2/core/xsl/utilities/pretext-enhanced-source.xsl
INFO    : XSL conversion of /Users/ajp/Dropbox/COD/Engineering 2223 - Microcontrollers/ENGIN-2223_yellow_book/source/main.ptx by /Users/ajp/.ptx/2.29.2/core/xsl/utilities/pretext-enhanced-source.xsl
INFO    : successful application of /Users/ajp/.ptx/2.29.2/core/xsl/utilities/pretext-enhanced-source.xsl
INFO    : XSL conversion of /Users/ajp/Dropbox/COD/Engineering 2223 - Microcontrollers/ENGIN-2223_yellow_book/source/main.ptx by /Users/ajp/.ptx/2.29.2/core/xsl/utilities/pretext-enhanced-source.xsl
INFO    : successful application of /Users/ajp/.ptx/2.29.2/core/xsl/utilities/pretext-enhanced-source.xsl
INFO    : XSL conversion of /Users/ajp/Dropbox/COD/Engineering 2223 - Microcontrollers/ENGIN-2223_yellow_book/source/main.ptx by /Users/ajp/.ptx/2.29.2/core/xsl/utilities/pretext-enhanced-source.xsl
INFO    : successful application of /Users/ajp/.ptx/2.29.2/core/xsl/utilities/pretext-enhanced-source.xsl
INFO    : XSL conversion of /Users/ajp/Dropbox/COD/Engineering 2223 - Microcontrollers/ENGIN-2223_yellow_book/source/main.ptx by /Users/ajp/.ptx/2.29.2/core/xsl/utilities/pretext-enhanced-source.xsl
INFO    : successful application of /Users/ajp/.ptx/2.29.2/core/xsl/utilities/pretext-enhanced-source.xsl
INFO    : XSL conversion of /Users/ajp/Dropbox/COD/Engineering 2223 - Microcontrollers/ENGIN-2223_yellow_book/source/main.ptx by /Users/ajp/.ptx/2.29.2/core/xsl/utilities/pretext-enhanced-source.xsl
INFO    : successful application of /Users/ajp/.ptx/2.29.2/core/xsl/utilities/pretext-enhanced-source.xsl
INFO    : XSL conversion of /Users/ajp/Dropbox/COD/Engineering 2223 - Microcontrollers/ENGIN-2223_yellow_book/source/main.ptx by /Users/ajp/.ptx/2.29.2/core/xsl/utilities/pretext-enhanced-source.xsl
INFO    : successful application of /Users/ajp/.ptx/2.29.2/core/xsl/utilities/pretext-enhanced-source.xsl
INFO    : XSL conversion of /Users/ajp/Dropbox/COD/Engineering 2223 - Microcontrollers/ENGIN-2223_yellow_book/source/main.ptx by /Users/ajp/.ptx/2.29.2/core/xsl/utilities/pretext-enhanced-source.xsl
INFO    : successful application of /Users/ajp/.ptx/2.29.2/core/xsl/utilities/pretext-enhanced-source.xsl
INFO    : XSL conversion of /Users/ajp/Dropbox/COD/Engineering 2223 - Microcontrollers/ENGIN-2223_yellow_book/source/main.ptx by /Users/ajp/.ptx/2.29.2/core/xsl/utilities/pretext-enhanced-source.xsl
INFO    : successful application of /Users/ajp/.ptx/2.29.2/core/xsl/utilities/pretext-enhanced-source.xsl
INFO    : XSL conversion of /Users/ajp/Dropbox/COD/Engineering 2223 - Microcontrollers/ENGIN-2223_yellow_book/source/main.ptx by /Users/ajp/.ptx/2.29.2/core/xsl/utilities/pretext-enhanced-source.xsl
INFO    : successful application of /Users/ajp/.ptx/2.29.2/core/xsl/utilities/pretext-enhanced-source.xsl
INFO    : XSL conversion of /Users/ajp/Dropbox/COD/Engineering 2223 - Microcontrollers/ENGIN-2223_yellow_book/source/main.ptx by /Users/ajp/.ptx/2.29.2/core/xsl/utilities/pretext-enhanced-source.xsl
INFO    : successful application of /Users/ajp/.ptx/2.29.2/core/xsl/utilities/pretext-enhanced-source.xsl
INFO    : Finished generating assets.

INFO    : Preparing to build into /Users/ajp/Dropbox/COD/Engineering 2223 - Microcontrollers/ENGIN-2223_yellow_book/output/web.
INFO    : discovering source file's directory name: /Users/ajp/Dropbox/COD/Engineering 2223 - Microcontrollers/ENGIN-2223_yellow_book/source
INFO    : verifying and expanding input directory: /Users/ajp/Dropbox/COD/Engineering 2223 - Microcontrollers/ENGIN-2223_yellow_book/source/../generated-assets
INFO    : input directory expanded to absolute path: /Users/ajp/Dropbox/COD/Engineering 2223 - Microcontrollers/ENGIN-2223_yellow_book/generated-assets
INFO    : verifying and expanding input directory: /Users/ajp/Dropbox/COD/Engineering 2223 - Microcontrollers/ENGIN-2223_yellow_book/source/../assets
INFO    : input directory expanded to absolute path: /Users/ajp/Dropbox/COD/Engineering 2223 - Microcontrollers/ENGIN-2223_yellow_book/assets
INFO    : discovering source file's directory name: /Users/ajp/Dropbox/COD/Engineering 2223 - Microcontrollers/ENGIN-2223_yellow_book/source
INFO    : XSL conversion of /Users/ajp/Dropbox/COD/Engineering 2223 - Microcontrollers/ENGIN-2223_yellow_book/source/main.ptx by /Users/ajp/.ptx/2.29.2/core/xsl/utilities/report-publisher-variables.xsl
INFO    : successful application of /Users/ajp/.ptx/2.29.2/core/xsl/utilities/report-publisher-variables.xsl
INFO    : Downloading rs services file from https://runestone.academy/cdn/runestone/latest/webpack_static_imports.xml.
INFO    : Runestone Services via online CDN query: version 7.9.18
INFO    : Downloading Runestone Services, version 7.9.18
INFO    : Extracting Runestone Services from archive file
INFO    : Building custom css theme: theme-denver
INFO    : converting /Users/ajp/Dropbox/COD/Engineering 2223 - Microcontrollers/ENGIN-2223_yellow_book/source/main.ptx to HTML in /var/folders/71/k29x_9652hd1cgj7kgcqdk400000gn/T/ptx-nob9nab7
INFO    : XSL conversion of /Users/ajp/Dropbox/COD/Engineering 2223 - Microcontrollers/ENGIN-2223_yellow_book/source/main.ptx by /Users/ajp/.ptx/2.29.2/core/xsl/pretext-html.xsl
INFO    : messages from the log for XSL processing:
ERROR   : * PTX:ERROR: the @xml:id value "adcsingleended" should be unique, but is authored multiple times.
INFO    : *            Results will be unpredictable, and likely incorrect.  Information on the locations follows:
INFO    : *              located within: "adcsingleended" (xml:id), "AVR126: ADC of megaAVR in Single-Ended Mode." (title)
INFO    : *              located within: "adcsingleended" (xml:id), "AVR126: ADC of megaAVR in Single-Ended Mode." (title)
ERROR   : * PTX:ERROR: the @xml:id value "atmega328pdatasheet" should be unique, but is authored multiple times.
INFO    : *            Results will be unpredictable, and likely incorrect.  Information on the locations follows:
INFO    : *              located within: "atmega328pdatasheet" (xml:id), "ATmega328P Datasheet." (title)
INFO    : *              located within: "atmega328pdatasheet" (xml:id), "ATmega328P Datasheet." (title)
ERROR   : * PTX:ERROR: the @xml:id value "atmelasynchronousclock" should be unique, but is authored multiple times.
INFO    : *            Results will be unpredictable, and likely incorrect.  Information on the locations follows:
INFO    : *              located within: "atmelasynchronousclock" (xml:id), "AVR134: Real Time Clock (RTC) Using the Asynchronous Timer." (title)
INFO    : *              located within: "atmelasynchronousclock" (xml:id), "AVR134: Real Time Clock (RTC) Using the Asynchronous Timer." (title)
ERROR   : * PTX:ERROR: the @xml:id value "atmelbcdarithmetic" should be unique, but is authored multiple times.
INFO    : *            Results will be unpredictable, and likely incorrect.  Information on the locations follows:
INFO    : *              located within: "atmelbcdarithmetic" (xml:id), "AVR204: BCD Arithmetics." (title)
INFO    : *              located within: "atmelbcdarithmetic" (xml:id), "AVR204: BCD Arithmetics." (title)
ERROR   : * PTX:ERROR: the @xml:id value "atmelsetuptimers" should be unique, but is authored multiple times.
INFO    : *            Results will be unpredictable, and likely incorrect.  Information on the locations follows:
INFO    : *              located within: "atmelsetuptimers" (xml:id), "AVR130: Setup and Use of AVR Timers." (title)
INFO    : *              located within: "atmelsetuptimers" (xml:id), "AVR130: Setup and Use of AVR Timers." (title)
ERROR   : * PTX:ERROR: the @xml:id value "atmelspi" should be unique, but is authored multiple times.
INFO    : *            Results will be unpredictable, and likely incorrect.  Information on the locations follows:
INFO    : *              located within: "atmelspi" (xml:id), "AVR151: Setup and Use of the SPI." (title)
INFO    : *              located within: "atmelspi" (xml:id), "AVR151: Setup and Use of the SPI." (title)
ERROR   : * PTX:ERROR: the @xml:id value "atmelusart" should be unique, but is authored multiple times.
INFO    : *            Results will be unpredictable, and likely incorrect.  Information on the locations follows:
INFO    : *              located within: "atmelusart" (xml:id), "AVR306: Using the AVR USART on tinyAVR and megaAVR devices." (title)
INFO    : *              located within: "atmelusart" (xml:id), "AVR306: Using the AVR USART on tinyAVR and megaAVR devices." (title)
ERROR   : * PTX:ERROR: the @xml:id value "atmelwdt" should be unique, but is authored multiple times.
INFO    : *            Results will be unpredictable, and likely incorrect.  Information on the locations follows:
INFO    : *              located within: "atmelwdt" (xml:id), "AVR132: Using the Enhanced Watchdog Timer." (title)
INFO    : *              located within: "atmelwdt" (xml:id), "AVR132: Using the Enhanced Watchdog Timer." (title)
ERROR   : * PTX:ERROR: the @xml:id value "avrinstructionset" should be unique, but is authored multiple times.
INFO    : *            Results will be unpredictable, and likely incorrect.  Information on the locations follows:
INFO    : *              located within: "avrinstructionset" (xml:id), "AVR Instruction Set Manual." (title)
INFO    : *              located within: "avrinstructionset" (xml:id), "AVR Instruction Set Manual." (title)
ERROR   : * PTX:ERROR: the @xml:id value "avrmcuhardwaredesign" should be unique, but is authored multiple times.
INFO    : *            Results will be unpredictable, and likely incorrect.  Information on the locations follows:
INFO    : *              located within: "avrmcuhardwaredesign" (xml:id), "AVR Microcontroller Hardware Design Considerations." (title)
INFO    : *              located within: "avrmcuhardwaredesign" (xml:id), "AVR Microcontroller Hardware Design Considerations." (title)
ERROR   : * PTX:ERROR: the @xml:id value "barrett2008" should be unique, but is authored multiple times.
INFO    : *            Results will be unpredictable, and likely incorrect.  Information on the locations follows:
INFO    : *              located within: "barrett2008" (xml:id), "Atmel AVR Microcontroller Primer: Programming and Interfacing." (title)
INFO    : *              located within: "barrett2008" (xml:id), "Atmel AVR Microcontroller Primer: Programming and Interfacing." (title)
ERROR   : * PTX:ERROR: the @xml:id value "buracist" should be unique, but is authored multiple times.
INFO    : *            Results will be unpredictable, and likely incorrect.  Information on the locations follows:
INFO    : *              located within: "buracist" (xml:id), "Striking Out Racist Terminology in Engineering." (title)
INFO    : *              located within: "buracist" (xml:id), "Striking Out Racist Terminology in Engineering." (title)
ERROR   : * PTX:ERROR: the @xml:id value "huang2014" should be unique, but is authored multiple times.
INFO    : *            Results will be unpredictable, and likely incorrect.  Information on the locations follows:
INFO    : *              located within: "huang2014" (xml:id), "The Atmel AVR Microcontroller: Mega and XMega in Assembly and C." (title)
INFO    : *              located within: "huang2014" (xml:id), "The Atmel AVR Microcontroller: Mega and XMega in Assembly and C." (title)
ERROR   : * PTX:ERROR: the @xml:id value "kester2005" should be unique, but is authored multiple times.
INFO    : *            Results will be unpredictable, and likely incorrect.  Information on the locations follows:
INFO    : *              located within: "kester2005" (xml:id), "Which ADC Architecture Is Right for Your Application?" (title)
INFO    : *              located within: "kester2005" (xml:id), "Which ADC Architecture Is Right for Your Application?" (title)
ERROR   : * PTX:ERROR: the @xml:id value "kugelstadtspi" should be unique, but is authored multiple times.
INFO    : *            Results will be unpredictable, and likely incorrect.  Information on the locations follows:
INFO    : *              located within: "kugelstadtspi" (xml:id), "Extending the SPI bus for long-distance communication." (title)
INFO    : *              located within: "kugelstadtspi" (xml:id), "Extending the SPI bus for long-distance communication." (title)
ERROR   : * PTX:ERROR: the @xml:id value "maxim2001saradcs" should be unique, but is authored multiple times.
INFO    : *            Results will be unpredictable, and likely incorrect.  Information on the locations follows:
INFO    : *              located within: "maxim2001saradcs" (xml:id), "Understanding SAR ADCs: Their Architecture and Comparison with Other ADCs." (title)
INFO    : *              located within: "maxim2001saradcs" (xml:id), "Understanding SAR ADCs: Their Architecture and Comparison with Other ADCs." (title)
ERROR   : * PTX:ERROR: the @xml:id value "mazidi2015" should be unique, but is authored multiple times.
INFO    : *            Results will be unpredictable, and likely incorrect.  Information on the locations follows:
INFO    : *              located within: "mazidi2015" (xml:id), "AVR Microcontroller and Embedded Systems: Using Assembly and C." (title)
INFO    : *              located within: "mazidi2015" (xml:id), "AVR Microcontroller and Embedded Systems: Using Assembly and C." (title)
ERROR   : * PTX:ERROR: the @xml:id value "measurevccbattery" should be unique, but is authored multiple times.
INFO    : *            Results will be unpredictable, and likely incorrect.  Information on the locations follows:
INFO    : *              located within: "measurevccbattery" (xml:id), "Measure VCC/Battery Voltage Without Using I/O Pin on tinyAVR and megaAVR." (title)
INFO    : *              located within: "measurevccbattery" (xml:id), "Measure VCC/Battery Voltage Without Using I/O Pin on tinyAVR and megaAVR." (title)
ERROR   : * PTX:ERROR: the @xml:id value "microchip2019" should be unique, but is authored multiple times.
INFO    : *            Results will be unpredictable, and likely incorrect.  Information on the locations follows:
INFO    : *              located within: "microchip2019" (xml:id), "Differential and Single-Ended ADC." (title)
INFO    : *              located within: "microchip2019" (xml:id), "Differential and Single-Ended ADC." (title)
ERROR   : * PTX:ERROR: the @xml:id value "microlabmanual" should be unique, but is authored multiple times.
INFO    : *            Results will be unpredictable, and likely incorrect.  Information on the locations follows:
INFO    : *              located within: "microlabmanual" (xml:id), "Microcontrollers Lab Manual." (title)
INFO    : *              located within: "microlabmanual" (xml:id), "Microcontrollers Lab Manual." (title)
ERROR   : * PTX:ERROR: the @xml:id value "mythofharvardarchitecture" should be unique, but is authored multiple times.
INFO    : *            Results will be unpredictable, and likely incorrect.  Information on the locations follows:
INFO    : *              located within: "mythofharvardarchitecture" (xml:id), "The Myth of the Harvard Architecture." (title)
INFO    : *              located within: "mythofharvardarchitecture" (xml:id), "The Myth of the Harvard Architecture." (title)
ERROR   : * PTX:ERROR: the @xml:id value "pasquale-circuits" should be unique, but is authored multiple times.
INFO    : *            Results will be unpredictable, and likely incorrect.  Information on the locations follows:
INFO    : *              located within: "pasquale-circuits" (xml:id), "Circuit Analysis." (title)
INFO    : *              located within: "pasquale-circuits" (xml:id), "Circuit Analysis." (title)
ERROR   : * PTX:ERROR: the @xml:id value "pasquale-digital" should be unique, but is authored multiple times.
INFO    : *            Results will be unpredictable, and likely incorrect.  Information on the locations follows:
INFO    : *              located within: "pasquale-digital" (xml:id), "Digital Systems." (title)
INFO    : *              located within: "pasquale-digital" (xml:id), "Digital Systems." (title)
ERROR   : * PTX:ERROR: the @xml:id value "pasquale-digitalclock" should be unique, but is authored multiple times.
INFO    : *            Results will be unpredictable, and likely incorrect.  Information on the locations follows:
INFO    : *              located within: "pasquale-digitalclock" (xml:id), "Generating digital clock signals." (title)
INFO    : *              located within: "pasquale-digitalclock" (xml:id), "Generating digital clock signals." (title)
ERROR   : * PTX:ERROR: the @xml:id value "refs-references" should be unique, but is authored multiple times.
INFO    : *            Results will be unpredictable, and likely incorrect.  Information on the locations follows:
INFO    : *              located within: "refs-references" (xml:id), "Bibliography and References" (title)
INFO    : *              located within: "refs-references" (xml:id)
ERROR   : * PTX:ERROR: the @xml:id value "riscchips" should be unique, but is authored multiple times.
INFO    : *            Results will be unpredictable, and likely incorrect.  Information on the locations follows:
INFO    : *              located within: "riscchips" (xml:id), "RISC Chips." (title)
INFO    : *              located within: "riscchips" (xml:id), "RISC Chips." (title)
ERROR   : * PTX:ERROR: the @xml:id value "russell2010" should be unique, but is authored multiple times.
INFO    : *            Results will be unpredictable, and likely incorrect.  Information on the locations follows:
INFO    : *              located within: "russell2010" (xml:id), "Introduction to Embedded Systems." (title)
INFO    : *              located within: "russell2010" (xml:id), "Introduction to Embedded Systems." (title)
ERROR   : * PTX:BUG: asking if a non-traditional division (frontmatter) is structured or not
INFO    : * PTX:INFO:   checking all deprecated elements.
ERROR   : * PTX:BUG: asking if a non-traditional division (frontmatter) is structured or not
ERROR   : * PTX:BUG: asking if a non-traditional division (frontmatter) is structured or not
ERROR   : * PTX:BUG: asking if a non-traditional division (frontmatter) is structured or not
ERROR   : * PTX:BUG: asking if a non-traditional division (frontmatter) is structured or not
ERROR   : * PTX:BUG: asking if a non-traditional division (frontmatter) is structured or not
ERROR   : * PTX:BUG: asking if a non-traditional division (frontmatter) is structured or not
ERROR   : * PTX:BUG: asking if a non-traditional division (frontmatter) is structured or not
ERROR   : * PTX:BUG: asking if a non-traditional division (frontmatter) is structured or not
ERROR   : * PTX:BUG: asking if a non-traditional division (frontmatter) is structured or not
ERROR   : * PTX:BUG: asking if a non-traditional division (frontmatter) is structured or not
ERROR   : * PTX:BUG: asking if a non-traditional division (frontmatter) is structured or not
ERROR   : * PTX:BUG: asking if a non-traditional division (frontmatter) is structured or not
ERROR   : * PTX:BUG: asking if a non-traditional division (frontmatter) is structured or not
ERROR   : * PTX:BUG: asking if a non-traditional division (frontmatter) is structured or not
ERROR   : * PTX:BUG: asking if a non-traditional division (frontmatter) is structured or not
ERROR   : * PTX:BUG: asking if a non-traditional division (frontmatter) is structured or not
ERROR   : * PTX:BUG: asking if a non-traditional division (frontmatter) is structured or not
ERROR   : * PTX:BUG: asking if a non-traditional division (frontmatter) is structured or not
ERROR   : * PTX:BUG: asking if a non-traditional division (frontmatter) is structured or not
ERROR   : * PTX:BUG: asking if a non-traditional division (frontmatter) is structured or not
ERROR   : * PTX:BUG: asking if a non-traditional division (frontmatter) is structured or not
ERROR   : * PTX:BUG: asking if a non-traditional division (frontmatter) is structured or not
ERROR   : * PTX:BUG: asking if a non-traditional division (frontmatter) is structured or not
ERROR   : * PTX:BUG: asking if a non-traditional division (frontmatter) is structured or not
ERROR   : * PTX:BUG: asking if a non-traditional division (frontmatter) is structured or not
ERROR   : * PTX:BUG: asking if a non-traditional division (frontmatter) is structured or not
ERROR   : * PTX:BUG: asking if a non-traditional division (frontmatter) is structured or not
ERROR   : * PTX:BUG: asking if a non-traditional division (frontmatter) is structured or not
ERROR   : * PTX:BUG: asking if a non-traditional division (frontmatter) is structured or not
ERROR   : * PTX:BUG: asking if a non-traditional division (frontmatter) is structured or not
ERROR   : * PTX:BUG: asking if a non-traditional division (frontmatter) is structured or not
ERROR   : * PTX:BUG: asking if a non-traditional division (frontmatter) is structured or not
ERROR   : * PTX:BUG: asking if a non-traditional division (frontmatter) is structured or not
ERROR   : * PTX:BUG: asking if a non-traditional division (frontmatter) is structured or not
ERROR   : * PTX:BUG: asking if a non-traditional division (frontmatter) is structured or not
ERROR   : * PTX:BUG: asking if a non-traditional division (frontmatter) is structured or not
ERROR   : * PTX:BUG: asking if a non-traditional division (frontmatter) is structured or not
ERROR   : * PTX:BUG: asking if a non-traditional division (frontmatter) is structured or not
ERROR   : * PTX:BUG: asking if a non-traditional division (frontmatter) is structured or not
ERROR   : * PTX:BUG: asking if a non-traditional division (frontmatter) is structured or not
ERROR   : * PTX:BUG: asking if a non-traditional division (frontmatter) is structured or not
ERROR   : * PTX:BUG: asking if a non-traditional division (frontmatter) is structured or not
ERROR   : * PTX:BUG: asking if a non-traditional division (frontmatter) is structured or not
ERROR   : * PTX:BUG: asking if a non-traditional division (frontmatter) is structured or not
ERROR   : * PTX:BUG: asking if a non-traditional division (frontmatter) is structured or not
ERROR   : * PTX:BUG: asking if a non-traditional division (frontmatter) is structured or not
ERROR   : * PTX:BUG: asking if a non-traditional division (frontmatter) is structured or not
ERROR   : * PTX:BUG: asking if a non-traditional division (frontmatter) is structured or not
ERROR   : * PTX:BUG: asking if a non-traditional division (frontmatter) is structured or not
ERROR   : * PTX:BUG: asking if a non-traditional division (frontmatter) is structured or not
ERROR   : * PTX:BUG: asking if a non-traditional division (frontmatter) is structured or not
ERROR   : * PTX:BUG: asking if a non-traditional division (frontmatter) is structured or not
ERROR   : * PTX:BUG: asking if a non-traditional division (frontmatter) is structured or not
ERROR   : * PTX:BUG: asking if a non-traditional division (frontmatter) is structured or not
ERROR   : * PTX:BUG: asking if a non-traditional division (frontmatter) is structured or not
ERROR   : * PTX:BUG: asking if a non-traditional division (frontmatter) is structured or not
ERROR   : * PTX:BUG: asking if a non-traditional division (frontmatter) is structured or not
ERROR   : * PTX:BUG: asking if a non-traditional division (frontmatter) is structured or not
ERROR   : * PTX:BUG: asking if a non-traditional division (frontmatter) is structured or not
ERROR   : * PTX:BUG: asking if a non-traditional division (frontmatter) is structured or not
ERROR   : * PTX:BUG: asking if a non-traditional division (frontmatter) is structured or not
ERROR   : * PTX:BUG: asking if a non-traditional division (frontmatter) is structured or not
ERROR   : * PTX:BUG: asking if a non-traditional division (frontmatter) is structured or not
ERROR   : * PTX:BUG: asking if a non-traditional division (frontmatter) is structured or not
ERROR   : * PTX:BUG: asking if a non-traditional division (frontmatter) is structured or not
ERROR   : * PTX:BUG: asking if a non-traditional division (frontmatter) is structured or not
ERROR   : * PTX:BUG: asking if a non-traditional division (frontmatter) is structured or not
ERROR   : * PTX:BUG: asking if a non-traditional division (frontmatter) is structured or not
ERROR   : * PTX:BUG: asking if a non-traditional division (frontmatter) is structured or not
ERROR   : * PTX:BUG: asking if a non-traditional division (frontmatter) is structured or not
ERROR   : * PTX:BUG: asking if a non-traditional division (frontmatter) is structured or not
ERROR   : * PTX:BUG: asking if a non-traditional division (frontmatter) is structured or not
ERROR   : * PTX:BUG: asking if a non-traditional division (frontmatter) is structured or not
ERROR   : * PTX:BUG: asking if a non-traditional division (frontmatter) is structured or not
ERROR   : * PTX:BUG: asking if a non-traditional division (frontmatter) is structured or not
ERROR   : * PTX:BUG: asking if a non-traditional division (frontmatter) is structured or not
ERROR   : * PTX:BUG: asking if a non-traditional division (frontmatter) is structured or not
ERROR   : * PTX:BUG: asking if a non-traditional division (frontmatter) is structured or not
ERROR   : * PTX:BUG: asking if a non-traditional division (frontmatter) is structured or not
ERROR   : * PTX:BUG: asking if a non-traditional division (frontmatter) is structured or not
ERROR   : * PTX:BUG: asking if a non-traditional division (frontmatter) is structured or not
ERROR   : * PTX:BUG: asking if a non-traditional division (frontmatter) is structured or not
ERROR   : * PTX:BUG: asking if a non-traditional division (frontmatter) is structured or not
ERROR   : * PTX:BUG: asking if a non-traditional division (frontmatter) is structured or not
ERROR   : * PTX:BUG: asking if a non-traditional division (frontmatter) is structured or not
ERROR   : * PTX:BUG: asking if a non-traditional division (frontmatter) is structured or not
ERROR   : * PTX:BUG: asking if a non-traditional division (frontmatter) is structured or not
ERROR   : * PTX:BUG: asking if a non-traditional division (frontmatter) is structured or not
ERROR   : * PTX:BUG: asking if a non-traditional division (frontmatter) is structured or not
ERROR   : * PTX:BUG: asking if a non-traditional division (frontmatter) is structured or not
ERROR   : * PTX:BUG: asking if a non-traditional division (frontmatter) is structured or not
ERROR   : * PTX:BUG: asking if a non-traditional division (frontmatter) is structured or not
ERROR   : * PTX:BUG: asking if a non-traditional division (frontmatter) is structured or not
ERROR   : * PTX:BUG: asking if a non-traditional division (frontmatter) is structured or not
ERROR   : * PTX:BUG: asking if a non-traditional division (frontmatter) is structured or not
ERROR   : * PTX:BUG: asking if a non-traditional division (frontmatter) is structured or not
ERROR   : * PTX:BUG: asking if a non-traditional division (frontmatter) is structured or not
ERROR   : * PTX:BUG: asking if a non-traditional division (frontmatter) is structured or not
ERROR   : * PTX:BUG: asking if a non-traditional division (frontmatter) is structured or not
ERROR   : * PTX:BUG: asking if a non-traditional division (frontmatter) is structured or not
ERROR   : * PTX:BUG: asking if a non-traditional division (frontmatter) is structured or not
ERROR   : * PTX:BUG: asking if a non-traditional division (frontmatter) is structured or not
ERROR   : * PTX:BUG: asking if a non-traditional division (frontmatter) is structured or not
ERROR   : * PTX:BUG: asking if a non-traditional division (frontmatter) is structured or not
ERROR   : * PTX:BUG: asking if a non-traditional division (frontmatter) is structured or not
ERROR   : * PTX:BUG: asking if a non-traditional division (frontmatter) is structured or not
ERROR   : * PTX:BUG: asking if a non-traditional division (frontmatter) is structured or not
ERROR   : * PTX:BUG: asking if a non-traditional division (frontmatter) is structured or not
ERROR   : * PTX:BUG: asking if a non-traditional division (frontmatter) is structured or not
ERROR   : * PTX:BUG: asking if a non-traditional division (frontmatter) is structured or not
ERROR   : * PTX:BUG: asking if a non-traditional division (frontmatter) is structured or not
ERROR   : * PTX:BUG: asking if a non-traditional division (frontmatter) is structured or not
ERROR   : * PTX:BUG: asking if a non-traditional division (frontmatter) is structured or not
ERROR   : * PTX:BUG: asking if a non-traditional division (frontmatter) is structured or not
ERROR   : * PTX:BUG: asking if a non-traditional division (frontmatter) is structured or not
ERROR   : * PTX:BUG: asking if a non-traditional division (frontmatter) is structured or not
ERROR   : * PTX:BUG: asking if a non-traditional division (frontmatter) is structured or not
ERROR   : * PTX:BUG: asking if a non-traditional division (frontmatter) is structured or not
ERROR   : * PTX:BUG: asking if a non-traditional division (frontmatter) is structured or not
ERROR   : * PTX:BUG: asking if a non-traditional division (frontmatter) is structured or not
ERROR   : * PTX:BUG: asking if a non-traditional division (frontmatter) is structured or not
ERROR   : * PTX:BUG: asking if a non-traditional division (frontmatter) is structured or not
ERROR   : * PTX:BUG: asking if a non-traditional division (frontmatter) is structured or not
ERROR   : * PTX:BUG: asking if a non-traditional division (frontmatter) is structured or not
ERROR   : * PTX:BUG: asking if a non-traditional division (frontmatter) is structured or not
ERROR   : * PTX:BUG: asking if a non-traditional division (frontmatter) is structured or not
ERROR   : * PTX:BUG: asking if a non-traditional division (frontmatter) is structured or not
ERROR   : * PTX:BUG: asking if a non-traditional division (frontmatter) is structured or not
ERROR   : * PTX:BUG: asking if a non-traditional division (frontmatter) is structured or not
ERROR   : * PTX:BUG: asking if a non-traditional division (frontmatter) is structured or not
ERROR   : * PTX:BUG: asking if a non-traditional division (frontmatter) is structured or not
ERROR   : * PTX:BUG: asking if a non-traditional division (frontmatter) is structured or not
ERROR   : * PTX:BUG: asking if a non-traditional division (frontmatter) is structured or not
ERROR   : * PTX:BUG: asking if a non-traditional division (frontmatter) is structured or not
ERROR   : * PTX:BUG: asking if a non-traditional division (frontmatter) is structured or not
ERROR   : * PTX:BUG: asking if a non-traditional division (frontmatter) is structured or not
ERROR   : * PTX:BUG: asking if a non-traditional division (frontmatter) is structured or not
ERROR   : * PTX:BUG: asking if a non-traditional division (frontmatter) is structured or not
ERROR   : * PTX:BUG: asking if a non-traditional division (frontmatter) is structured or not
ERROR   : * PTX:BUG: asking if a non-traditional division (frontmatter) is structured or not
ERROR   : * PTX:BUG: asking if a non-traditional division (frontmatter) is structured or not
ERROR   : * PTX:BUG: asking if a non-traditional division (frontmatter) is structured or not
ERROR   : * PTX:BUG: asking if a non-traditional division (frontmatter) is structured or not
ERROR   : * PTX:BUG: asking if a non-traditional division (frontmatter) is structured or not
ERROR   : * PTX:BUG: asking if a non-traditional division (frontmatter) is structured or not
ERROR   : * PTX:BUG: asking if a non-traditional division (frontmatter) is structured or not
ERROR   : * PTX:BUG: asking if a non-traditional division (frontmatter) is structured or not
ERROR   : * PTX:BUG: asking if a non-traditional division (frontmatter) is structured or not
ERROR   : * PTX:BUG: asking if a non-traditional division (frontmatter) is structured or not
ERROR   : * PTX:BUG: asking if a non-traditional division (frontmatter) is structured or not
ERROR   : * PTX:BUG: asking if a non-traditional division (frontmatter) is structured or not
ERROR   : * PTX:BUG: asking if a non-traditional division (frontmatter) is structured or not
ERROR   : * PTX:BUG: asking if a non-traditional division (frontmatter) is structured or not
ERROR   : * PTX:BUG: asking if a non-traditional division (frontmatter) is structured or not
ERROR   : * PTX:BUG: asking if a non-traditional division (frontmatter) is structured or not
ERROR   : * PTX:BUG: asking if a non-traditional division (frontmatter) is structured or not
ERROR   : * PTX:BUG: asking if a non-traditional division (frontmatter) is structured or not
ERROR   : * PTX:BUG: asking if a non-traditional division (frontmatter) is structured or not
ERROR   : * PTX:BUG: asking if a non-traditional division (frontmatter) is structured or not
ERROR   : * PTX:BUG: asking if a non-traditional division (frontmatter) is structured or not
ERROR   : * PTX:BUG: asking if a non-traditional division (frontmatter) is structured or not
ERROR   : * PTX:BUG: asking if a non-traditional division (frontmatter) is structured or not
ERROR   : * PTX:BUG: asking if a non-traditional division (frontmatter) is structured or not
ERROR   : * PTX:BUG: asking if a non-traditional division (frontmatter) is structured or not
ERROR   : * PTX:BUG: asking if a non-traditional division (frontmatter) is structured or not
ERROR   : * PTX:BUG: asking if a non-traditional division (frontmatter) is structured or not
ERROR   : * PTX:BUG: asking if a non-traditional division (frontmatter) is structured or not
ERROR   : * PTX:BUG: asking if a non-traditional division (frontmatter) is structured or not
ERROR   : * PTX:BUG: asking if a non-traditional division (frontmatter) is structured or not
ERROR   : * PTX:BUG: asking if a non-traditional division (frontmatter) is structured or not
ERROR   : * PTX:BUG: asking if a non-traditional division (frontmatter) is structured or not
ERROR   : * PTX:BUG: asking if a non-traditional division (frontmatter) is structured or not
ERROR   : * PTX:BUG: asking if a non-traditional division (frontmatter) is structured or not
ERROR   : * PTX:BUG: asking if a non-traditional division (frontmatter) is structured or not
ERROR   : * PTX:BUG: asking if a non-traditional division (frontmatter) is structured or not
ERROR   : * PTX:BUG: asking if a non-traditional division (frontmatter) is structured or not
ERROR   : * PTX:BUG: asking if a non-traditional division (frontmatter) is structured or not
ERROR   : * PTX:BUG: asking if a non-traditional division (frontmatter) is structured or not
ERROR   : * PTX:BUG: asking if a non-traditional division (frontmatter) is structured or not
ERROR   : * PTX:BUG: asking if a non-traditional division (frontmatter) is structured or not
ERROR   : * PTX:BUG: asking if a non-traditional division (frontmatter) is structured or not
ERROR   : * PTX:BUG: asking if a non-traditional division (frontmatter) is structured or not
ERROR   : * PTX:BUG: asking if a non-traditional division (frontmatter) is structured or not
ERROR   : * PTX:BUG: asking if a non-traditional division (frontmatter) is structured or not
ERROR   : * PTX:BUG: asking if a non-traditional division (frontmatter) is structured or not
ERROR   : * PTX:BUG: asking if a non-traditional division (frontmatter) is structured or not
ERROR   : * PTX:BUG: asking if a non-traditional division (frontmatter) is structured or not
ERROR   : * PTX:BUG: asking if a non-traditional division (frontmatter) is structured or not
ERROR   : * PTX:BUG: asking if a non-traditional division (frontmatter) is structured or not
ERROR   : * PTX:BUG: asking if a non-traditional division (frontmatter) is structured or not
ERROR   : * PTX:BUG: asking if a non-traditional division (frontmatter) is structured or not
ERROR   : * PTX:BUG: asking if a non-traditional division (frontmatter) is structured or not
ERROR   : * PTX:BUG: asking if a non-traditional division (frontmatter) is structured or not
ERROR   : * PTX:BUG: asking if a non-traditional division (frontmatter) is structured or not
ERROR   : * PTX:BUG: asking if a non-traditional division (frontmatter) is structured or not
ERROR   : * PTX:BUG: asking if a non-traditional division (frontmatter) is structured or not
ERROR   : * PTX:BUG: asking if a non-traditional division (frontmatter) is structured or not
ERROR   : * PTX:BUG: asking if a non-traditional division (frontmatter) is structured or not
ERROR   : * PTX:BUG: asking if a non-traditional division (frontmatter) is structured or not
ERROR   : * PTX:BUG: asking if a non-traditional division (frontmatter) is structured or not
ERROR   : * PTX:BUG: asking if a non-traditional division (frontmatter) is structured or not
ERROR   : * PTX:BUG: asking if a non-traditional division (frontmatter) is structured or not
ERROR   : * PTX:BUG: asking if a non-traditional division (frontmatter) is structured or not
ERROR   : * PTX:BUG: asking if a non-traditional division (frontmatter) is structured or not
ERROR   : * PTX:BUG: asking if a non-traditional division (frontmatter) is structured or not
INFO    : successful application of /Users/ajp/.ptx/2.29.2/core/xsl/pretext-html.xsl
INFO    : Removing temporary directory /var/folders/71/k29x_9652hd1cgj7kgcqdk400000gn/T/ptx-nob9nab7
INFO    : Removing temporary directory /var/folders/71/k29x_9652hd1cgj7kgcqdk400000gn/T/ptx-pr3wwr9m
INFO    : 
Finished build for target web. Run `pretext view web` to see the results.

CRITICAL: There were errors during the build.  See above.
INFO    : ------------------------
CRITICAL: Failed to build without errors.  Exiting...
INFO    : 
----------------------------------------------------
INFO    : While running pretext, the following errors occurred:

INFO    : (see log messages above or in the 'logs' folder for more information)
INFO    : ----------------------------------------------------
