WARNING : Using CLI version 2.30.2 but project's `requirements.txt`
WARNING : is configured to use 2.29.2. Consider either installing
WARNING : CLI version 2.29.2 or running `pretext update`
WARNING : to update `requirements.txt` and other managed files to match 2.30.2.
INFO    : Building target web
INFO    : XSL conversion of /Users/ajp/Dropbox/COD/Engineering 2223 - Microcontrollers/ENGIN-2223_yellow_book/source/main.ptx by /Users/ajp/.ptx/2.30.2/core/xsl/utilities/pretext-enhanced-source.xsl
INFO    : successful application of /Users/ajp/.ptx/2.30.2/core/xsl/utilities/pretext-enhanced-source.xsl
INFO    : Generating any needed assets.
INFO    : XSL conversion of /Users/ajp/Dropbox/COD/Engineering 2223 - Microcontrollers/ENGIN-2223_yellow_book/source/main.ptx by /Users/ajp/.ptx/2.30.2/core/xsl/utilities/pretext-enhanced-source.xsl
INFO    : successful application of /Users/ajp/.ptx/2.30.2/core/xsl/utilities/pretext-enhanced-source.xsl
INFO    : XSL conversion of /Users/ajp/Dropbox/COD/Engineering 2223 - Microcontrollers/ENGIN-2223_yellow_book/source/main.ptx by /Users/ajp/.ptx/2.30.2/core/xsl/utilities/pretext-enhanced-source.xsl
INFO    : successful application of /Users/ajp/.ptx/2.30.2/core/xsl/utilities/pretext-enhanced-source.xsl
INFO    : XSL conversion of /Users/ajp/Dropbox/COD/Engineering 2223 - Microcontrollers/ENGIN-2223_yellow_book/source/main.ptx by /Users/ajp/.ptx/2.30.2/core/xsl/utilities/pretext-enhanced-source.xsl
INFO    : successful application of /Users/ajp/.ptx/2.30.2/core/xsl/utilities/pretext-enhanced-source.xsl
INFO    : XSL conversion of /Users/ajp/Dropbox/COD/Engineering 2223 - Microcontrollers/ENGIN-2223_yellow_book/source/main.ptx by /Users/ajp/.ptx/2.30.2/core/xsl/utilities/pretext-enhanced-source.xsl
INFO    : successful application of /Users/ajp/.ptx/2.30.2/core/xsl/utilities/pretext-enhanced-source.xsl
INFO    : XSL conversion of /Users/ajp/Dropbox/COD/Engineering 2223 - Microcontrollers/ENGIN-2223_yellow_book/source/main.ptx by /Users/ajp/.ptx/2.30.2/core/xsl/utilities/pretext-enhanced-source.xsl
INFO    : successful application of /Users/ajp/.ptx/2.30.2/core/xsl/utilities/pretext-enhanced-source.xsl
INFO    : XSL conversion of /Users/ajp/Dropbox/COD/Engineering 2223 - Microcontrollers/ENGIN-2223_yellow_book/source/main.ptx by /Users/ajp/.ptx/2.30.2/core/xsl/utilities/pretext-enhanced-source.xsl
INFO    : successful application of /Users/ajp/.ptx/2.30.2/core/xsl/utilities/pretext-enhanced-source.xsl
INFO    : XSL conversion of /Users/ajp/Dropbox/COD/Engineering 2223 - Microcontrollers/ENGIN-2223_yellow_book/source/main.ptx by /Users/ajp/.ptx/2.30.2/core/xsl/utilities/pretext-enhanced-source.xsl
INFO    : successful application of /Users/ajp/.ptx/2.30.2/core/xsl/utilities/pretext-enhanced-source.xsl
INFO    : XSL conversion of /Users/ajp/Dropbox/COD/Engineering 2223 - Microcontrollers/ENGIN-2223_yellow_book/source/main.ptx by /Users/ajp/.ptx/2.30.2/core/xsl/utilities/pretext-enhanced-source.xsl
INFO    : successful application of /Users/ajp/.ptx/2.30.2/core/xsl/utilities/pretext-enhanced-source.xsl
INFO    : XSL conversion of /Users/ajp/Dropbox/COD/Engineering 2223 - Microcontrollers/ENGIN-2223_yellow_book/source/main.ptx by /Users/ajp/.ptx/2.30.2/core/xsl/utilities/pretext-enhanced-source.xsl
INFO    : successful application of /Users/ajp/.ptx/2.30.2/core/xsl/utilities/pretext-enhanced-source.xsl
INFO    : XSL conversion of /Users/ajp/Dropbox/COD/Engineering 2223 - Microcontrollers/ENGIN-2223_yellow_book/source/main.ptx by /Users/ajp/.ptx/2.30.2/core/xsl/utilities/pretext-enhanced-source.xsl
INFO    : successful application of /Users/ajp/.ptx/2.30.2/core/xsl/utilities/pretext-enhanced-source.xsl
INFO    : XSL conversion of /Users/ajp/Dropbox/COD/Engineering 2223 - Microcontrollers/ENGIN-2223_yellow_book/source/main.ptx by /Users/ajp/.ptx/2.30.2/core/xsl/utilities/pretext-enhanced-source.xsl
INFO    : successful application of /Users/ajp/.ptx/2.30.2/core/xsl/utilities/pretext-enhanced-source.xsl
INFO    : XSL conversion of /Users/ajp/Dropbox/COD/Engineering 2223 - Microcontrollers/ENGIN-2223_yellow_book/source/main.ptx by /Users/ajp/.ptx/2.30.2/core/xsl/utilities/pretext-enhanced-source.xsl
INFO    : successful application of /Users/ajp/.ptx/2.30.2/core/xsl/utilities/pretext-enhanced-source.xsl
INFO    : XSL conversion of /Users/ajp/Dropbox/COD/Engineering 2223 - Microcontrollers/ENGIN-2223_yellow_book/source/main.ptx by /Users/ajp/.ptx/2.30.2/core/xsl/utilities/pretext-enhanced-source.xsl
INFO    : successful application of /Users/ajp/.ptx/2.30.2/core/xsl/utilities/pretext-enhanced-source.xsl
INFO    : XSL conversion of /Users/ajp/Dropbox/COD/Engineering 2223 - Microcontrollers/ENGIN-2223_yellow_book/source/main.ptx by /Users/ajp/.ptx/2.30.2/core/xsl/utilities/pretext-enhanced-source.xsl
INFO    : successful application of /Users/ajp/.ptx/2.30.2/core/xsl/utilities/pretext-enhanced-source.xsl
INFO    : XSL conversion of /Users/ajp/Dropbox/COD/Engineering 2223 - Microcontrollers/ENGIN-2223_yellow_book/source/main.ptx by /Users/ajp/.ptx/2.30.2/core/xsl/utilities/pretext-enhanced-source.xsl
INFO    : successful application of /Users/ajp/.ptx/2.30.2/core/xsl/utilities/pretext-enhanced-source.xsl
INFO    : XSL conversion of /Users/ajp/Dropbox/COD/Engineering 2223 - Microcontrollers/ENGIN-2223_yellow_book/source/main.ptx by /Users/ajp/.ptx/2.30.2/core/xsl/utilities/pretext-enhanced-source.xsl
INFO    : successful application of /Users/ajp/.ptx/2.30.2/core/xsl/utilities/pretext-enhanced-source.xsl
INFO    : XSL conversion of /Users/ajp/Dropbox/COD/Engineering 2223 - Microcontrollers/ENGIN-2223_yellow_book/source/main.ptx by /Users/ajp/.ptx/2.30.2/core/xsl/utilities/pretext-enhanced-source.xsl
INFO    : successful application of /Users/ajp/.ptx/2.30.2/core/xsl/utilities/pretext-enhanced-source.xsl
INFO    : Finished generating assets.

INFO    : Preparing to build into /Users/ajp/Dropbox/COD/Engineering 2223 - Microcontrollers/ENGIN-2223_yellow_book/output/web.
INFO    : discovering source file's directory name: /Users/ajp/Dropbox/COD/Engineering 2223 - Microcontrollers/ENGIN-2223_yellow_book/source
INFO    : verifying and expanding input directory: /Users/ajp/Dropbox/COD/Engineering 2223 - Microcontrollers/ENGIN-2223_yellow_book/source/../generated-assets
INFO    : input directory expanded to absolute path: /Users/ajp/Dropbox/COD/Engineering 2223 - Microcontrollers/ENGIN-2223_yellow_book/generated-assets
INFO    : verifying and expanding input directory: /Users/ajp/Dropbox/COD/Engineering 2223 - Microcontrollers/ENGIN-2223_yellow_book/source/../assets
INFO    : input directory expanded to absolute path: /Users/ajp/Dropbox/COD/Engineering 2223 - Microcontrollers/ENGIN-2223_yellow_book/assets
INFO    : discovering source file's directory name: /Users/ajp/Dropbox/COD/Engineering 2223 - Microcontrollers/ENGIN-2223_yellow_book/source
INFO    : XSL conversion of /Users/ajp/Dropbox/COD/Engineering 2223 - Microcontrollers/ENGIN-2223_yellow_book/source/main.ptx by /Users/ajp/.ptx/2.30.2/core/xsl/utilities/report-publisher-variables.xsl
INFO    : successful application of /Users/ajp/.ptx/2.30.2/core/xsl/utilities/report-publisher-variables.xsl
INFO    : Downloading rs services file from https://runestone.academy/cdn/runestone/latest/webpack_static_imports.xml.
WARNING : Could not download rs services file from https://runestone.academy/cdn/runestone/latest/webpack_static_imports.xml.  Using cached version instead.
CRITICAL: cannot access local variable 'services_xml' where it is not associated with a value
INFO    : ------------------------
CRITICAL: Failed to build without errors.  Exiting...
INFO    : 
----------------------------------------------------
INFO    : While running pretext, the following errors occurred:

INFO    : (see log messages above or in the 'logs' folder for more information)
INFO    : ----------------------------------------------------
