INFO    : Building target web
INFO    : XSL conversion of /Users/ajp/Dropbox/COD/Engineering 2210 - Circuit Analysis 1/new-Textbook/source/main.ptx by /Users/ajp/.ptx/2.30.2/core/xsl/utilities/pretext-enhanced-source.xsl
INFO    : successful application of /Users/ajp/.ptx/2.30.2/core/xsl/utilities/pretext-enhanced-source.xsl
INFO    : Generating any needed assets.
INFO    : XSL conversion of /Users/ajp/Dropbox/COD/Engineering 2210 - Circuit Analysis 1/new-Textbook/source/main.ptx by /Users/ajp/.ptx/2.30.2/core/xsl/utilities/pretext-enhanced-source.xsl
INFO    : successful application of /Users/ajp/.ptx/2.30.2/core/xsl/utilities/pretext-enhanced-source.xsl
INFO    : XSL conversion of /Users/ajp/Dropbox/COD/Engineering 2210 - Circuit Analysis 1/new-Textbook/source/main.ptx by /Users/ajp/.ptx/2.30.2/core/xsl/utilities/pretext-enhanced-source.xsl
INFO    : successful application of /Users/ajp/.ptx/2.30.2/core/xsl/utilities/pretext-enhanced-source.xsl
INFO    : XSL conversion of /Users/ajp/Dropbox/COD/Engineering 2210 - Circuit Analysis 1/new-Textbook/source/main.ptx by /Users/ajp/.ptx/2.30.2/core/xsl/utilities/pretext-enhanced-source.xsl
INFO    : successful application of /Users/ajp/.ptx/2.30.2/core/xsl/utilities/pretext-enhanced-source.xsl
INFO    : XSL conversion of /Users/ajp/Dropbox/COD/Engineering 2210 - Circuit Analysis 1/new-Textbook/source/main.ptx by /Users/ajp/.ptx/2.30.2/core/xsl/utilities/pretext-enhanced-source.xsl
INFO    : successful application of /Users/ajp/.ptx/2.30.2/core/xsl/utilities/pretext-enhanced-source.xsl
INFO    : XSL conversion of /Users/ajp/Dropbox/COD/Engineering 2210 - Circuit Analysis 1/new-Textbook/source/main.ptx by /Users/ajp/.ptx/2.30.2/core/xsl/utilities/pretext-enhanced-source.xsl
INFO    : successful application of /Users/ajp/.ptx/2.30.2/core/xsl/utilities/pretext-enhanced-source.xsl
INFO    : XSL conversion of /Users/ajp/Dropbox/COD/Engineering 2210 - Circuit Analysis 1/new-Textbook/source/main.ptx by /Users/ajp/.ptx/2.30.2/core/xsl/utilities/pretext-enhanced-source.xsl
INFO    : successful application of /Users/ajp/.ptx/2.30.2/core/xsl/utilities/pretext-enhanced-source.xsl
INFO    : XSL conversion of /Users/ajp/Dropbox/COD/Engineering 2210 - Circuit Analysis 1/new-Textbook/source/main.ptx by /Users/ajp/.ptx/2.30.2/core/xsl/utilities/pretext-enhanced-source.xsl
INFO    : successful application of /Users/ajp/.ptx/2.30.2/core/xsl/utilities/pretext-enhanced-source.xsl
INFO    : XSL conversion of /Users/ajp/Dropbox/COD/Engineering 2210 - Circuit Analysis 1/new-Textbook/source/main.ptx by /Users/ajp/.ptx/2.30.2/core/xsl/utilities/pretext-enhanced-source.xsl
INFO    : successful application of /Users/ajp/.ptx/2.30.2/core/xsl/utilities/pretext-enhanced-source.xsl
INFO    : XSL conversion of /Users/ajp/Dropbox/COD/Engineering 2210 - Circuit Analysis 1/new-Textbook/source/main.ptx by /Users/ajp/.ptx/2.30.2/core/xsl/utilities/pretext-enhanced-source.xsl
INFO    : successful application of /Users/ajp/.ptx/2.30.2/core/xsl/utilities/pretext-enhanced-source.xsl
INFO    : XSL conversion of /Users/ajp/Dropbox/COD/Engineering 2210 - Circuit Analysis 1/new-Textbook/source/main.ptx by /Users/ajp/.ptx/2.30.2/core/xsl/utilities/pretext-enhanced-source.xsl
INFO    : successful application of /Users/ajp/.ptx/2.30.2/core/xsl/utilities/pretext-enhanced-source.xsl
INFO    : XSL conversion of /Users/ajp/Dropbox/COD/Engineering 2210 - Circuit Analysis 1/new-Textbook/source/main.ptx by /Users/ajp/.ptx/2.30.2/core/xsl/utilities/pretext-enhanced-source.xsl
INFO    : successful application of /Users/ajp/.ptx/2.30.2/core/xsl/utilities/pretext-enhanced-source.xsl
INFO    : XSL conversion of /Users/ajp/Dropbox/COD/Engineering 2210 - Circuit Analysis 1/new-Textbook/source/main.ptx by /Users/ajp/.ptx/2.30.2/core/xsl/utilities/pretext-enhanced-source.xsl
INFO    : successful application of /Users/ajp/.ptx/2.30.2/core/xsl/utilities/pretext-enhanced-source.xsl
INFO    : XSL conversion of /Users/ajp/Dropbox/COD/Engineering 2210 - Circuit Analysis 1/new-Textbook/source/main.ptx by /Users/ajp/.ptx/2.30.2/core/xsl/utilities/pretext-enhanced-source.xsl
INFO    : successful application of /Users/ajp/.ptx/2.30.2/core/xsl/utilities/pretext-enhanced-source.xsl
INFO    : XSL conversion of /Users/ajp/Dropbox/COD/Engineering 2210 - Circuit Analysis 1/new-Textbook/source/main.ptx by /Users/ajp/.ptx/2.30.2/core/xsl/utilities/pretext-enhanced-source.xsl
INFO    : successful application of /Users/ajp/.ptx/2.30.2/core/xsl/utilities/pretext-enhanced-source.xsl
INFO    : XSL conversion of /Users/ajp/Dropbox/COD/Engineering 2210 - Circuit Analysis 1/new-Textbook/source/main.ptx by /Users/ajp/.ptx/2.30.2/core/xsl/utilities/pretext-enhanced-source.xsl
INFO    : successful application of /Users/ajp/.ptx/2.30.2/core/xsl/utilities/pretext-enhanced-source.xsl
INFO    : XSL conversion of /Users/ajp/Dropbox/COD/Engineering 2210 - Circuit Analysis 1/new-Textbook/source/main.ptx by /Users/ajp/.ptx/2.30.2/core/xsl/utilities/pretext-enhanced-source.xsl
INFO    : successful application of /Users/ajp/.ptx/2.30.2/core/xsl/utilities/pretext-enhanced-source.xsl
INFO    : XSL conversion of /Users/ajp/Dropbox/COD/Engineering 2210 - Circuit Analysis 1/new-Textbook/source/main.ptx by /Users/ajp/.ptx/2.30.2/core/xsl/utilities/pretext-enhanced-source.xsl
INFO    : successful application of /Users/ajp/.ptx/2.30.2/core/xsl/utilities/pretext-enhanced-source.xsl
INFO    : converting latex-image pictures from /Users/ajp/Dropbox/COD/Engineering 2210 - Circuit Analysis 1/new-Textbook/source/main.ptx to svg graphics for placement in /Users/ajp/Dropbox/COD/Engineering 2210 - Circuit Analysis 1/new-Textbook/generated-assets/latex-image
INFO    : extracting latex-image pictures from /Users/ajp/Dropbox/COD/Engineering 2210 - Circuit Analysis 1/new-Textbook/source/main.ptx
INFO    : string parameters passed to extraction stylesheet: {'cli.version': '2.30', 'publisher': '/Users/ajp/Dropbox/COD/Engineering 2210 - Circuit Analysis 1/new-Textbook/publication/publication.ptx'}
INFO    : discovering source file's directory name: /Users/ajp/Dropbox/COD/Engineering 2210 - Circuit Analysis 1/new-Textbook/source
INFO    : verifying and expanding input directory: /Users/ajp/Dropbox/COD/Engineering 2210 - Circuit Analysis 1/new-Textbook/source/../generated-assets
INFO    : input directory expanded to absolute path: /Users/ajp/Dropbox/COD/Engineering 2210 - Circuit Analysis 1/new-Textbook/generated-assets
INFO    : verifying and expanding input directory: /Users/ajp/Dropbox/COD/Engineering 2210 - Circuit Analysis 1/new-Textbook/source/../assets
INFO    : input directory expanded to absolute path: /Users/ajp/Dropbox/COD/Engineering 2210 - Circuit Analysis 1/new-Textbook/assets
INFO    : discovering source file's directory name: /Users/ajp/Dropbox/COD/Engineering 2210 - Circuit Analysis 1/new-Textbook/source
INFO    : XSL conversion of /Users/ajp/Dropbox/COD/Engineering 2210 - Circuit Analysis 1/new-Textbook/source/main.ptx by /Users/ajp/.ptx/2.30.2/core/xsl/extract-latex-image.xsl
INFO    : messages from the log for XSL processing:
ERROR   : * PTX:ERROR: the @xml:id value "ch1-dampedsinegraph" should be unique, but is authored multiple times.
INFO    : *            Results will be unpredictable, and likely incorrect.  Information on the locations follows:
INFO    : *              located within: "ch1-dampedsinegraph" (xml:id)
INFO    : *              located within: "ch1-dampedsinegraph" (xml:id)
ERROR   : * PTX:ERROR: the @xml:id value "dampedsinegraph" should be unique, but is authored multiple times.
INFO    : *            Results will be unpredictable, and likely incorrect.  Information on the locations follows:
INFO    : *              located within: "dampedsinegraph" (xml:id)
INFO    : *              located within: "dampedsinegraph" (xml:id)
INFO    : successful application of /Users/ajp/.ptx/2.30.2/core/xsl/extract-latex-image.xsl
INFO    : converting ch1-dampedsinegraph.tex to ch1-dampedsinegraph.pdf
INFO    : cropping ch1-dampedsinegraph.pdf to cropped-ch1-dampedsinegraph.pdf
INFO    : renaming cropped-ch1-dampedsinegraph.pdf to ch1-dampedsinegraph.pdf
INFO    : converting ch1-dampedsinegraph.pdf to ch1-dampedsinegraph.svg
INFO    : Removing temporary directory /var/folders/71/k29x_9652hd1cgj7kgcqdk400000gn/T/ptx-np2t9u2x
INFO    : Finished generating assets.

INFO    : Preparing to build into /Users/ajp/Dropbox/COD/Engineering 2210 - Circuit Analysis 1/new-Textbook/output/web.
INFO    : discovering source file's directory name: /Users/ajp/Dropbox/COD/Engineering 2210 - Circuit Analysis 1/new-Textbook/source
INFO    : verifying and expanding input directory: /Users/ajp/Dropbox/COD/Engineering 2210 - Circuit Analysis 1/new-Textbook/source/../generated-assets
INFO    : input directory expanded to absolute path: /Users/ajp/Dropbox/COD/Engineering 2210 - Circuit Analysis 1/new-Textbook/generated-assets
INFO    : verifying and expanding input directory: /Users/ajp/Dropbox/COD/Engineering 2210 - Circuit Analysis 1/new-Textbook/source/../assets
INFO    : input directory expanded to absolute path: /Users/ajp/Dropbox/COD/Engineering 2210 - Circuit Analysis 1/new-Textbook/assets
INFO    : discovering source file's directory name: /Users/ajp/Dropbox/COD/Engineering 2210 - Circuit Analysis 1/new-Textbook/source
INFO    : XSL conversion of /Users/ajp/Dropbox/COD/Engineering 2210 - Circuit Analysis 1/new-Textbook/source/main.ptx by /Users/ajp/.ptx/2.30.2/core/xsl/utilities/report-publisher-variables.xsl
INFO    : successful application of /Users/ajp/.ptx/2.30.2/core/xsl/utilities/report-publisher-variables.xsl
INFO    : Downloading rs services file from https://runestone.academy/cdn/runestone/latest/webpack_static_imports.xml.
INFO    : Runestone Services via online CDN query: version 7.10.0
INFO    : Downloading Runestone Services, version 7.10.0
INFO    : Extracting Runestone Services from archive file
INFO    : Building custom css theme: theme-denver
INFO    : converting /Users/ajp/Dropbox/COD/Engineering 2210 - Circuit Analysis 1/new-Textbook/source/main.ptx to HTML in /var/folders/71/k29x_9652hd1cgj7kgcqdk400000gn/T/ptx-7gt10pxd
INFO    : XSL conversion of /Users/ajp/Dropbox/COD/Engineering 2210 - Circuit Analysis 1/new-Textbook/source/main.ptx by /Users/ajp/.ptx/2.30.2/core/xsl/pretext-html.xsl
INFO    : messages from the log for XSL processing:
ERROR   : * PTX:ERROR: the @xml:id value "ch1-dampedsinegraph" should be unique, but is authored multiple times.
INFO    : *            Results will be unpredictable, and likely incorrect.  Information on the locations follows:
INFO    : *              located within: "ch1-dampedsinegraph" (xml:id)
INFO    : *              located within: "ch1-dampedsinegraph" (xml:id)
ERROR   : * PTX:ERROR: the @xml:id value "dampedsinegraph" should be unique, but is authored multiple times.
INFO    : *            Results will be unpredictable, and likely incorrect.  Information on the locations follows:
INFO    : *              located within: "dampedsinegraph" (xml:id)
INFO    : *              located within: "dampedsinegraph" (xml:id)
INFO    : * PTX:INFO:   checking all deprecated elements.
ERROR   : * PTX:ERROR:   a cross-reference ("xref") uses references [circuit11exercise] that do not point to any target, or perhaps point to multiple targets.  Maybe you typed an @xml:id value wrong, maybe the target of the @xml:id is nonexistent, or maybe you temporarily removed the target from your source, or maybe an auxiliary file contains a duplicate.  Your output will contain some placeholder text that you will not want to distribute to your readers.
INFO    : *              located within: "power11exercise" (xml:id)
ERROR   : * PTX:ERROR:   a cross-reference ("xref") uses references [circuit11exercise] that do not point to any target, or perhaps point to multiple targets.  Maybe you typed an @xml:id value wrong, maybe the target of the @xml:id is nonexistent, or maybe you temporarily removed the target from your source, or maybe an auxiliary file contains a duplicate.  Your output will contain some placeholder text that you will not want to distribute to your readers.
INFO    : *              located within: "power11exercise" (xml:id)
INFO    : successful application of /Users/ajp/.ptx/2.30.2/core/xsl/pretext-html.xsl
WARNING : Failed to map codechat path to xml id; codechat will not work.
INFO    : Removing temporary directory /var/folders/71/k29x_9652hd1cgj7kgcqdk400000gn/T/ptx-7gt10pxd
INFO    : Removing temporary directory /var/folders/71/k29x_9652hd1cgj7kgcqdk400000gn/T/ptx-fx04650f
INFO    : 
Finished build for target web. Run `pretext view web` to see the results.

CRITICAL: There were errors during the build.  See above.
INFO    : ------------------------
CRITICAL: Failed to build without errors.  Exiting...
INFO    : 
----------------------------------------------------
INFO    : While running pretext, the following errors occurred:

INFO    : (see log messages above or in the 'logs' folder for more information)
INFO    : ----------------------------------------------------
