INFO    : Building target web
INFO    : XSL conversion of /Users/ajp/new-pretext-project/source/main.ptx by /Users/ajp/.ptx/2.28.2/core/xsl/utilities/pretext-enhanced-source.xsl
INFO    : messages from the log for XSL processing:
WARNING : * PTX:WARNING: The "" style requested in publication/html/css is deprecated. Your book will be built with theme="default-modern". See the PreTeXt Guide for options for the newer HTML themes and their specification .
INFO    : successful application of /Users/ajp/.ptx/2.28.2/core/xsl/utilities/pretext-enhanced-source.xsl
INFO    : Generating any needed assets.
INFO    : XSL conversion of /Users/ajp/new-pretext-project/source/main.ptx by /Users/ajp/.ptx/2.28.2/core/xsl/utilities/pretext-enhanced-source.xsl
INFO    : messages from the log for XSL processing:
WARNING : * PTX:WARNING: The "" style requested in publication/html/css is deprecated. Your book will be built with theme="default-modern". See the PreTeXt Guide for options for the newer HTML themes and their specification .
INFO    : successful application of /Users/ajp/.ptx/2.28.2/core/xsl/utilities/pretext-enhanced-source.xsl
INFO    : XSL conversion of /Users/ajp/new-pretext-project/source/main.ptx by /Users/ajp/.ptx/2.28.2/core/xsl/utilities/pretext-enhanced-source.xsl
INFO    : messages from the log for XSL processing:
WARNING : * PTX:WARNING: The "" style requested in publication/html/css is deprecated. Your book will be built with theme="default-modern". See the PreTeXt Guide for options for the newer HTML themes and their specification .
INFO    : successful application of /Users/ajp/.ptx/2.28.2/core/xsl/utilities/pretext-enhanced-source.xsl
INFO    : XSL conversion of /Users/ajp/new-pretext-project/source/main.ptx by /Users/ajp/.ptx/2.28.2/core/xsl/utilities/pretext-enhanced-source.xsl
INFO    : messages from the log for XSL processing:
WARNING : * PTX:WARNING: The "" style requested in publication/html/css is deprecated. Your book will be built with theme="default-modern". See the PreTeXt Guide for options for the newer HTML themes and their specification .
INFO    : successful application of /Users/ajp/.ptx/2.28.2/core/xsl/utilities/pretext-enhanced-source.xsl
INFO    : XSL conversion of /Users/ajp/new-pretext-project/source/main.ptx by /Users/ajp/.ptx/2.28.2/core/xsl/utilities/pretext-enhanced-source.xsl
INFO    : messages from the log for XSL processing:
WARNING : * PTX:WARNING: The "" style requested in publication/html/css is deprecated. Your book will be built with theme="default-modern". See the PreTeXt Guide for options for the newer HTML themes and their specification .
INFO    : successful application of /Users/ajp/.ptx/2.28.2/core/xsl/utilities/pretext-enhanced-source.xsl
INFO    : XSL conversion of /Users/ajp/new-pretext-project/source/main.ptx by /Users/ajp/.ptx/2.28.2/core/xsl/utilities/pretext-enhanced-source.xsl
INFO    : messages from the log for XSL processing:
WARNING : * PTX:WARNING: The "" style requested in publication/html/css is deprecated. Your book will be built with theme="default-modern". See the PreTeXt Guide for options for the newer HTML themes and their specification .
INFO    : successful application of /Users/ajp/.ptx/2.28.2/core/xsl/utilities/pretext-enhanced-source.xsl
INFO    : XSL conversion of /Users/ajp/new-pretext-project/source/main.ptx by /Users/ajp/.ptx/2.28.2/core/xsl/utilities/pretext-enhanced-source.xsl
INFO    : messages from the log for XSL processing:
WARNING : * PTX:WARNING: The "" style requested in publication/html/css is deprecated. Your book will be built with theme="default-modern". See the PreTeXt Guide for options for the newer HTML themes and their specification .
INFO    : successful application of /Users/ajp/.ptx/2.28.2/core/xsl/utilities/pretext-enhanced-source.xsl
INFO    : XSL conversion of /Users/ajp/new-pretext-project/source/main.ptx by /Users/ajp/.ptx/2.28.2/core/xsl/utilities/pretext-enhanced-source.xsl
INFO    : messages from the log for XSL processing:
WARNING : * PTX:WARNING: The "" style requested in publication/html/css is deprecated. Your book will be built with theme="default-modern". See the PreTeXt Guide for options for the newer HTML themes and their specification .
INFO    : successful application of /Users/ajp/.ptx/2.28.2/core/xsl/utilities/pretext-enhanced-source.xsl
INFO    : XSL conversion of /Users/ajp/new-pretext-project/source/main.ptx by /Users/ajp/.ptx/2.28.2/core/xsl/utilities/pretext-enhanced-source.xsl
INFO    : messages from the log for XSL processing:
WARNING : * PTX:WARNING: The "" style requested in publication/html/css is deprecated. Your book will be built with theme="default-modern". See the PreTeXt Guide for options for the newer HTML themes and their specification .
INFO    : successful application of /Users/ajp/.ptx/2.28.2/core/xsl/utilities/pretext-enhanced-source.xsl
INFO    : XSL conversion of /Users/ajp/new-pretext-project/source/main.ptx by /Users/ajp/.ptx/2.28.2/core/xsl/utilities/pretext-enhanced-source.xsl
INFO    : messages from the log for XSL processing:
WARNING : * PTX:WARNING: The "" style requested in publication/html/css is deprecated. Your book will be built with theme="default-modern". See the PreTeXt Guide for options for the newer HTML themes and their specification .
INFO    : successful application of /Users/ajp/.ptx/2.28.2/core/xsl/utilities/pretext-enhanced-source.xsl
INFO    : XSL conversion of /Users/ajp/new-pretext-project/source/main.ptx by /Users/ajp/.ptx/2.28.2/core/xsl/utilities/pretext-enhanced-source.xsl
INFO    : messages from the log for XSL processing:
WARNING : * PTX:WARNING: The "" style requested in publication/html/css is deprecated. Your book will be built with theme="default-modern". See the PreTeXt Guide for options for the newer HTML themes and their specification .
INFO    : successful application of /Users/ajp/.ptx/2.28.2/core/xsl/utilities/pretext-enhanced-source.xsl
INFO    : XSL conversion of /Users/ajp/new-pretext-project/source/main.ptx by /Users/ajp/.ptx/2.28.2/core/xsl/utilities/pretext-enhanced-source.xsl
INFO    : messages from the log for XSL processing:
WARNING : * PTX:WARNING: The "" style requested in publication/html/css is deprecated. Your book will be built with theme="default-modern". See the PreTeXt Guide for options for the newer HTML themes and their specification .
INFO    : successful application of /Users/ajp/.ptx/2.28.2/core/xsl/utilities/pretext-enhanced-source.xsl
INFO    : XSL conversion of /Users/ajp/new-pretext-project/source/main.ptx by /Users/ajp/.ptx/2.28.2/core/xsl/utilities/pretext-enhanced-source.xsl
INFO    : messages from the log for XSL processing:
WARNING : * PTX:WARNING: The "" style requested in publication/html/css is deprecated. Your book will be built with theme="default-modern". See the PreTeXt Guide for options for the newer HTML themes and their specification .
INFO    : successful application of /Users/ajp/.ptx/2.28.2/core/xsl/utilities/pretext-enhanced-source.xsl
INFO    : XSL conversion of /Users/ajp/new-pretext-project/source/main.ptx by /Users/ajp/.ptx/2.28.2/core/xsl/utilities/pretext-enhanced-source.xsl
INFO    : messages from the log for XSL processing:
WARNING : * PTX:WARNING: The "" style requested in publication/html/css is deprecated. Your book will be built with theme="default-modern". See the PreTeXt Guide for options for the newer HTML themes and their specification .
INFO    : successful application of /Users/ajp/.ptx/2.28.2/core/xsl/utilities/pretext-enhanced-source.xsl
INFO    : XSL conversion of /Users/ajp/new-pretext-project/source/main.ptx by /Users/ajp/.ptx/2.28.2/core/xsl/utilities/pretext-enhanced-source.xsl
INFO    : messages from the log for XSL processing:
WARNING : * PTX:WARNING: The "" style requested in publication/html/css is deprecated. Your book will be built with theme="default-modern". See the PreTeXt Guide for options for the newer HTML themes and their specification .
INFO    : successful application of /Users/ajp/.ptx/2.28.2/core/xsl/utilities/pretext-enhanced-source.xsl
INFO    : XSL conversion of /Users/ajp/new-pretext-project/source/main.ptx by /Users/ajp/.ptx/2.28.2/core/xsl/utilities/pretext-enhanced-source.xsl
INFO    : messages from the log for XSL processing:
WARNING : * PTX:WARNING: The "" style requested in publication/html/css is deprecated. Your book will be built with theme="default-modern". See the PreTeXt Guide for options for the newer HTML themes and their specification .
INFO    : successful application of /Users/ajp/.ptx/2.28.2/core/xsl/utilities/pretext-enhanced-source.xsl
INFO    : XSL conversion of /Users/ajp/new-pretext-project/source/main.ptx by /Users/ajp/.ptx/2.28.2/core/xsl/utilities/pretext-enhanced-source.xsl
INFO    : messages from the log for XSL processing:
WARNING : * PTX:WARNING: The "" style requested in publication/html/css is deprecated. Your book will be built with theme="default-modern". See the PreTeXt Guide for options for the newer HTML themes and their specification .
INFO    : successful application of /Users/ajp/.ptx/2.28.2/core/xsl/utilities/pretext-enhanced-source.xsl
INFO    : XSL conversion of /Users/ajp/new-pretext-project/source/main.ptx by /Users/ajp/.ptx/2.28.2/core/xsl/utilities/pretext-enhanced-source.xsl
INFO    : messages from the log for XSL processing:
WARNING : * PTX:WARNING: The "" style requested in publication/html/css is deprecated. Your book will be built with theme="default-modern". See the PreTeXt Guide for options for the newer HTML themes and their specification .
INFO    : successful application of /Users/ajp/.ptx/2.28.2/core/xsl/utilities/pretext-enhanced-source.xsl
INFO    : Finished generating assets.

INFO    : Preparing to build into /Users/ajp/new-pretext-project/output/web.
INFO    : discovering source file's directory name: /Users/ajp/new-pretext-project/source
INFO    : verifying and expanding input directory: /Users/ajp/new-pretext-project/source/../generated-assets
INFO    : input directory expanded to absolute path: /Users/ajp/new-pretext-project/generated-assets
INFO    : verifying and expanding input directory: /Users/ajp/new-pretext-project/source/../assets
INFO    : input directory expanded to absolute path: /Users/ajp/new-pretext-project/assets
INFO    : discovering source file's directory name: /Users/ajp/new-pretext-project/source
INFO    : XSL conversion of /Users/ajp/new-pretext-project/source/main.ptx by /Users/ajp/.ptx/2.28.2/core/xsl/utilities/report-publisher-variables.xsl
INFO    : messages from the log for XSL processing:
WARNING : * PTX:WARNING: The "" style requested in publication/html/css is deprecated. Your book will be built with theme="default-modern". See the PreTeXt Guide for options for the newer HTML themes and their specification .
INFO    : successful application of /Users/ajp/.ptx/2.28.2/core/xsl/utilities/report-publisher-variables.xsl
INFO    : Downloading rs services file from https://runestone.academy/cdn/runestone/latest/webpack_static_imports.xml.
INFO    : Runestone Services via online CDN query: version 7.9.8
INFO    : Downloading Runestone Services, version 7.9.8
INFO    : Extracting Runestone Services from archive file
INFO    : Building custom css theme: theme-default-modern
INFO    : converting /Users/ajp/new-pretext-project/source/main.ptx to HTML in /var/folders/71/k29x_9652hd1cgj7kgcqdk400000gn/T/ptx-9kd9it9q
INFO    : XSL conversion of /Users/ajp/new-pretext-project/source/main.ptx by /Users/ajp/.ptx/2.28.2/core/xsl/pretext-html.xsl
INFO    : messages from the log for XSL processing:
WARNING : * PTX:WARNING: The "" style requested in publication/html/css is deprecated. Your book will be built with theme="default-modern". See the PreTeXt Guide for options for the newer HTML themes and their specification .
INFO    : * PTX:INFO:   checking ONLY the last TWO YEARS of element deprecations.
Rerun with the string parameter "author.deprecations.all" set to "yes" to check your source against all deprecations.
INFO    : successful application of /Users/ajp/.ptx/2.28.2/core/xsl/pretext-html.xsl
INFO    : Removing temporary directory /var/folders/71/k29x_9652hd1cgj7kgcqdk400000gn/T/ptx-9kd9it9q
INFO    : Removing temporary directory /var/folders/71/k29x_9652hd1cgj7kgcqdk400000gn/T/ptx-k61el1_f
INFO    : 
Finished build for target web. Run `pretext view web` to see the results.

INFO    : 
Success!  Built requested target(s) without errors.

INFO    : 
