INFO    : Building target web
INFO    : XSL conversion of /Users/ajp/Dropbox/COD/Engineering 2223 - Microcontrollers/ENGIN-2223_yellow_book/source/main.ptx by /Users/ajp/.ptx/2.28.2/core/xsl/utilities/pretext-enhanced-source.xsl
INFO    : successful application of /Users/ajp/.ptx/2.28.2/core/xsl/utilities/pretext-enhanced-source.xsl
INFO    : Generating any needed assets.
INFO    : XSL conversion of /Users/ajp/Dropbox/COD/Engineering 2223 - Microcontrollers/ENGIN-2223_yellow_book/source/main.ptx by /Users/ajp/.ptx/2.28.2/core/xsl/utilities/pretext-enhanced-source.xsl
INFO    : successful application of /Users/ajp/.ptx/2.28.2/core/xsl/utilities/pretext-enhanced-source.xsl
INFO    : XSL conversion of /Users/ajp/Dropbox/COD/Engineering 2223 - Microcontrollers/ENGIN-2223_yellow_book/source/main.ptx by /Users/ajp/.ptx/2.28.2/core/xsl/utilities/pretext-enhanced-source.xsl
INFO    : successful application of /Users/ajp/.ptx/2.28.2/core/xsl/utilities/pretext-enhanced-source.xsl
INFO    : XSL conversion of /Users/ajp/Dropbox/COD/Engineering 2223 - Microcontrollers/ENGIN-2223_yellow_book/source/main.ptx by /Users/ajp/.ptx/2.28.2/core/xsl/utilities/pretext-enhanced-source.xsl
INFO    : successful application of /Users/ajp/.ptx/2.28.2/core/xsl/utilities/pretext-enhanced-source.xsl
INFO    : XSL conversion of /Users/ajp/Dropbox/COD/Engineering 2223 - Microcontrollers/ENGIN-2223_yellow_book/source/main.ptx by /Users/ajp/.ptx/2.28.2/core/xsl/utilities/pretext-enhanced-source.xsl
INFO    : successful application of /Users/ajp/.ptx/2.28.2/core/xsl/utilities/pretext-enhanced-source.xsl
INFO    : XSL conversion of /Users/ajp/Dropbox/COD/Engineering 2223 - Microcontrollers/ENGIN-2223_yellow_book/source/main.ptx by /Users/ajp/.ptx/2.28.2/core/xsl/utilities/pretext-enhanced-source.xsl
INFO    : successful application of /Users/ajp/.ptx/2.28.2/core/xsl/utilities/pretext-enhanced-source.xsl
INFO    : XSL conversion of /Users/ajp/Dropbox/COD/Engineering 2223 - Microcontrollers/ENGIN-2223_yellow_book/source/main.ptx by /Users/ajp/.ptx/2.28.2/core/xsl/utilities/pretext-enhanced-source.xsl
INFO    : successful application of /Users/ajp/.ptx/2.28.2/core/xsl/utilities/pretext-enhanced-source.xsl
INFO    : XSL conversion of /Users/ajp/Dropbox/COD/Engineering 2223 - Microcontrollers/ENGIN-2223_yellow_book/source/main.ptx by /Users/ajp/.ptx/2.28.2/core/xsl/utilities/pretext-enhanced-source.xsl
INFO    : successful application of /Users/ajp/.ptx/2.28.2/core/xsl/utilities/pretext-enhanced-source.xsl
INFO    : XSL conversion of /Users/ajp/Dropbox/COD/Engineering 2223 - Microcontrollers/ENGIN-2223_yellow_book/source/main.ptx by /Users/ajp/.ptx/2.28.2/core/xsl/utilities/pretext-enhanced-source.xsl
INFO    : successful application of /Users/ajp/.ptx/2.28.2/core/xsl/utilities/pretext-enhanced-source.xsl
INFO    : XSL conversion of /Users/ajp/Dropbox/COD/Engineering 2223 - Microcontrollers/ENGIN-2223_yellow_book/source/main.ptx by /Users/ajp/.ptx/2.28.2/core/xsl/utilities/pretext-enhanced-source.xsl
INFO    : successful application of /Users/ajp/.ptx/2.28.2/core/xsl/utilities/pretext-enhanced-source.xsl
INFO    : XSL conversion of /Users/ajp/Dropbox/COD/Engineering 2223 - Microcontrollers/ENGIN-2223_yellow_book/source/main.ptx by /Users/ajp/.ptx/2.28.2/core/xsl/utilities/pretext-enhanced-source.xsl
INFO    : successful application of /Users/ajp/.ptx/2.28.2/core/xsl/utilities/pretext-enhanced-source.xsl
INFO    : XSL conversion of /Users/ajp/Dropbox/COD/Engineering 2223 - Microcontrollers/ENGIN-2223_yellow_book/source/main.ptx by /Users/ajp/.ptx/2.28.2/core/xsl/utilities/pretext-enhanced-source.xsl
INFO    : successful application of /Users/ajp/.ptx/2.28.2/core/xsl/utilities/pretext-enhanced-source.xsl
INFO    : XSL conversion of /Users/ajp/Dropbox/COD/Engineering 2223 - Microcontrollers/ENGIN-2223_yellow_book/source/main.ptx by /Users/ajp/.ptx/2.28.2/core/xsl/utilities/pretext-enhanced-source.xsl
INFO    : successful application of /Users/ajp/.ptx/2.28.2/core/xsl/utilities/pretext-enhanced-source.xsl
INFO    : XSL conversion of /Users/ajp/Dropbox/COD/Engineering 2223 - Microcontrollers/ENGIN-2223_yellow_book/source/main.ptx by /Users/ajp/.ptx/2.28.2/core/xsl/utilities/pretext-enhanced-source.xsl
INFO    : successful application of /Users/ajp/.ptx/2.28.2/core/xsl/utilities/pretext-enhanced-source.xsl
INFO    : XSL conversion of /Users/ajp/Dropbox/COD/Engineering 2223 - Microcontrollers/ENGIN-2223_yellow_book/source/main.ptx by /Users/ajp/.ptx/2.28.2/core/xsl/utilities/pretext-enhanced-source.xsl
INFO    : successful application of /Users/ajp/.ptx/2.28.2/core/xsl/utilities/pretext-enhanced-source.xsl
INFO    : XSL conversion of /Users/ajp/Dropbox/COD/Engineering 2223 - Microcontrollers/ENGIN-2223_yellow_book/source/main.ptx by /Users/ajp/.ptx/2.28.2/core/xsl/utilities/pretext-enhanced-source.xsl
INFO    : successful application of /Users/ajp/.ptx/2.28.2/core/xsl/utilities/pretext-enhanced-source.xsl
INFO    : XSL conversion of /Users/ajp/Dropbox/COD/Engineering 2223 - Microcontrollers/ENGIN-2223_yellow_book/source/main.ptx by /Users/ajp/.ptx/2.28.2/core/xsl/utilities/pretext-enhanced-source.xsl
INFO    : successful application of /Users/ajp/.ptx/2.28.2/core/xsl/utilities/pretext-enhanced-source.xsl
INFO    : XSL conversion of /Users/ajp/Dropbox/COD/Engineering 2223 - Microcontrollers/ENGIN-2223_yellow_book/source/main.ptx by /Users/ajp/.ptx/2.28.2/core/xsl/utilities/pretext-enhanced-source.xsl
INFO    : successful application of /Users/ajp/.ptx/2.28.2/core/xsl/utilities/pretext-enhanced-source.xsl
INFO    : converting latex-image pictures from /Users/ajp/Dropbox/COD/Engineering 2223 - Microcontrollers/ENGIN-2223_yellow_book/source/main.ptx to svg graphics for placement in /Users/ajp/Dropbox/COD/Engineering 2223 - Microcontrollers/ENGIN-2223_yellow_book/generated-assets/latex-image
INFO    : extracting latex-image pictures from /Users/ajp/Dropbox/COD/Engineering 2223 - Microcontrollers/ENGIN-2223_yellow_book/source/main.ptx
INFO    : string parameters passed to extraction stylesheet: {'cli.version': '2.28', 'publisher': '/Users/ajp/Dropbox/COD/Engineering 2223 - Microcontrollers/ENGIN-2223_yellow_book/publication/publication.ptx'}
INFO    : discovering source file's directory name: /Users/ajp/Dropbox/COD/Engineering 2223 - Microcontrollers/ENGIN-2223_yellow_book/source
INFO    : verifying and expanding input directory: /Users/ajp/Dropbox/COD/Engineering 2223 - Microcontrollers/ENGIN-2223_yellow_book/source/../generated-assets
INFO    : input directory expanded to absolute path: /Users/ajp/Dropbox/COD/Engineering 2223 - Microcontrollers/ENGIN-2223_yellow_book/generated-assets
INFO    : verifying and expanding input directory: /Users/ajp/Dropbox/COD/Engineering 2223 - Microcontrollers/ENGIN-2223_yellow_book/source/../assets
INFO    : input directory expanded to absolute path: /Users/ajp/Dropbox/COD/Engineering 2223 - Microcontrollers/ENGIN-2223_yellow_book/assets
INFO    : discovering source file's directory name: /Users/ajp/Dropbox/COD/Engineering 2223 - Microcontrollers/ENGIN-2223_yellow_book/source
INFO    : XSL conversion of /Users/ajp/Dropbox/COD/Engineering 2223 - Microcontrollers/ENGIN-2223_yellow_book/source/main.ptx by /Users/ajp/.ptx/2.28.2/core/xsl/extract-latex-image.xsl
INFO    : messages from the log for XSL processing:
INFO    : * PTX:INFO:   checking ONLY the last TWO YEARS of element deprecations.
Rerun with the string parameter "author.deprecations.all" set to "yes" to check your source against all deprecations.
INFO    : successful application of /Users/ajp/.ptx/2.28.2/core/xsl/extract-latex-image.xsl
INFO    : converting analogsignalquantized.tex to analogsignalquantized.pdf
INFO    : cropping analogsignalquantized.pdf to cropped-analogsignalquantized.pdf
INFO    : renaming cropped-analogsignalquantized.pdf to analogsignalquantized.pdf
INFO    : converting analogsignalquantized.pdf to analogsignalquantized.svg
INFO    : converting parallelinstructionfetch.tex to parallelinstructionfetch.pdf
INFO    : cropping parallelinstructionfetch.pdf to cropped-parallelinstructionfetch.pdf
INFO    : renaming cropped-parallelinstructionfetch.pdf to parallelinstructionfetch.pdf
INFO    : converting parallelinstructionfetch.pdf to parallelinstructionfetch.svg
INFO    : converting floatinggateschematic.tex to floatinggateschematic.pdf
INFO    : cropping floatinggateschematic.pdf to cropped-floatinggateschematic.pdf
INFO    : renaming cropped-floatinggateschematic.pdf to floatinggateschematic.pdf
INFO    : converting floatinggateschematic.pdf to floatinggateschematic.svg
INFO    : converting dramschematic.tex to dramschematic.pdf
INFO    : cropping dramschematic.pdf to cropped-dramschematic.pdf
INFO    : renaming cropped-dramschematic.pdf to dramschematic.pdf
INFO    : converting dramschematic.pdf to dramschematic.svg
INFO    : converting instructionexecstatediagram.tex to instructionexecstatediagram.pdf
INFO    : cropping instructionexecstatediagram.pdf to cropped-instructionexecstatediagram.pdf
INFO    : renaming cropped-instructionexecstatediagram.pdf to instructionexecstatediagram.pdf
INFO    : converting instructionexecstatediagram.pdf to instructionexecstatediagram.svg
INFO    : converting siporegisterschematic.tex to siporegisterschematic.pdf
INFO    : cropping siporegisterschematic.pdf to cropped-siporegisterschematic.pdf
INFO    : renaming cropped-siporegisterschematic.pdf to siporegisterschematic.pdf
INFO    : converting siporegisterschematic.pdf to siporegisterschematic.svg
INFO    : converting harvardarchitecture.tex to harvardarchitecture.pdf
INFO    : cropping harvardarchitecture.pdf to cropped-harvardarchitecture.pdf
INFO    : renaming cropped-harvardarchitecture.pdf to harvardarchitecture.pdf
INFO    : converting harvardarchitecture.pdf to harvardarchitecture.svg
INFO    : converting analogsignalsampled.tex to analogsignalsampled.pdf
INFO    : cropping analogsignalsampled.pdf to cropped-analogsignalsampled.pdf
INFO    : renaming cropped-analogsignalsampled.pdf to analogsignalsampled.pdf
INFO    : converting analogsignalsampled.pdf to analogsignalsampled.svg
INFO    : converting piporegisterschematic.tex to piporegisterschematic.pdf
INFO    : cropping piporegisterschematic.pdf to cropped-piporegisterschematic.pdf
INFO    : renaming cropped-piporegisterschematic.pdf to piporegisterschematic.pdf
INFO    : converting piporegisterschematic.pdf to piporegisterschematic.svg
INFO    : converting blkdiagram.tex to blkdiagram.pdf
INFO    : cropping blkdiagram.pdf to cropped-blkdiagram.pdf
INFO    : renaming cropped-blkdiagram.pdf to blkdiagram.pdf
INFO    : converting blkdiagram.pdf to blkdiagram.svg
INFO    : converting exampleflowchart.tex to exampleflowchart.pdf
INFO    : cropping exampleflowchart.pdf to cropped-exampleflowchart.pdf
INFO    : renaming cropped-exampleflowchart.pdf to exampleflowchart.pdf
INFO    : converting exampleflowchart.pdf to exampleflowchart.svg
INFO    : converting busdiagrams.tex to busdiagrams.pdf
INFO    : cropping busdiagrams.pdf to cropped-busdiagrams.pdf
INFO    : renaming cropped-busdiagrams.pdf to busdiagrams.pdf
INFO    : converting busdiagrams.pdf to busdiagrams.svg
INFO    : converting ch2sisoregister.tex to ch2sisoregister.pdf
INFO    : cropping ch2sisoregister.pdf to cropped-ch2sisoregister.pdf
INFO    : renaming cropped-ch2sisoregister.pdf to ch2sisoregister.pdf
INFO    : converting ch2sisoregister.pdf to ch2sisoregister.svg
INFO    : converting vonneumannarchitecture.tex to vonneumannarchitecture.pdf
INFO    : cropping vonneumannarchitecture.pdf to cropped-vonneumannarchitecture.pdf
INFO    : renaming cropped-vonneumannarchitecture.pdf to vonneumannarchitecture.pdf
INFO    : converting vonneumannarchitecture.pdf to vonneumannarchitecture.svg
INFO    : converting analogsignal.tex to analogsignal.pdf
INFO    : cropping analogsignal.pdf to cropped-analogsignal.pdf
INFO    : renaming cropped-analogsignal.pdf to analogsignal.pdf
INFO    : converting analogsignal.pdf to analogsignal.svg
INFO    : converting languagehierarchy.tex to languagehierarchy.pdf
INFO    : cropping languagehierarchy.pdf to cropped-languagehierarchy.pdf
INFO    : renaming cropped-languagehierarchy.pdf to languagehierarchy.pdf
INFO    : converting languagehierarchy.pdf to languagehierarchy.svg
INFO    : converting sramschematic.tex to sramschematic.pdf
INFO    : cropping sramschematic.pdf to cropped-sramschematic.pdf
INFO    : renaming cropped-sramschematic.pdf to sramschematic.pdf
INFO    : converting sramschematic.pdf to sramschematic.svg
INFO    : converting pisoregisterschematic.tex to pisoregisterschematic.pdf
INFO    : cropping pisoregisterschematic.pdf to cropped-pisoregisterschematic.pdf
INFO    : renaming cropped-pisoregisterschematic.pdf to pisoregisterschematic.pdf
INFO    : converting pisoregisterschematic.pdf to pisoregisterschematic.svg
INFO    : converting programcounterschematic.tex to programcounterschematic.pdf
INFO    : cropping programcounterschematic.pdf to cropped-programcounterschematic.pdf
INFO    : renaming cropped-programcounterschematic.pdf to programcounterschematic.pdf
INFO    : converting programcounterschematic.pdf to programcounterschematic.svg
INFO    : Removing temporary directory /var/folders/71/k29x_9652hd1cgj7kgcqdk400000gn/T/ptx-l9uqv7uz
INFO    : Finished generating assets.

INFO    : Preparing to build into /Users/ajp/Dropbox/COD/Engineering 2223 - Microcontrollers/ENGIN-2223_yellow_book/output/web.
INFO    : discovering source file's directory name: /Users/ajp/Dropbox/COD/Engineering 2223 - Microcontrollers/ENGIN-2223_yellow_book/source
INFO    : verifying and expanding input directory: /Users/ajp/Dropbox/COD/Engineering 2223 - Microcontrollers/ENGIN-2223_yellow_book/source/../generated-assets
INFO    : input directory expanded to absolute path: /Users/ajp/Dropbox/COD/Engineering 2223 - Microcontrollers/ENGIN-2223_yellow_book/generated-assets
INFO    : verifying and expanding input directory: /Users/ajp/Dropbox/COD/Engineering 2223 - Microcontrollers/ENGIN-2223_yellow_book/source/../assets
INFO    : input directory expanded to absolute path: /Users/ajp/Dropbox/COD/Engineering 2223 - Microcontrollers/ENGIN-2223_yellow_book/assets
INFO    : discovering source file's directory name: /Users/ajp/Dropbox/COD/Engineering 2223 - Microcontrollers/ENGIN-2223_yellow_book/source
INFO    : XSL conversion of /Users/ajp/Dropbox/COD/Engineering 2223 - Microcontrollers/ENGIN-2223_yellow_book/source/main.ptx by /Users/ajp/.ptx/2.28.2/core/xsl/utilities/report-publisher-variables.xsl
INFO    : successful application of /Users/ajp/.ptx/2.28.2/core/xsl/utilities/report-publisher-variables.xsl
INFO    : Downloading rs services file from https://runestone.academy/cdn/runestone/latest/webpack_static_imports.xml.
INFO    : Runestone Services via online CDN query: version 7.9.13
INFO    : Downloading Runestone Services, version 7.9.13
INFO    : Extracting Runestone Services from archive file
INFO    : Building custom css theme: theme-denver
INFO    : converting /Users/ajp/Dropbox/COD/Engineering 2223 - Microcontrollers/ENGIN-2223_yellow_book/source/main.ptx to HTML in /var/folders/71/k29x_9652hd1cgj7kgcqdk400000gn/T/ptx-epuk6sz0
INFO    : XSL conversion of /Users/ajp/Dropbox/COD/Engineering 2223 - Microcontrollers/ENGIN-2223_yellow_book/source/main.ptx by /Users/ajp/.ptx/2.28.2/core/xsl/pretext-html.xsl
INFO    : messages from the log for XSL processing:
INFO    : * PTX:INFO:   checking ONLY the last TWO YEARS of element deprecations.
Rerun with the string parameter "author.deprecations.all" set to "yes" to check your source against all deprecations.
INFO    : successful application of /Users/ajp/.ptx/2.28.2/core/xsl/pretext-html.xsl
INFO    : Removing temporary directory /var/folders/71/k29x_9652hd1cgj7kgcqdk400000gn/T/ptx-epuk6sz0
INFO    : Removing temporary directory /var/folders/71/k29x_9652hd1cgj7kgcqdk400000gn/T/ptx-au59ql_n
INFO    : 
Finished build for target web. Run `pretext view web` to see the results.

INFO    : 
Success!  Built requested target(s) without errors.

INFO    : 
