WARNING : Using CLI version 2.30.2 but project's `requirements.txt`
WARNING : is configured to use 2.29.2. Consider either installing
WARNING : CLI version 2.29.2 or running `pretext update`
WARNING : to update `requirements.txt` and other managed files to match 2.30.2.
INFO    : Building target web
INFO    : XSL conversion of /Users/ajp/Dropbox/COD/Engineering 2223 - Microcontrollers/ENGIN-2223_yellow_book/source/main.ptx by /Users/ajp/.ptx/2.30.2/core/xsl/utilities/pretext-enhanced-source.xsl
INFO    : successful application of /Users/ajp/.ptx/2.30.2/core/xsl/utilities/pretext-enhanced-source.xsl
INFO    : Generating any needed assets.
INFO    : XSL conversion of /Users/ajp/Dropbox/COD/Engineering 2223 - Microcontrollers/ENGIN-2223_yellow_book/source/main.ptx by /Users/ajp/.ptx/2.30.2/core/xsl/utilities/pretext-enhanced-source.xsl
INFO    : successful application of /Users/ajp/.ptx/2.30.2/core/xsl/utilities/pretext-enhanced-source.xsl
INFO    : XSL conversion of /Users/ajp/Dropbox/COD/Engineering 2223 - Microcontrollers/ENGIN-2223_yellow_book/source/main.ptx by /Users/ajp/.ptx/2.30.2/core/xsl/utilities/pretext-enhanced-source.xsl
INFO    : successful application of /Users/ajp/.ptx/2.30.2/core/xsl/utilities/pretext-enhanced-source.xsl
INFO    : XSL conversion of /Users/ajp/Dropbox/COD/Engineering 2223 - Microcontrollers/ENGIN-2223_yellow_book/source/main.ptx by /Users/ajp/.ptx/2.30.2/core/xsl/utilities/pretext-enhanced-source.xsl
INFO    : successful application of /Users/ajp/.ptx/2.30.2/core/xsl/utilities/pretext-enhanced-source.xsl
INFO    : XSL conversion of /Users/ajp/Dropbox/COD/Engineering 2223 - Microcontrollers/ENGIN-2223_yellow_book/source/main.ptx by /Users/ajp/.ptx/2.30.2/core/xsl/utilities/pretext-enhanced-source.xsl
INFO    : successful application of /Users/ajp/.ptx/2.30.2/core/xsl/utilities/pretext-enhanced-source.xsl
INFO    : XSL conversion of /Users/ajp/Dropbox/COD/Engineering 2223 - Microcontrollers/ENGIN-2223_yellow_book/source/main.ptx by /Users/ajp/.ptx/2.30.2/core/xsl/utilities/pretext-enhanced-source.xsl
INFO    : successful application of /Users/ajp/.ptx/2.30.2/core/xsl/utilities/pretext-enhanced-source.xsl
INFO    : XSL conversion of /Users/ajp/Dropbox/COD/Engineering 2223 - Microcontrollers/ENGIN-2223_yellow_book/source/main.ptx by /Users/ajp/.ptx/2.30.2/core/xsl/utilities/pretext-enhanced-source.xsl
INFO    : successful application of /Users/ajp/.ptx/2.30.2/core/xsl/utilities/pretext-enhanced-source.xsl
INFO    : XSL conversion of /Users/ajp/Dropbox/COD/Engineering 2223 - Microcontrollers/ENGIN-2223_yellow_book/source/main.ptx by /Users/ajp/.ptx/2.30.2/core/xsl/utilities/pretext-enhanced-source.xsl
INFO    : successful application of /Users/ajp/.ptx/2.30.2/core/xsl/utilities/pretext-enhanced-source.xsl
INFO    : XSL conversion of /Users/ajp/Dropbox/COD/Engineering 2223 - Microcontrollers/ENGIN-2223_yellow_book/source/main.ptx by /Users/ajp/.ptx/2.30.2/core/xsl/utilities/pretext-enhanced-source.xsl
INFO    : successful application of /Users/ajp/.ptx/2.30.2/core/xsl/utilities/pretext-enhanced-source.xsl
INFO    : XSL conversion of /Users/ajp/Dropbox/COD/Engineering 2223 - Microcontrollers/ENGIN-2223_yellow_book/source/main.ptx by /Users/ajp/.ptx/2.30.2/core/xsl/utilities/pretext-enhanced-source.xsl
INFO    : successful application of /Users/ajp/.ptx/2.30.2/core/xsl/utilities/pretext-enhanced-source.xsl
INFO    : XSL conversion of /Users/ajp/Dropbox/COD/Engineering 2223 - Microcontrollers/ENGIN-2223_yellow_book/source/main.ptx by /Users/ajp/.ptx/2.30.2/core/xsl/utilities/pretext-enhanced-source.xsl
INFO    : successful application of /Users/ajp/.ptx/2.30.2/core/xsl/utilities/pretext-enhanced-source.xsl
INFO    : XSL conversion of /Users/ajp/Dropbox/COD/Engineering 2223 - Microcontrollers/ENGIN-2223_yellow_book/source/main.ptx by /Users/ajp/.ptx/2.30.2/core/xsl/utilities/pretext-enhanced-source.xsl
INFO    : successful application of /Users/ajp/.ptx/2.30.2/core/xsl/utilities/pretext-enhanced-source.xsl
INFO    : XSL conversion of /Users/ajp/Dropbox/COD/Engineering 2223 - Microcontrollers/ENGIN-2223_yellow_book/source/main.ptx by /Users/ajp/.ptx/2.30.2/core/xsl/utilities/pretext-enhanced-source.xsl
INFO    : successful application of /Users/ajp/.ptx/2.30.2/core/xsl/utilities/pretext-enhanced-source.xsl
INFO    : XSL conversion of /Users/ajp/Dropbox/COD/Engineering 2223 - Microcontrollers/ENGIN-2223_yellow_book/source/main.ptx by /Users/ajp/.ptx/2.30.2/core/xsl/utilities/pretext-enhanced-source.xsl
INFO    : successful application of /Users/ajp/.ptx/2.30.2/core/xsl/utilities/pretext-enhanced-source.xsl
INFO    : XSL conversion of /Users/ajp/Dropbox/COD/Engineering 2223 - Microcontrollers/ENGIN-2223_yellow_book/source/main.ptx by /Users/ajp/.ptx/2.30.2/core/xsl/utilities/pretext-enhanced-source.xsl
INFO    : successful application of /Users/ajp/.ptx/2.30.2/core/xsl/utilities/pretext-enhanced-source.xsl
INFO    : XSL conversion of /Users/ajp/Dropbox/COD/Engineering 2223 - Microcontrollers/ENGIN-2223_yellow_book/source/main.ptx by /Users/ajp/.ptx/2.30.2/core/xsl/utilities/pretext-enhanced-source.xsl
INFO    : successful application of /Users/ajp/.ptx/2.30.2/core/xsl/utilities/pretext-enhanced-source.xsl
INFO    : XSL conversion of /Users/ajp/Dropbox/COD/Engineering 2223 - Microcontrollers/ENGIN-2223_yellow_book/source/main.ptx by /Users/ajp/.ptx/2.30.2/core/xsl/utilities/pretext-enhanced-source.xsl
INFO    : successful application of /Users/ajp/.ptx/2.30.2/core/xsl/utilities/pretext-enhanced-source.xsl
INFO    : XSL conversion of /Users/ajp/Dropbox/COD/Engineering 2223 - Microcontrollers/ENGIN-2223_yellow_book/source/main.ptx by /Users/ajp/.ptx/2.30.2/core/xsl/utilities/pretext-enhanced-source.xsl
INFO    : successful application of /Users/ajp/.ptx/2.30.2/core/xsl/utilities/pretext-enhanced-source.xsl
INFO    : Finished generating assets.

INFO    : Preparing to build into /Users/ajp/Dropbox/COD/Engineering 2223 - Microcontrollers/ENGIN-2223_yellow_book/output/web.
INFO    : discovering source file's directory name: /Users/ajp/Dropbox/COD/Engineering 2223 - Microcontrollers/ENGIN-2223_yellow_book/source
INFO    : verifying and expanding input directory: /Users/ajp/Dropbox/COD/Engineering 2223 - Microcontrollers/ENGIN-2223_yellow_book/source/../generated-assets
INFO    : input directory expanded to absolute path: /Users/ajp/Dropbox/COD/Engineering 2223 - Microcontrollers/ENGIN-2223_yellow_book/generated-assets
INFO    : verifying and expanding input directory: /Users/ajp/Dropbox/COD/Engineering 2223 - Microcontrollers/ENGIN-2223_yellow_book/source/../assets
INFO    : input directory expanded to absolute path: /Users/ajp/Dropbox/COD/Engineering 2223 - Microcontrollers/ENGIN-2223_yellow_book/assets
INFO    : discovering source file's directory name: /Users/ajp/Dropbox/COD/Engineering 2223 - Microcontrollers/ENGIN-2223_yellow_book/source
INFO    : XSL conversion of /Users/ajp/Dropbox/COD/Engineering 2223 - Microcontrollers/ENGIN-2223_yellow_book/source/main.ptx by /Users/ajp/.ptx/2.30.2/core/xsl/utilities/report-publisher-variables.xsl
INFO    : successful application of /Users/ajp/.ptx/2.30.2/core/xsl/utilities/report-publisher-variables.xsl
INFO    : Downloading rs services file from https://runestone.academy/cdn/runestone/latest/webpack_static_imports.xml.
INFO    : Runestone Services via online CDN query: version 7.10.0
INFO    : Downloading Runestone Services, version 7.10.0
INFO    : Extracting Runestone Services from archive file
INFO    : Building custom css theme: theme-denver
INFO    : converting /Users/ajp/Dropbox/COD/Engineering 2223 - Microcontrollers/ENGIN-2223_yellow_book/source/main.ptx to HTML in /var/folders/71/k29x_9652hd1cgj7kgcqdk400000gn/T/ptx-3jzdi8ah
INFO    : XSL conversion of /Users/ajp/Dropbox/COD/Engineering 2223 - Microcontrollers/ENGIN-2223_yellow_book/source/main.ptx by /Users/ajp/.ptx/2.30.2/core/xsl/pretext-html.xsl
INFO    : messages from the log for XSL processing:
INFO    : * PTX:INFO:   checking all deprecated elements.
ERROR   : * PTX:ERROR:   a cross-reference ("xref") uses references [] that do not point to any target, or perhaps point to multiple targets.  Maybe you typed an @xml:id value wrong, maybe the target of the @xml:id is nonexistent, or maybe you temporarily removed the target from your source, or maybe an auxiliary file contains a duplicate.  Your output will contain some placeholder text that you will not want to distribute to your readers.
INFO    : *              located within: "Subroutine execution in assembly" (title)
INFO    : successful application of /Users/ajp/.ptx/2.30.2/core/xsl/pretext-html.xsl
INFO    : Removing temporary directory /var/folders/71/k29x_9652hd1cgj7kgcqdk400000gn/T/ptx-3jzdi8ah
INFO    : Removing temporary directory /var/folders/71/k29x_9652hd1cgj7kgcqdk400000gn/T/ptx-lwsgsqhb
INFO    : 
Finished build for target web. Run `pretext view web` to see the results.

CRITICAL: There were errors during the build.  See above.
INFO    : ------------------------
CRITICAL: Failed to build without errors.  Exiting...
INFO    : 
----------------------------------------------------
INFO    : While running pretext, the following errors occurred:

INFO    : (see log messages above or in the 'logs' folder for more information)
INFO    : ----------------------------------------------------
