WARNING : Using CLI version 2.29.2 but project's `requirements.txt`
WARNING : is configured to use 2.28.2. Consider either installing
WARNING : CLI version 2.28.2 or running `pretext update`
WARNING : to update `requirements.txt` and other managed files to match 2.29.2.
INFO    : Building target web
ERROR   : XInclude Error caused build to fail:
ERROR   : /Users/ajp/Dropbox/COD/Engineering 2223 - Microcontrollers/ENGIN-2223_yellow_book/source/ch14-c.ptx:865:16:FATAL:PARSER:ERR_TAG_NAME_MISMATCH: Opening and ending tag mismatch: program line 864 and c
/Users/ajp/Dropbox/COD/Engineering 2223 - Microcontrollers/ENGIN-2223_yellow_book/source/ch14-c.ptx:865:26:FATAL:PARSER:ERR_TAG_NAME_MISMATCH: Opening and ending tag mismatch: statement line 863 and program
/Users/ajp/Dropbox/COD/Engineering 2223 - Microcontrollers/ENGIN-2223_yellow_book/source/ch14-c.ptx:866:22:FATAL:PARSER:ERR_TAG_NAME_MISMATCH: Opening and ending tag mismatch: exercise line 862 and statement
/Users/ajp/Dropbox/COD/Engineering 2223 - Microcontrollers/ENGIN-2223_yellow_book/source/ch14-c.ptx:870:17:FATAL:PARSER:ERR_TAG_NAME_MISMATCH: Opening and ending tag mismatch: exercises line 648 and exercise
/Users/ajp/Dropbox/COD/Engineering 2223 - Microcontrollers/ENGIN-2223_yellow_book/source/ch14-c.ptx:967:14:FATAL:PARSER:ERR_TAG_NAME_MISMATCH: Opening and ending tag mismatch: chapter line 3 and exercises
/Users/ajp/Dropbox/COD/Engineering 2223 - Microcontrollers/ENGIN-2223_yellow_book/source/main.ptx:27:0:ERROR:XINCLUDE:XINCLUDE_NO_FALLBACK: could not load /Users/ajp/Dropbox/COD/Engineering 2223 - Microcontrollers/ENGIN-2223_yellow_book/source/ch14-c.ptx, and no fallback was found
CRITICAL: XML syntax for source file is invalid
INFO    : ------------------------
CRITICAL: Failed to build without errors.  Exiting...
INFO    : 
----------------------------------------------------
INFO    : While running pretext, the following errors occurred:

INFO    : (see log messages above or in the 'logs' folder for more information)
INFO    : ----------------------------------------------------
