WARNING : Using CLI version 2.32.0 but project's `requirements.txt`
WARNING : is configured to use 2.30.2. Consider either installing
WARNING : CLI version 2.30.2 or running `pretext update`
WARNING : to update `requirements.txt` and other managed files to match 2.32.0.
INFO    : Building target web
INFO    : XSL conversion of /Users/lemontwist/Dropbox/COD/Engineering 2210 - Circuit Analysis 1/new-Textbook/source/main.ptx by /Users/lemontwist/.ptx/2.32.0/core/xsl/utilities/pretext-enhanced-source.xsl
INFO    : successful application of /Users/lemontwist/.ptx/2.32.0/core/xsl/utilities/pretext-enhanced-source.xsl
INFO    : Generating any needed assets.
INFO    : XSL conversion of /Users/lemontwist/Dropbox/COD/Engineering 2210 - Circuit Analysis 1/new-Textbook/source/main.ptx by /Users/lemontwist/.ptx/2.32.0/core/xsl/utilities/pretext-enhanced-source.xsl
INFO    : successful application of /Users/lemontwist/.ptx/2.32.0/core/xsl/utilities/pretext-enhanced-source.xsl
INFO    : XSL conversion of /Users/lemontwist/Dropbox/COD/Engineering 2210 - Circuit Analysis 1/new-Textbook/source/main.ptx by /Users/lemontwist/.ptx/2.32.0/core/xsl/utilities/pretext-enhanced-source.xsl
INFO    : successful application of /Users/lemontwist/.ptx/2.32.0/core/xsl/utilities/pretext-enhanced-source.xsl
INFO    : XSL conversion of /Users/lemontwist/Dropbox/COD/Engineering 2210 - Circuit Analysis 1/new-Textbook/source/main.ptx by /Users/lemontwist/.ptx/2.32.0/core/xsl/utilities/pretext-enhanced-source.xsl
INFO    : successful application of /Users/lemontwist/.ptx/2.32.0/core/xsl/utilities/pretext-enhanced-source.xsl
INFO    : XSL conversion of /Users/lemontwist/Dropbox/COD/Engineering 2210 - Circuit Analysis 1/new-Textbook/source/main.ptx by /Users/lemontwist/.ptx/2.32.0/core/xsl/utilities/pretext-enhanced-source.xsl
INFO    : successful application of /Users/lemontwist/.ptx/2.32.0/core/xsl/utilities/pretext-enhanced-source.xsl
INFO    : XSL conversion of /Users/lemontwist/Dropbox/COD/Engineering 2210 - Circuit Analysis 1/new-Textbook/source/main.ptx by /Users/lemontwist/.ptx/2.32.0/core/xsl/utilities/pretext-enhanced-source.xsl
INFO    : successful application of /Users/lemontwist/.ptx/2.32.0/core/xsl/utilities/pretext-enhanced-source.xsl
INFO    : XSL conversion of /Users/lemontwist/Dropbox/COD/Engineering 2210 - Circuit Analysis 1/new-Textbook/source/main.ptx by /Users/lemontwist/.ptx/2.32.0/core/xsl/utilities/pretext-enhanced-source.xsl
INFO    : successful application of /Users/lemontwist/.ptx/2.32.0/core/xsl/utilities/pretext-enhanced-source.xsl
INFO    : XSL conversion of /Users/lemontwist/Dropbox/COD/Engineering 2210 - Circuit Analysis 1/new-Textbook/source/main.ptx by /Users/lemontwist/.ptx/2.32.0/core/xsl/utilities/pretext-enhanced-source.xsl
INFO    : successful application of /Users/lemontwist/.ptx/2.32.0/core/xsl/utilities/pretext-enhanced-source.xsl
INFO    : XSL conversion of /Users/lemontwist/Dropbox/COD/Engineering 2210 - Circuit Analysis 1/new-Textbook/source/main.ptx by /Users/lemontwist/.ptx/2.32.0/core/xsl/utilities/pretext-enhanced-source.xsl
INFO    : successful application of /Users/lemontwist/.ptx/2.32.0/core/xsl/utilities/pretext-enhanced-source.xsl
INFO    : XSL conversion of /Users/lemontwist/Dropbox/COD/Engineering 2210 - Circuit Analysis 1/new-Textbook/source/main.ptx by /Users/lemontwist/.ptx/2.32.0/core/xsl/utilities/pretext-enhanced-source.xsl
INFO    : successful application of /Users/lemontwist/.ptx/2.32.0/core/xsl/utilities/pretext-enhanced-source.xsl
INFO    : XSL conversion of /Users/lemontwist/Dropbox/COD/Engineering 2210 - Circuit Analysis 1/new-Textbook/source/main.ptx by /Users/lemontwist/.ptx/2.32.0/core/xsl/utilities/pretext-enhanced-source.xsl
INFO    : successful application of /Users/lemontwist/.ptx/2.32.0/core/xsl/utilities/pretext-enhanced-source.xsl
INFO    : XSL conversion of /Users/lemontwist/Dropbox/COD/Engineering 2210 - Circuit Analysis 1/new-Textbook/source/main.ptx by /Users/lemontwist/.ptx/2.32.0/core/xsl/utilities/pretext-enhanced-source.xsl
INFO    : successful application of /Users/lemontwist/.ptx/2.32.0/core/xsl/utilities/pretext-enhanced-source.xsl
INFO    : XSL conversion of /Users/lemontwist/Dropbox/COD/Engineering 2210 - Circuit Analysis 1/new-Textbook/source/main.ptx by /Users/lemontwist/.ptx/2.32.0/core/xsl/utilities/pretext-enhanced-source.xsl
INFO    : successful application of /Users/lemontwist/.ptx/2.32.0/core/xsl/utilities/pretext-enhanced-source.xsl
INFO    : XSL conversion of /Users/lemontwist/Dropbox/COD/Engineering 2210 - Circuit Analysis 1/new-Textbook/source/main.ptx by /Users/lemontwist/.ptx/2.32.0/core/xsl/utilities/pretext-enhanced-source.xsl
INFO    : successful application of /Users/lemontwist/.ptx/2.32.0/core/xsl/utilities/pretext-enhanced-source.xsl
INFO    : XSL conversion of /Users/lemontwist/Dropbox/COD/Engineering 2210 - Circuit Analysis 1/new-Textbook/source/main.ptx by /Users/lemontwist/.ptx/2.32.0/core/xsl/utilities/pretext-enhanced-source.xsl
INFO    : successful application of /Users/lemontwist/.ptx/2.32.0/core/xsl/utilities/pretext-enhanced-source.xsl
INFO    : XSL conversion of /Users/lemontwist/Dropbox/COD/Engineering 2210 - Circuit Analysis 1/new-Textbook/source/main.ptx by /Users/lemontwist/.ptx/2.32.0/core/xsl/utilities/pretext-enhanced-source.xsl
INFO    : successful application of /Users/lemontwist/.ptx/2.32.0/core/xsl/utilities/pretext-enhanced-source.xsl
INFO    : XSL conversion of /Users/lemontwist/Dropbox/COD/Engineering 2210 - Circuit Analysis 1/new-Textbook/source/main.ptx by /Users/lemontwist/.ptx/2.32.0/core/xsl/utilities/pretext-enhanced-source.xsl
INFO    : successful application of /Users/lemontwist/.ptx/2.32.0/core/xsl/utilities/pretext-enhanced-source.xsl
INFO    : XSL conversion of /Users/lemontwist/Dropbox/COD/Engineering 2210 - Circuit Analysis 1/new-Textbook/source/main.ptx by /Users/lemontwist/.ptx/2.32.0/core/xsl/utilities/pretext-enhanced-source.xsl
INFO    : successful application of /Users/lemontwist/.ptx/2.32.0/core/xsl/utilities/pretext-enhanced-source.xsl
INFO    : converting latex-image pictures from /Users/lemontwist/Dropbox/COD/Engineering 2210 - Circuit Analysis 1/new-Textbook/source/main.ptx to svg graphics for placement in /Users/lemontwist/Dropbox/COD/Engineering 2210 - Circuit Analysis 1/new-Textbook/generated-assets/latex-image
INFO    : extracting latex-image pictures from /Users/lemontwist/Dropbox/COD/Engineering 2210 - Circuit Analysis 1/new-Textbook/source/main.ptx
INFO    : string parameters passed to extraction stylesheet: {'cli.version': '2.32', 'publisher': '/Users/lemontwist/Dropbox/COD/Engineering 2210 - Circuit Analysis 1/new-Textbook/publication/publication.ptx'}
INFO    : discovering source file's directory name: /Users/lemontwist/Dropbox/COD/Engineering 2210 - Circuit Analysis 1/new-Textbook/source
INFO    : verifying and expanding input directory: /Users/lemontwist/Dropbox/COD/Engineering 2210 - Circuit Analysis 1/new-Textbook/source/../generated-assets
INFO    : input directory expanded to absolute path: /Users/lemontwist/Dropbox/COD/Engineering 2210 - Circuit Analysis 1/new-Textbook/generated-assets
INFO    : verifying and expanding input directory: /Users/lemontwist/Dropbox/COD/Engineering 2210 - Circuit Analysis 1/new-Textbook/source/../assets
INFO    : input directory expanded to absolute path: /Users/lemontwist/Dropbox/COD/Engineering 2210 - Circuit Analysis 1/new-Textbook/assets
INFO    : discovering source file's directory name: /Users/lemontwist/Dropbox/COD/Engineering 2210 - Circuit Analysis 1/new-Textbook/source
INFO    : XSL conversion of /Users/lemontwist/Dropbox/COD/Engineering 2210 - Circuit Analysis 1/new-Textbook/source/main.ptx by /Users/lemontwist/.ptx/2.32.0/core/xsl/extract-latex-image.xsl
INFO    : successful application of /Users/lemontwist/.ptx/2.32.0/core/xsl/extract-latex-image.xsl
INFO    : converting ch3-openCircuitVoltageCircuit.tex to ch3-openCircuitVoltageCircuit.pdf
INFO    : cropping ch3-openCircuitVoltageCircuit.pdf to cropped-ch3-openCircuitVoltageCircuit.pdf
INFO    : renaming cropped-ch3-openCircuitVoltageCircuit.pdf to ch3-openCircuitVoltageCircuit.pdf
INFO    : converting ch3-openCircuitVoltageCircuit.pdf to ch3-openCircuitVoltageCircuit.svg
INFO    : converting ch3-shortCircuitCurrentFigure.tex to ch3-shortCircuitCurrentFigure.pdf
INFO    : cropping ch3-shortCircuitCurrentFigure.pdf to cropped-ch3-shortCircuitCurrentFigure.pdf
INFO    : renaming cropped-ch3-shortCircuitCurrentFigure.pdf to ch3-shortCircuitCurrentFigure.pdf
INFO    : converting ch3-shortCircuitCurrentFigure.pdf to ch3-shortCircuitCurrentFigure.svg
INFO    : Removing temporary directory /var/folders/t_/66zwzfs16k57nbkjclfhjpj40000gn/T/ptx-l8v6xm1h
INFO    : Finished generating assets.

INFO    : Preparing to build into /Users/lemontwist/Dropbox/COD/Engineering 2210 - Circuit Analysis 1/new-Textbook/output/web.
INFO    : discovering source file's directory name: /Users/lemontwist/Dropbox/COD/Engineering 2210 - Circuit Analysis 1/new-Textbook/source
INFO    : verifying and expanding input directory: /Users/lemontwist/Dropbox/COD/Engineering 2210 - Circuit Analysis 1/new-Textbook/source/../generated-assets
INFO    : input directory expanded to absolute path: /Users/lemontwist/Dropbox/COD/Engineering 2210 - Circuit Analysis 1/new-Textbook/generated-assets
INFO    : verifying and expanding input directory: /Users/lemontwist/Dropbox/COD/Engineering 2210 - Circuit Analysis 1/new-Textbook/source/../assets
INFO    : input directory expanded to absolute path: /Users/lemontwist/Dropbox/COD/Engineering 2210 - Circuit Analysis 1/new-Textbook/assets
INFO    : discovering source file's directory name: /Users/lemontwist/Dropbox/COD/Engineering 2210 - Circuit Analysis 1/new-Textbook/source
INFO    : XSL conversion of /Users/lemontwist/Dropbox/COD/Engineering 2210 - Circuit Analysis 1/new-Textbook/source/main.ptx by /Users/lemontwist/.ptx/2.32.0/core/xsl/utilities/report-publisher-variables.xsl
INFO    : successful application of /Users/lemontwist/.ptx/2.32.0/core/xsl/utilities/report-publisher-variables.xsl
INFO    : Downloading rs services file from https://runestone.academy/cdn/runestone/latest/webpack_static_imports.xml.
INFO    : Runestone Services via online CDN query: version 7.11.8
INFO    : Downloading Runestone Services, version 7.11.8
WARNING : Could not download rs services file from https://runestone.academy/cdn/runestone/dist-7.11.8.tgz and no cached version found.
WARNING : There was a network problem while trying to download "https://runestone.academy/cdn/runestone/dist-7.11.8.tgz"
and the reported problem is:
HTTPSConnectionPool(host='runestone.academy', port=443): Read timed out. (read timeout=1)
WARNING : Failed to download all Runestone Services files
INFO    : Building custom css theme: theme-denver
INFO    : converting /Users/lemontwist/Dropbox/COD/Engineering 2210 - Circuit Analysis 1/new-Textbook/source/main.ptx to HTML in /var/folders/t_/66zwzfs16k57nbkjclfhjpj40000gn/T/ptx-03xacns8
INFO    : XSL conversion of /Users/lemontwist/Dropbox/COD/Engineering 2210 - Circuit Analysis 1/new-Textbook/source/main.ptx by /Users/lemontwist/.ptx/2.32.0/core/xsl/pretext-html.xsl
INFO    : messages from the log for XSL processing:
INFO    : * PTX:INFO:   checking all deprecated elements.
INFO    : successful application of /Users/lemontwist/.ptx/2.32.0/core/xsl/pretext-html.xsl
INFO    : Removing temporary directory /var/folders/t_/66zwzfs16k57nbkjclfhjpj40000gn/T/ptx-03xacns8
INFO    : Removing temporary directory /var/folders/t_/66zwzfs16k57nbkjclfhjpj40000gn/T/ptx-2l2x_852
INFO    : 
Finished build for target web. Run `pretext view web` to see the results.

INFO    : 
Success!  Built requested target(s) without errors.

INFO    : 
