INFO    : Building target web
INFO    : XSL conversion of /Users/ajp/Dropbox/COD/Engineering 2210 - Circuit Analysis 1/new-Textbook/source/main.ptx by /Users/ajp/.ptx/2.53.0/core/xsl/utilities/pretext-enhanced-source.xsl
INFO    : successful application of /Users/ajp/.ptx/2.53.0/core/xsl/utilities/pretext-enhanced-source.xsl
INFO    : discovering source file's directory name: /Users/ajp/Dropbox/COD/Engineering 2210 - Circuit Analysis 1/new-Textbook/source
INFO    : verifying and expanding input directory: /Users/ajp/Dropbox/COD/Engineering 2210 - Circuit Analysis 1/new-Textbook/source/../assets
INFO    : input directory expanded to absolute path: /Users/ajp/Dropbox/COD/Engineering 2210 - Circuit Analysis 1/new-Textbook/assets
INFO    : Generating any needed assets.
WARNING : Now generating QR codes
INFO    : XSL conversion of /Users/ajp/Dropbox/COD/Engineering 2210 - Circuit Analysis 1/new-Textbook/source/main.ptx by /Users/ajp/.ptx/2.53.0/core/xsl/utilities/report-publisher-variables.xsl
INFO    : successful application of /Users/ajp/.ptx/2.53.0/core/xsl/utilities/report-publisher-variables.xsl
INFO    : discovering source file's directory name: /Users/ajp/Dropbox/COD/Engineering 2210 - Circuit Analysis 1/new-Textbook/source
INFO    : verifying and expanding input directory: /Users/ajp/Dropbox/COD/Engineering 2210 - Circuit Analysis 1/new-Textbook/source/../assets
INFO    : input directory expanded to absolute path: /Users/ajp/Dropbox/COD/Engineering 2210 - Circuit Analysis 1/new-Textbook/assets
INFO    : manufacturing QR codes from /Users/ajp/Dropbox/COD/Engineering 2210 - Circuit Analysis 1/new-Textbook/source/main.ptx for placement in /Users/ajp/Dropbox/COD/Engineering 2210 - Circuit Analysis 1/new-Textbook/generated-assets/qrcode
INFO    : XSL conversion of /Users/ajp/Dropbox/COD/Engineering 2210 - Circuit Analysis 1/new-Textbook/source/main.ptx by /Users/ajp/.ptx/2.53.0/core/xsl/extract-qrcode.xsl
INFO    : successful application of /Users/ajp/.ptx/2.53.0/core/xsl/extract-qrcode.xsl
INFO    : creating URL with content "https://doctor-pasquale.com/circuits/flashtypeadcontinkercad-2.html" as /Users/ajp/Dropbox/COD/Engineering 2210 - Circuit Analysis 1/new-Textbook/generated-assets/qrcode/flashtypeadcontinkercad-2.png...
INFO    : creating URL with content "https://doctor-pasquale.com/circuits/pwmcircuittinkercad-2.html" as /Users/ajp/Dropbox/COD/Engineering 2210 - Circuit Analysis 1/new-Textbook/generated-assets/qrcode/pwmcircuittinkercad-2.png...
INFO    : creating URL with content "https://doctor-pasquale.com/circuits/circuitjslinearequationsolver-2.html" as /Users/ajp/Dropbox/COD/Engineering 2210 - Circuit Analysis 1/new-Textbook/generated-assets/qrcode/circuitjslinearequationsolver-2.png...
INFO    : creating URL with content "https://doctor-pasquale.com/circuits/chargingcircuitgraph-2.html" as /Users/ajp/Dropbox/COD/Engineering 2210 - Circuit Analysis 1/new-Textbook/generated-assets/qrcode/chargingcircuitgraph-2.png...
INFO    : QR code creation complete
INFO    : Removing temporary directory /var/folders/71/k29x_9652hd1cgj7kgcqdk400000gn/T/ptx-908w2ucg
INFO    : Finished generating assets.

INFO    : Preparing to build into /Users/ajp/Dropbox/COD/Engineering 2210 - Circuit Analysis 1/new-Textbook/output/web.
INFO    : discovering source file's directory name: /Users/ajp/Dropbox/COD/Engineering 2210 - Circuit Analysis 1/new-Textbook/source
INFO    : verifying and expanding input directory: /Users/ajp/Dropbox/COD/Engineering 2210 - Circuit Analysis 1/new-Textbook/source/../assets
INFO    : input directory expanded to absolute path: /Users/ajp/Dropbox/COD/Engineering 2210 - Circuit Analysis 1/new-Textbook/assets
INFO    : discovering source file's directory name: /Users/ajp/Dropbox/COD/Engineering 2210 - Circuit Analysis 1/new-Textbook/source
INFO    : XSL conversion of /Users/ajp/Dropbox/COD/Engineering 2210 - Circuit Analysis 1/new-Textbook/source/main.ptx by /Users/ajp/.ptx/2.53.0/core/xsl/utilities/report-publisher-variables.xsl
INFO    : successful application of /Users/ajp/.ptx/2.53.0/core/xsl/utilities/report-publisher-variables.xsl
INFO    : Downloading rs services file from https://runestone.academy/cdn/runestone/latest/webpack_static_imports.xml.
INFO    : Runestone Services via online CDN query: version 8.3.1
INFO    : Downloading Runestone Services, version 8.3.1
INFO    : Extracting Runestone Services from archive file
INFO    : Building custom css theme: theme-denver
INFO    : converting /Users/ajp/Dropbox/COD/Engineering 2210 - Circuit Analysis 1/new-Textbook/source/main.ptx to HTML in /var/folders/71/k29x_9652hd1cgj7kgcqdk400000gn/T/ptx-bbv9qaqc
INFO    : XSL conversion of /Users/ajp/Dropbox/COD/Engineering 2210 - Circuit Analysis 1/new-Textbook/source/main.ptx by /Users/ajp/.ptx/2.53.0/core/xsl/pretext-html.xsl
INFO    : messages from the log for XSL processing (prefaced with a *):
INFO    : * PTX:INFO:   checking all deprecated elements.
INFO    : successful application of /Users/ajp/.ptx/2.53.0/core/xsl/pretext-html.xsl
INFO    : Removing temporary directory /var/folders/71/k29x_9652hd1cgj7kgcqdk400000gn/T/ptx-bbv9qaqc
INFO    : Removing temporary directory /var/folders/71/k29x_9652hd1cgj7kgcqdk400000gn/T/ptx-nkwq16aj
INFO    : 
Finished build for target web. Run `pretext view web` to see the results.

INFO    : 
Success!  Built requested target(s) without errors.

INFO    : 
