INFO    : Building target web
INFO    : XSL conversion of /Users/ajp/Dropbox/COD/Engineering 2210 - Circuit Analysis 1/new-Textbook/source/main.ptx by /Users/ajp/.ptx/2.53.0/core/xsl/utilities/pretext-enhanced-source.xsl
INFO    : successful application of /Users/ajp/.ptx/2.53.0/core/xsl/utilities/pretext-enhanced-source.xsl
INFO    : discovering source file's directory name: /Users/ajp/Dropbox/COD/Engineering 2210 - Circuit Analysis 1/new-Textbook/source
INFO    : verifying and expanding input directory: /Users/ajp/Dropbox/COD/Engineering 2210 - Circuit Analysis 1/new-Textbook/source/../assets
INFO    : input directory expanded to absolute path: /Users/ajp/Dropbox/COD/Engineering 2210 - Circuit Analysis 1/new-Textbook/assets
INFO    : Generating any needed assets.
INFO    : Finished generating assets.

INFO    : Preparing to build into /Users/ajp/Dropbox/COD/Engineering 2210 - Circuit Analysis 1/new-Textbook/output/web.
INFO    : discovering source file's directory name: /Users/ajp/Dropbox/COD/Engineering 2210 - Circuit Analysis 1/new-Textbook/source
INFO    : verifying and expanding input directory: /Users/ajp/Dropbox/COD/Engineering 2210 - Circuit Analysis 1/new-Textbook/source/../assets
INFO    : input directory expanded to absolute path: /Users/ajp/Dropbox/COD/Engineering 2210 - Circuit Analysis 1/new-Textbook/assets
INFO    : discovering source file's directory name: /Users/ajp/Dropbox/COD/Engineering 2210 - Circuit Analysis 1/new-Textbook/source
INFO    : XSL conversion of /Users/ajp/Dropbox/COD/Engineering 2210 - Circuit Analysis 1/new-Textbook/source/main.ptx by /Users/ajp/.ptx/2.53.0/core/xsl/utilities/report-publisher-variables.xsl
INFO    : successful application of /Users/ajp/.ptx/2.53.0/core/xsl/utilities/report-publisher-variables.xsl
INFO    : Downloading rs services file from https://runestone.academy/cdn/runestone/latest/webpack_static_imports.xml.
INFO    : Runestone Services via online CDN query: version 8.3.0
INFO    : Downloading Runestone Services, version 8.3.0
INFO    : Extracting Runestone Services from archive file
INFO    : Building custom css theme: theme-denver
INFO    : converting /Users/ajp/Dropbox/COD/Engineering 2210 - Circuit Analysis 1/new-Textbook/source/main.ptx to HTML in /var/folders/71/k29x_9652hd1cgj7kgcqdk400000gn/T/ptx-q84dr8i5
INFO    : XSL conversion of /Users/ajp/Dropbox/COD/Engineering 2210 - Circuit Analysis 1/new-Textbook/source/main.ptx by /Users/ajp/.ptx/2.53.0/core/xsl/pretext-html.xsl
INFO    : messages from the log for XSL processing (prefaced with a *):
ERROR   : * PTX:ERROR: the @xml:id value "appdxa-diffeq-coefficients" should be unique, but is authored multiple times.
INFO    : *            Results will be unpredictable, and likely incorrect.  Information on the locations follows:
INFO    : *              located at: pretext/book/backmatter/appendix/section/subsection
INFO    : *              located within: "appdxa-diffeq-coefficients" (xml:id), "Units for Coefficients in Differential Equations and Transfer Functions" (title)
INFO    : *              located at: pretext/book/appendix/section/subsection
INFO    : *              located within: "appdxa-diffeq-coefficients" (xml:id), "Units for Coefficients in Differential Equations and Transfer Functions" (title)
ERROR   : * PTX:ERROR: the @xml:id value "appdxa-rc-a0" should be unique, but is authored multiple times.
INFO    : *            Results will be unpredictable, and likely incorrect.  Information on the locations follows:
INFO    : *              located at: pretext/book/backmatter/appendix/section/subsection/proof
INFO    : *              located within: "appdxa-rc-a0" (xml:id)
INFO    : *              located at: pretext/book/appendix/section/subsection/proof
INFO    : *              located within: "appdxa-rc-a0" (xml:id)
ERROR   : * PTX:ERROR: the @xml:id value "appdxa-rl-a0" should be unique, but is authored multiple times.
INFO    : *            Results will be unpredictable, and likely incorrect.  Information on the locations follows:
INFO    : *              located at: pretext/book/backmatter/appendix/section/subsection/proof
INFO    : *              located within: "appdxa-rl-a0" (xml:id)
INFO    : *              located at: pretext/book/appendix/section/subsection/proof
INFO    : *              located within: "appdxa-rl-a0" (xml:id)
ERROR   : * PTX:ERROR: the @xml:id value "appdxa-rlc-a0-proof" should be unique, but is authored multiple times.
INFO    : *            Results will be unpredictable, and likely incorrect.  Information on the locations follows:
INFO    : *              located at: pretext/book/backmatter/appendix/section/subsection/proof
INFO    : *              located within: "appdxa-rlc-a0-proof" (xml:id)
INFO    : *              located at: pretext/book/appendix/section/subsection/proof
INFO    : *              located within: "appdxa-rlc-a0-proof" (xml:id)
ERROR   : * PTX:ERROR: the @xml:id value "appdxa-rlc-w0" should be unique, but is authored multiple times.
INFO    : *            Results will be unpredictable, and likely incorrect.  Information on the locations follows:
INFO    : *              located at: pretext/book/backmatter/appendix/section/subsection/proof
INFO    : *              located within: "appdxa-rlc-w0" (xml:id)
INFO    : *              located at: pretext/book/appendix/section/subsection/proof
INFO    : *              located within: "appdxa-rlc-w0" (xml:id)
ERROR   : * PTX:ERROR: the @xml:id value "appdxa-section1" should be unique, but is authored multiple times.
INFO    : *            Results will be unpredictable, and likely incorrect.  Information on the locations follows:
INFO    : *              located at: pretext/book/backmatter/appendix/section
INFO    : *              located within: "appdxa-section1" (xml:id), "The International Standard of Units" (title)
INFO    : *              located at: pretext/book/appendix/section
INFO    : *              located within: "appdxa-section1" (xml:id), "The International Standard of Units" (title)
ERROR   : * PTX:ERROR: the @xml:id value "appdxa-section2" should be unique, but is authored multiple times.
INFO    : *            Results will be unpredictable, and likely incorrect.  Information on the locations follows:
INFO    : *              located at: pretext/book/backmatter/appendix/section
INFO    : *              located within: "appdxa-section2" (xml:id), "Units in This Textbook" (title)
INFO    : *              located at: pretext/book/appendix/section
INFO    : *              located within: "appdxa-section2" (xml:id), "Units in This Textbook" (title)
ERROR   : * PTX:ERROR: the @xml:id value "appdxa-si-base-units" should be unique, but is authored multiple times.
INFO    : *            Results will be unpredictable, and likely incorrect.  Information on the locations follows:
INFO    : *              located at: pretext/book/backmatter/appendix/section/subsection
INFO    : *              located within: "appdxa-si-base-units" (xml:id), "SI Base Units" (title)
INFO    : *              located at: pretext/book/appendix/section/subsection
INFO    : *              located within: "appdxa-si-base-units" (xml:id), "SI Base Units" (title)
ERROR   : * PTX:ERROR: the @xml:id value "appdxa-si-base-units-table" should be unique, but is authored multiple times.
INFO    : *            Results will be unpredictable, and likely incorrect.  Information on the locations follows:
INFO    : *              located at: pretext/book/backmatter/appendix/section/subsection/table
INFO    : *              located within: "appdxa-si-base-units-table" (xml:id), "SI Base Units." (title)
INFO    : *              located at: pretext/book/appendix/section/subsection/table
INFO    : *              located within: "appdxa-si-base-units-table" (xml:id), "SI Base Units." (title)
ERROR   : * PTX:ERROR: the @xml:id value "appdxa-si-derived-units" should be unique, but is authored multiple times.
INFO    : *            Results will be unpredictable, and likely incorrect.  Information on the locations follows:
INFO    : *              located at: pretext/book/backmatter/appendix/section/subsection
INFO    : *              located within: "appdxa-si-derived-units" (xml:id), "SI Derived Units" (title)
INFO    : *              located at: pretext/book/appendix/section/subsection
INFO    : *              located within: "appdxa-si-derived-units" (xml:id), "SI Derived Units" (title)
ERROR   : * PTX:ERROR: the @xml:id value "appdxa-si-prefixes" should be unique, but is authored multiple times.
INFO    : *            Results will be unpredictable, and likely incorrect.  Information on the locations follows:
INFO    : *              located at: pretext/book/backmatter/appendix/section/subsection
INFO    : *              located within: "appdxa-si-prefixes" (xml:id), "SI Prefixes" (title)
INFO    : *              located at: pretext/book/appendix/section/subsection
INFO    : *              located within: "appdxa-si-prefixes" (xml:id), "SI Prefixes" (title)
ERROR   : * PTX:ERROR: the @xml:id value "appdxa-table-of-properties" should be unique, but is authored multiple times.
INFO    : *            Results will be unpredictable, and likely incorrect.  Information on the locations follows:
INFO    : *              located at: pretext/book/backmatter/appendix/section/subsection
INFO    : *              located within: "appdxa-table-of-properties" (xml:id), "Table of Properties and Units" (title)
INFO    : *              located at: pretext/book/appendix/section/subsection
INFO    : *              located within: "appdxa-table-of-properties" (xml:id), "Table of Properties and Units" (title)
ERROR   : * PTX:ERROR: the @xml:id value "appdxa-table-of-si-prefixes" should be unique, but is authored multiple times.
INFO    : *            Results will be unpredictable, and likely incorrect.  Information on the locations follows:
INFO    : *              located at: pretext/book/backmatter/appendix/section/subsection/table
INFO    : *              located within: "appdxa-table-of-si-prefixes" (xml:id), "SI Base Units." (title)
INFO    : *              located at: pretext/book/appendix/section/subsection/table
INFO    : *              located within: "appdxa-table-of-si-prefixes" (xml:id), "SI Base Units." (title)
ERROR   : * PTX:ERROR: the @xml:id value "appdxa-table-of-units-in-this-book" should be unique, but is authored multiple times.
INFO    : *            Results will be unpredictable, and likely incorrect.  Information on the locations follows:
INFO    : *              located at: pretext/book/backmatter/appendix/section/subsection/table
INFO    : *              located within: "appdxa-table-of-units-in-this-book" (xml:id), "Properties frequently used in this textbook." (title)
INFO    : *              located at: pretext/book/appendix/section/subsection/table
INFO    : *              located within: "appdxa-table-of-units-in-this-book" (xml:id), "Properties frequently used in this textbook." (title)
ERROR   : * PTX:ERROR: the @xml:id value "appdxa-units" should be unique, but is authored multiple times.
INFO    : *            Results will be unpredictable, and likely incorrect.  Information on the locations follows:
INFO    : *              located at: pretext/book/backmatter/appendix
INFO    : *              located within: "appdxa-units" (xml:id), "Units and Unit Conversions" (title)
INFO    : *              located at: pretext/book/appendix
INFO    : *              located within: "appdxa-units" (xml:id), "Units and Unit Conversions" (title)
INFO    : * PTX:INFO:   checking all deprecated elements.
INFO    : successful application of /Users/ajp/.ptx/2.53.0/core/xsl/pretext-html.xsl
INFO    : Removing temporary directory /var/folders/71/k29x_9652hd1cgj7kgcqdk400000gn/T/ptx-q84dr8i5
INFO    : Removing temporary directory /var/folders/71/k29x_9652hd1cgj7kgcqdk400000gn/T/ptx-cmll5v6i
INFO    : 
Finished build for target web. Run `pretext view web` to see the results.

FATAL   : There were errors during the build.  See above.
INFO    : ------------------------
exit    : Failed to build without errors.  Exiting...
INFO    : 
----------------------------------------------------
INFO    : While running pretext, the following errors occurred:

INFO    : (see log messages above or in the 'logs' folder for more information)
INFO    : ----------------------------------------------------
