INFO    : Building target web
INFO    : XSL conversion of /Users/ajp/Dropbox/COD/Engineering 2210 - Circuit Analysis 1/new-Textbook/source/main.ptx by /Users/ajp/.ptx/2.36.0/core/xsl/utilities/pretext-enhanced-source.xsl
INFO    : successful application of /Users/ajp/.ptx/2.36.0/core/xsl/utilities/pretext-enhanced-source.xsl
INFO    : Generating any needed assets.
INFO    : converting latex-image pictures from /Users/ajp/Dropbox/COD/Engineering 2210 - Circuit Analysis 1/new-Textbook/source/main.ptx to svg graphics for placement in /Users/ajp/Dropbox/COD/Engineering 2210 - Circuit Analysis 1/new-Textbook/generated-assets/latex-image
INFO    : extracting latex-image pictures from /Users/ajp/Dropbox/COD/Engineering 2210 - Circuit Analysis 1/new-Textbook/source/main.ptx
INFO    : string parameters passed to extraction stylesheet: {'cli.version': '2.36', 'publisher': '/Users/ajp/Dropbox/COD/Engineering 2210 - Circuit Analysis 1/new-Textbook/publication/publication.ptx'}
INFO    : discovering source file's directory name: /Users/ajp/Dropbox/COD/Engineering 2210 - Circuit Analysis 1/new-Textbook/source
INFO    : verifying and expanding input directory: /Users/ajp/Dropbox/COD/Engineering 2210 - Circuit Analysis 1/new-Textbook/source/../generated-assets
INFO    : input directory expanded to absolute path: /Users/ajp/Dropbox/COD/Engineering 2210 - Circuit Analysis 1/new-Textbook/generated-assets
INFO    : verifying and expanding input directory: /Users/ajp/Dropbox/COD/Engineering 2210 - Circuit Analysis 1/new-Textbook/source/../assets
INFO    : input directory expanded to absolute path: /Users/ajp/Dropbox/COD/Engineering 2210 - Circuit Analysis 1/new-Textbook/assets
INFO    : discovering source file's directory name: /Users/ajp/Dropbox/COD/Engineering 2210 - Circuit Analysis 1/new-Textbook/source
INFO    : XSL conversion of /Users/ajp/Dropbox/COD/Engineering 2210 - Circuit Analysis 1/new-Textbook/source/main.ptx by /Users/ajp/.ptx/2.36.0/core/xsl/extract-latex-image.xsl
INFO    : successful application of /Users/ajp/.ptx/2.36.0/core/xsl/extract-latex-image.xsl
INFO    : converting ch6-chargingrl-example5-solution4.tex to ch6-chargingrl-example5-solution4.pdf
INFO    : cropping ch6-chargingrl-example5-solution4.pdf to cropped-ch6-chargingrl-example5-solution4.pdf
INFO    : renaming cropped-ch6-chargingrl-example5-solution4.pdf to ch6-chargingrl-example5-solution4.pdf
INFO    : converting ch6-chargingrl-example5-solution4.pdf to ch6-chargingrl-example5-solution4.svg
INFO    : converting ch6-chargingrl-example5-solution5.tex to ch6-chargingrl-example5-solution5.pdf
INFO    : cropping ch6-chargingrl-example5-solution5.pdf to cropped-ch6-chargingrl-example5-solution5.pdf
INFO    : renaming cropped-ch6-chargingrl-example5-solution5.pdf to ch6-chargingrl-example5-solution5.pdf
INFO    : converting ch6-chargingrl-example5-solution5.pdf to ch6-chargingrl-example5-solution5.svg
INFO    : converting ch6-chargingrl-example5-solution7.tex to ch6-chargingrl-example5-solution7.pdf
INFO    : cropping ch6-chargingrl-example5-solution7.pdf to cropped-ch6-chargingrl-example5-solution7.pdf
INFO    : renaming cropped-ch6-chargingrl-example5-solution7.pdf to ch6-chargingrl-example5-solution7.pdf
INFO    : converting ch6-chargingrl-example5-solution7.pdf to ch6-chargingrl-example5-solution7.svg
INFO    : converting ch6-chargingrl-example5-solution6.tex to ch6-chargingrl-example5-solution6.pdf
INFO    : cropping ch6-chargingrl-example5-solution6.pdf to cropped-ch6-chargingrl-example5-solution6.pdf
INFO    : renaming cropped-ch6-chargingrl-example5-solution6.pdf to ch6-chargingrl-example5-solution6.pdf
INFO    : converting ch6-chargingrl-example5-solution6.pdf to ch6-chargingrl-example5-solution6.svg
INFO    : converting ch6-chargingrl-example5-solution2.tex to ch6-chargingrl-example5-solution2.pdf
INFO    : cropping ch6-chargingrl-example5-solution2.pdf to cropped-ch6-chargingrl-example5-solution2.pdf
INFO    : renaming cropped-ch6-chargingrl-example5-solution2.pdf to ch6-chargingrl-example5-solution2.pdf
INFO    : converting ch6-chargingrl-example5-solution2.pdf to ch6-chargingrl-example5-solution2.svg
INFO    : converting ch6-chargingrl-example5-solution3.tex to ch6-chargingrl-example5-solution3.pdf
INFO    : cropping ch6-chargingrl-example5-solution3.pdf to cropped-ch6-chargingrl-example5-solution3.pdf
INFO    : renaming cropped-ch6-chargingrl-example5-solution3.pdf to ch6-chargingrl-example5-solution3.pdf
INFO    : converting ch6-chargingrl-example5-solution3.pdf to ch6-chargingrl-example5-solution3.svg
INFO    : converting ch6-chargingrl-example5-solution1.tex to ch6-chargingrl-example5-solution1.pdf
INFO    : cropping ch6-chargingrl-example5-solution1.pdf to cropped-ch6-chargingrl-example5-solution1.pdf
INFO    : renaming cropped-ch6-chargingrl-example5-solution1.pdf to ch6-chargingrl-example5-solution1.pdf
INFO    : converting ch6-chargingrl-example5-solution1.pdf to ch6-chargingrl-example5-solution1.svg
INFO    : Removing temporary directory /var/folders/71/k29x_9652hd1cgj7kgcqdk400000gn/T/ptx-49b1jof2
INFO    : Finished generating assets.

INFO    : Preparing to build into /Users/ajp/Dropbox/COD/Engineering 2210 - Circuit Analysis 1/new-Textbook/output/web.
INFO    : discovering source file's directory name: /Users/ajp/Dropbox/COD/Engineering 2210 - Circuit Analysis 1/new-Textbook/source
INFO    : verifying and expanding input directory: /Users/ajp/Dropbox/COD/Engineering 2210 - Circuit Analysis 1/new-Textbook/source/../generated-assets
INFO    : input directory expanded to absolute path: /Users/ajp/Dropbox/COD/Engineering 2210 - Circuit Analysis 1/new-Textbook/generated-assets
INFO    : verifying and expanding input directory: /Users/ajp/Dropbox/COD/Engineering 2210 - Circuit Analysis 1/new-Textbook/source/../assets
INFO    : input directory expanded to absolute path: /Users/ajp/Dropbox/COD/Engineering 2210 - Circuit Analysis 1/new-Textbook/assets
INFO    : discovering source file's directory name: /Users/ajp/Dropbox/COD/Engineering 2210 - Circuit Analysis 1/new-Textbook/source
INFO    : XSL conversion of /Users/ajp/Dropbox/COD/Engineering 2210 - Circuit Analysis 1/new-Textbook/source/main.ptx by /Users/ajp/.ptx/2.36.0/core/xsl/utilities/report-publisher-variables.xsl
INFO    : successful application of /Users/ajp/.ptx/2.36.0/core/xsl/utilities/report-publisher-variables.xsl
INFO    : Downloading rs services file from https://runestone.academy/cdn/runestone/latest/webpack_static_imports.xml.
INFO    : Runestone Services via online CDN query: version 8.1.14
INFO    : Downloading Runestone Services, version 8.1.14
INFO    : Extracting Runestone Services from archive file
INFO    : Building custom css theme: theme-denver
INFO    : converting /Users/ajp/Dropbox/COD/Engineering 2210 - Circuit Analysis 1/new-Textbook/source/main.ptx to HTML in /var/folders/71/k29x_9652hd1cgj7kgcqdk400000gn/T/ptx-mvdykp4u
INFO    : XSL conversion of /Users/ajp/Dropbox/COD/Engineering 2210 - Circuit Analysis 1/new-Textbook/source/main.ptx by /Users/ajp/.ptx/2.36.0/core/xsl/pretext-html.xsl
INFO    : messages from the log for XSL processing:
INFO    : * PTX:INFO:   checking all deprecated elements.
WARNING : * PTX:DEPRECATE: (2016-07-31) @width attribute on <image> must be expressed as a percentage (1 time)
INFO    : *              located within: "ch6-chargingrl-example5-solution4" (xml:id)
INFO    : * --------------
WARNING : * PTX:WARNING:    An <xref> wants to build text using a number to identify the target, but the target (which has @xml:id "front-colophon") does not have a number. You could try 'text="title"' or 'text="custom"' on the "xref".
INFO    : *              located within: "Note to faculty" (title)
ERROR   : * PTX:ERROR:   width (80) should be given as a percentage (such as "40%"), or as the string "auto"
INFO    : *              located within: "ch6-chargingrl-example5-solution4" (xml:id)
ERROR   : * PTX:ERROR:   width (80) should be given as a percentage (such as "40%"), or as the string "auto"
INFO    : *              located within: "ch6-chargingrl-example5-solution4" (xml:id)
INFO    : successful application of /Users/ajp/.ptx/2.36.0/core/xsl/pretext-html.xsl
INFO    : Removing temporary directory /var/folders/71/k29x_9652hd1cgj7kgcqdk400000gn/T/ptx-mvdykp4u
INFO    : Removing temporary directory /var/folders/71/k29x_9652hd1cgj7kgcqdk400000gn/T/ptx-ka7ounex
INFO    : 
Finished build for target web. Run `pretext view web` to see the results.

CRITICAL: There were errors during the build.  See above.
INFO    : ------------------------
CRITICAL: Failed to build without errors.  Exiting...
INFO    : 
----------------------------------------------------
INFO    : While running pretext, the following errors occurred:

INFO    : (see log messages above or in the 'logs' folder for more information)
INFO    : ----------------------------------------------------
