INFO    : Building target web
INFO    : XSL conversion of /Users/ajp/Dropbox/COD/Engineering 2210 - Circuit Analysis 1/new-Textbook/source/main.ptx by /Users/ajp/.ptx/2.36.0/core/xsl/utilities/pretext-enhanced-source.xsl
INFO    : successful application of /Users/ajp/.ptx/2.36.0/core/xsl/utilities/pretext-enhanced-source.xsl
INFO    : Generating any needed assets.
INFO    : converting latex-image pictures from /Users/ajp/Dropbox/COD/Engineering 2210 - Circuit Analysis 1/new-Textbook/source/main.ptx to svg graphics for placement in /Users/ajp/Dropbox/COD/Engineering 2210 - Circuit Analysis 1/new-Textbook/generated-assets/latex-image
INFO    : extracting latex-image pictures from /Users/ajp/Dropbox/COD/Engineering 2210 - Circuit Analysis 1/new-Textbook/source/main.ptx
INFO    : string parameters passed to extraction stylesheet: {'cli.version': '2.36', 'publisher': '/Users/ajp/Dropbox/COD/Engineering 2210 - Circuit Analysis 1/new-Textbook/publication/publication.ptx'}
INFO    : discovering source file's directory name: /Users/ajp/Dropbox/COD/Engineering 2210 - Circuit Analysis 1/new-Textbook/source
INFO    : verifying and expanding input directory: /Users/ajp/Dropbox/COD/Engineering 2210 - Circuit Analysis 1/new-Textbook/source/../generated-assets
INFO    : input directory expanded to absolute path: /Users/ajp/Dropbox/COD/Engineering 2210 - Circuit Analysis 1/new-Textbook/generated-assets
INFO    : verifying and expanding input directory: /Users/ajp/Dropbox/COD/Engineering 2210 - Circuit Analysis 1/new-Textbook/source/../assets
INFO    : input directory expanded to absolute path: /Users/ajp/Dropbox/COD/Engineering 2210 - Circuit Analysis 1/new-Textbook/assets
INFO    : discovering source file's directory name: /Users/ajp/Dropbox/COD/Engineering 2210 - Circuit Analysis 1/new-Textbook/source
INFO    : XSL conversion of /Users/ajp/Dropbox/COD/Engineering 2210 - Circuit Analysis 1/new-Textbook/source/main.ptx by /Users/ajp/.ptx/2.36.0/core/xsl/extract-latex-image.xsl
INFO    : successful application of /Users/ajp/.ptx/2.36.0/core/xsl/extract-latex-image.xsl
INFO    : converting ch1-rampfunctiongraph.tex to ch1-rampfunctiongraph.pdf
INFO    : cropping ch1-rampfunctiongraph.pdf to cropped-ch1-rampfunctiongraph.pdf
INFO    : renaming cropped-ch1-rampfunctiongraph.pdf to ch1-rampfunctiongraph.pdf
INFO    : converting ch1-rampfunctiongraph.pdf to ch1-rampfunctiongraph.svg
INFO    : converting ch1-exponentialdecaygraph.tex to ch1-exponentialdecaygraph.pdf
INFO    : cropping ch1-exponentialdecaygraph.pdf to cropped-ch1-exponentialdecaygraph.pdf
INFO    : renaming cropped-ch1-exponentialdecaygraph.pdf to ch1-exponentialdecaygraph.pdf
INFO    : converting ch1-exponentialdecaygraph.pdf to ch1-exponentialdecaygraph.svg
INFO    : converting elementarysignals117exercise-4-9-2.tex to elementarysignals117exercise-4-9-2.pdf
INFO    : cropping elementarysignals117exercise-4-9-2.pdf to cropped-elementarysignals117exercise-4-9-2.pdf
INFO    : renaming cropped-elementarysignals117exercise-4-9-2.pdf to elementarysignals117exercise-4-9-2.pdf
INFO    : converting elementarysignals117exercise-4-9-2.pdf to elementarysignals117exercise-4-9-2.svg
INFO    : converting elementarysignals120exercise-2-1-2.tex to elementarysignals120exercise-2-1-2.pdf
INFO    : cropping elementarysignals120exercise-2-1-2.pdf to cropped-elementarysignals120exercise-2-1-2.pdf
INFO    : renaming cropped-elementarysignals120exercise-2-1-2.pdf to elementarysignals120exercise-2-1-2.pdf
INFO    : converting elementarysignals120exercise-2-1-2.pdf to elementarysignals120exercise-2-1-2.svg
INFO    : converting ch1-rampfunctionexamplegraph.tex to ch1-rampfunctionexamplegraph.pdf
INFO    : cropping ch1-rampfunctionexamplegraph.pdf to cropped-ch1-rampfunctionexamplegraph.pdf
INFO    : renaming cropped-ch1-rampfunctionexamplegraph.pdf to ch1-rampfunctionexamplegraph.pdf
INFO    : converting ch1-rampfunctionexamplegraph.pdf to ch1-rampfunctionexamplegraph.svg
INFO    : converting ch5-ch5-discontinuouscurrent.tex to ch5-ch5-discontinuouscurrent.pdf
INFO    : cropping ch5-ch5-discontinuouscurrent.pdf to cropped-ch5-ch5-discontinuouscurrent.pdf
INFO    : renaming cropped-ch5-ch5-discontinuouscurrent.pdf to ch5-ch5-discontinuouscurrent.pdf
INFO    : converting ch5-ch5-discontinuouscurrent.pdf to ch5-ch5-discontinuouscurrent.svg
INFO    : converting elementarysignals117exercise-4-12-2.tex to elementarysignals117exercise-4-12-2.pdf
INFO    : cropping elementarysignals117exercise-4-12-2.pdf to cropped-elementarysignals117exercise-4-12-2.pdf
INFO    : renaming cropped-elementarysignals117exercise-4-12-2.pdf to elementarysignals117exercise-4-12-2.pdf
INFO    : converting elementarysignals117exercise-4-12-2.pdf to elementarysignals117exercise-4-12-2.svg
INFO    : converting ch1-rectpulsefig.tex to ch1-rectpulsefig.pdf
INFO    : cropping ch1-rectpulsefig.pdf to cropped-ch1-rectpulsefig.pdf
INFO    : renaming cropped-ch1-rectpulsefig.pdf to ch1-rectpulsefig.pdf
INFO    : converting ch1-rectpulsefig.pdf to ch1-rectpulsefig.svg
INFO    : converting ch1-triangularpulsegraph.tex to ch1-triangularpulsegraph.pdf
INFO    : cropping ch1-triangularpulsegraph.pdf to cropped-ch1-triangularpulsegraph.pdf
INFO    : renaming cropped-ch1-triangularpulsegraph.pdf to ch1-triangularpulsegraph.pdf
INFO    : converting ch1-triangularpulsegraph.pdf to ch1-triangularpulsegraph.svg
INFO    : converting ch1-circuit116exercise.tex to ch1-circuit116exercise.pdf
INFO    : cropping ch1-circuit116exercise.pdf to cropped-ch1-circuit116exercise.pdf
INFO    : renaming cropped-ch1-circuit116exercise.pdf to ch1-circuit116exercise.pdf
INFO    : converting ch1-circuit116exercise.pdf to ch1-circuit116exercise.svg
INFO    : converting elementarysignals117exercise-4-6-2.tex to elementarysignals117exercise-4-6-2.pdf
INFO    : cropping elementarysignals117exercise-4-6-2.pdf to cropped-elementarysignals117exercise-4-6-2.pdf
INFO    : renaming cropped-elementarysignals117exercise-4-6-2.pdf to elementarysignals117exercise-4-6-2.pdf
INFO    : converting elementarysignals117exercise-4-6-2.pdf to elementarysignals117exercise-4-6-2.svg
INFO    : converting ch1-stepfunctionexamplegraph.tex to ch1-stepfunctionexamplegraph.pdf
INFO    : cropping ch1-stepfunctionexamplegraph.pdf to cropped-ch1-stepfunctionexamplegraph.pdf
INFO    : renaming cropped-ch1-stepfunctionexamplegraph.pdf to ch1-stepfunctionexamplegraph.pdf
INFO    : converting ch1-stepfunctionexamplegraph.pdf to ch1-stepfunctionexamplegraph.svg
INFO    : converting ch1-dampedsinegraph.tex to ch1-dampedsinegraph.pdf
INFO    : cropping ch1-dampedsinegraph.pdf to cropped-ch1-dampedsinegraph.pdf
INFO    : renaming cropped-ch1-dampedsinegraph.pdf to ch1-dampedsinegraph.pdf
INFO    : converting ch1-dampedsinegraph.pdf to ch1-dampedsinegraph.svg
INFO    : converting ch1-rampfunctionexamplegraphderiv.tex to ch1-rampfunctionexamplegraphderiv.pdf
INFO    : cropping ch1-rampfunctionexamplegraphderiv.pdf to cropped-ch1-rampfunctionexamplegraphderiv.pdf
INFO    : renaming cropped-ch1-rampfunctionexamplegraphderiv.pdf to ch1-rampfunctionexamplegraphderiv.pdf
INFO    : converting ch1-rampfunctionexamplegraphderiv.pdf to ch1-rampfunctionexamplegraphderiv.svg
INFO    : converting ch1-circuit117exercise.tex to ch1-circuit117exercise.pdf
INFO    : cropping ch1-circuit117exercise.pdf to cropped-ch1-circuit117exercise.pdf
INFO    : renaming cropped-ch1-circuit117exercise.pdf to ch1-circuit117exercise.pdf
INFO    : converting ch1-circuit117exercise.pdf to ch1-circuit117exercise.svg
INFO    : converting ch1-sinusoidwave19exercise.tex to ch1-sinusoidwave19exercise.pdf
INFO    : cropping ch1-sinusoidwave19exercise.pdf to cropped-ch1-sinusoidwave19exercise.pdf
INFO    : renaming cropped-ch1-sinusoidwave19exercise.pdf to ch1-sinusoidwave19exercise.pdf
INFO    : converting ch1-sinusoidwave19exercise.pdf to ch1-sinusoidwave19exercise.svg
INFO    : converting elementarysignals118exercise-2-1-2.tex to elementarysignals118exercise-2-1-2.pdf
INFO    : cropping elementarysignals118exercise-2-1-2.pdf to cropped-elementarysignals118exercise-2-1-2.pdf
INFO    : renaming cropped-elementarysignals118exercise-2-1-2.pdf to elementarysignals118exercise-2-1-2.pdf
INFO    : converting elementarysignals118exercise-2-1-2.pdf to elementarysignals118exercise-2-1-2.svg
INFO    : converting ch1-stepfunctionfigure.tex to ch1-stepfunctionfigure.pdf
INFO    : cropping ch1-stepfunctionfigure.pdf to cropped-ch1-stepfunctionfigure.pdf
INFO    : renaming cropped-ch1-stepfunctionfigure.pdf to ch1-stepfunctionfigure.pdf
INFO    : converting ch1-stepfunctionfigure.pdf to ch1-stepfunctionfigure.svg
INFO    : converting ch1-circuit18exercise.tex to ch1-circuit18exercise.pdf
INFO    : cropping ch1-circuit18exercise.pdf to cropped-ch1-circuit18exercise.pdf
INFO    : renaming cropped-ch1-circuit18exercise.pdf to ch1-circuit18exercise.pdf
INFO    : converting ch1-circuit18exercise.pdf to ch1-circuit18exercise.svg
INFO    : converting ch1-rectpulseexamplegraph.tex to ch1-rectpulseexamplegraph.pdf
INFO    : cropping ch1-rectpulseexamplegraph.pdf to cropped-ch1-rectpulseexamplegraph.pdf
INFO    : renaming cropped-ch1-rectpulseexamplegraph.pdf to ch1-rectpulseexamplegraph.pdf
INFO    : converting ch1-rectpulseexamplegraph.pdf to ch1-rectpulseexamplegraph.svg
INFO    : converting ch1-triangularpulseexamplegraph.tex to ch1-triangularpulseexamplegraph.pdf
INFO    : cropping ch1-triangularpulseexamplegraph.pdf to cropped-ch1-triangularpulseexamplegraph.pdf
INFO    : renaming cropped-ch1-triangularpulseexamplegraph.pdf to ch1-triangularpulseexamplegraph.pdf
INFO    : converting ch1-triangularpulseexamplegraph.pdf to ch1-triangularpulseexamplegraph.svg
INFO    : converting elementarysignals119exercise-2-1-2.tex to elementarysignals119exercise-2-1-2.pdf
INFO    : cropping elementarysignals119exercise-2-1-2.pdf to cropped-elementarysignals119exercise-2-1-2.pdf
INFO    : renaming cropped-elementarysignals119exercise-2-1-2.pdf to elementarysignals119exercise-2-1-2.pdf
INFO    : converting elementarysignals119exercise-2-1-2.pdf to elementarysignals119exercise-2-1-2.svg
INFO    : Removing temporary directory /var/folders/71/k29x_9652hd1cgj7kgcqdk400000gn/T/ptx-w1ub52y4
INFO    : Finished generating assets.

INFO    : Preparing to build into /Users/ajp/Dropbox/COD/Engineering 2210 - Circuit Analysis 1/new-Textbook/output/web.
INFO    : discovering source file's directory name: /Users/ajp/Dropbox/COD/Engineering 2210 - Circuit Analysis 1/new-Textbook/source
INFO    : verifying and expanding input directory: /Users/ajp/Dropbox/COD/Engineering 2210 - Circuit Analysis 1/new-Textbook/source/../generated-assets
INFO    : input directory expanded to absolute path: /Users/ajp/Dropbox/COD/Engineering 2210 - Circuit Analysis 1/new-Textbook/generated-assets
INFO    : verifying and expanding input directory: /Users/ajp/Dropbox/COD/Engineering 2210 - Circuit Analysis 1/new-Textbook/source/../assets
INFO    : input directory expanded to absolute path: /Users/ajp/Dropbox/COD/Engineering 2210 - Circuit Analysis 1/new-Textbook/assets
INFO    : discovering source file's directory name: /Users/ajp/Dropbox/COD/Engineering 2210 - Circuit Analysis 1/new-Textbook/source
INFO    : XSL conversion of /Users/ajp/Dropbox/COD/Engineering 2210 - Circuit Analysis 1/new-Textbook/source/main.ptx by /Users/ajp/.ptx/2.36.0/core/xsl/utilities/report-publisher-variables.xsl
INFO    : successful application of /Users/ajp/.ptx/2.36.0/core/xsl/utilities/report-publisher-variables.xsl
INFO    : Downloading rs services file from https://runestone.academy/cdn/runestone/latest/webpack_static_imports.xml.
INFO    : Runestone Services via online CDN query: version 8.1.16
INFO    : Downloading Runestone Services, version 8.1.16
INFO    : Extracting Runestone Services from archive file
INFO    : Building custom css theme: theme-denver
INFO    : converting /Users/ajp/Dropbox/COD/Engineering 2210 - Circuit Analysis 1/new-Textbook/source/main.ptx to HTML in /var/folders/71/k29x_9652hd1cgj7kgcqdk400000gn/T/ptx-b8b0cnw8
INFO    : XSL conversion of /Users/ajp/Dropbox/COD/Engineering 2210 - Circuit Analysis 1/new-Textbook/source/main.ptx by /Users/ajp/.ptx/2.36.0/core/xsl/pretext-html.xsl
INFO    : messages from the log for XSL processing:
INFO    : * PTX:INFO:   checking all deprecated elements.
WARNING : * PTX:WARNING:    An <xref> wants to build text using a number to identify the target, but the target (which has @xml:id "front-colophon") does not have a number. You could try 'text="title"' or 'text="custom"' on the "xref".
INFO    : *              located within: "Note to faculty" (title)
INFO    : successful application of /Users/ajp/.ptx/2.36.0/core/xsl/pretext-html.xsl
INFO    : Removing temporary directory /var/folders/71/k29x_9652hd1cgj7kgcqdk400000gn/T/ptx-b8b0cnw8
INFO    : Removing temporary directory /var/folders/71/k29x_9652hd1cgj7kgcqdk400000gn/T/ptx-uhh45pox
INFO    : 
Finished build for target web. Run `pretext view web` to see the results.

INFO    : 
Success!  Built requested target(s) without errors.

INFO    : 
