\BOOKMARK [0][-]{chapter*.1}{\376\377\000P\000r\000e\000f\000a\000c\000e}{}% 1
\BOOKMARK [0][-]{chapter.3}{\376\377\000P\000r\000o\000p\000e\000r\000t\000i\000e\000s\000\040\000o\000f\000\040\000E\000l\000e\000c\000t\000r\000i\000c\000\040\000C\000i\000r\000c\000u\000i\000t\000s}{}% 2
\BOOKMARK [1][-]{section.4}{\376\377\000C\000h\000a\000r\000g\000e}{chapter.3}% 3
\BOOKMARK [1][-]{section.7}{\376\377\000V\000o\000l\000t\000a\000g\000e}{chapter.3}% 4
\BOOKMARK [1][-]{section.22}{\376\377\000C\000u\000r\000r\000e\000n\000t}{chapter.3}% 5
\BOOKMARK [1][-]{section.36}{\376\377\000P\000o\000w\000e\000r}{chapter.3}% 6
\BOOKMARK [1][-]{section.45}{\376\377\000P\000o\000w\000e\000r\000\040\000S\000o\000u\000r\000c\000e\000s}{chapter.3}% 7
\BOOKMARK [1][-]{section.104}{\376\377\000E\000l\000e\000m\000e\000n\000t\000a\000r\000y\000\040\000S\000i\000g\000n\000a\000l\000s}{chapter.3}% 8
\BOOKMARK [1][-]{section.172}{\376\377\000P\000r\000a\000c\000t\000i\000c\000e\000\040\000P\000r\000o\000b\000l\000e\000m\000s}{chapter.3}% 9
\BOOKMARK [0][-]{chapter.217}{\376\377\000C\000i\000r\000c\000u\000i\000t\000\040\000L\000a\000w\000s}{}% 10
\BOOKMARK [1][-]{section.218}{\376\377\000D\000e\000f\000i\000n\000i\000t\000i\000o\000n\000s}{chapter.217}% 11
\BOOKMARK [1][-]{section.233}{\376\377\000R\000e\000s\000i\000s\000t\000o\000r\000s}{chapter.217}% 12
\BOOKMARK [1][-]{section.316}{\376\377\000D\000e\000l\000t\000a\000-\000W\000y\000e\000\040\000a\000n\000d\000\040\000W\000y\000e\000-\000D\000e\000l\000t\000a\000\040\000T\000r\000a\000n\000s\000f\000o\000r\000m\000s}{chapter.217}% 13
\BOOKMARK [1][-]{section.365}{\376\377\000O\000h\000m\000'\000s\000\040\000L\000a\000w}{chapter.217}% 14
\BOOKMARK [1][-]{section.414}{\376\377\000V\000o\000l\000t\000a\000g\000e\000\040\000D\000i\000v\000i\000d\000e\000r}{chapter.217}% 15
\BOOKMARK [1][-]{section.437}{\376\377\000C\000u\000r\000r\000e\000n\000t\000\040\000D\000i\000v\000i\000d\000e\000r}{chapter.217}% 16
\BOOKMARK [1][-]{section.454}{\376\377\000K\000i\000r\000c\000h\000h\000o\000f\000f\000'\000s\000\040\000L\000a\000w\000s}{chapter.217}% 17
\BOOKMARK [1][-]{section.478}{\376\377\000M\000e\000s\000h\000\040\000A\000n\000a\000l\000y\000s\000i\000s}{chapter.217}% 18
\BOOKMARK [1][-]{section.502}{\376\377\000P\000r\000a\000c\000t\000i\000c\000e\000\040\000P\000r\000o\000b\000l\000e\000m\000s}{chapter.217}% 19
\BOOKMARK [0][-]{chapter.612}{\376\377\000C\000i\000r\000c\000u\000i\000t\000\040\000T\000h\000e\000o\000r\000e\000m\000s}{}% 20
\BOOKMARK [1][-]{section.624}{\376\377\000S\000u\000p\000e\000r\000p\000o\000s\000i\000t\000i\000o\000n}{chapter.612}% 21
\BOOKMARK [1][-]{section.647}{\376\377\000S\000o\000u\000r\000c\000e\000\040\000T\000r\000a\000n\000s\000f\000o\000r\000m\000a\000t\000i\000o\000n}{chapter.612}% 22
\BOOKMARK [1][-]{section.668}{\376\377\000C\000h\000o\000o\000s\000i\000n\000g\000\040\000a\000n\000\040\000A\000n\000a\000l\000y\000s\000i\000s\000\040\000T\000o\000o\000l}{chapter.612}% 23
\BOOKMARK [1][-]{section.671}{\376\377\000O\000p\000e\000n\000-\000C\000i\000r\000c\000u\000i\000t\000\040\000V\000o\000l\000t\000a\000g\000e\000s\000\040\000a\000n\000d\000\040\000S\000h\000o\000r\000t\000-\000C\000i\000r\000c\000u\000i\000t\000\040\000C\000u\000r\000r\000e\000n\000t\000s}{chapter.612}% 24
\BOOKMARK [1][-]{section.696}{\376\377\000T\000h\000\351\000v\000e\000n\000i\000n\000'\000s\000\040\000T\000h\000e\000o\000r\000e\000m}{chapter.612}% 25
\BOOKMARK [1][-]{section.717}{\376\377\000N\000o\000r\000t\000o\000n\000'\000s\000\040\000T\000h\000e\000o\000r\000e\000m}{chapter.612}% 26
\BOOKMARK [1][-]{section.728}{\376\377\000M\000a\000x\000i\000m\000u\000m\000\040\000P\000o\000w\000e\000r\000\040\000T\000r\000a\000n\000s\000f\000e\000r}{chapter.612}% 27
\BOOKMARK [1][-]{section.749}{\376\377\000P\000r\000a\000c\000t\000i\000c\000e\000\040\000P\000r\000o\000b\000l\000e\000m\000s}{chapter.612}% 28
\BOOKMARK [0][-]{chapter.912}{\376\377\000O\000p\000e\000r\000a\000t\000i\000o\000n\000a\000l\000\040\000A\000m\000p\000l\000i\000f\000i\000e\000r\000s\000\040\000\050\000O\000p\000-\000A\000m\000p\000s\000\051}{}% 29
\BOOKMARK [1][-]{section.913}{\376\377\000A\000m\000p\000l\000i\000f\000i\000e\000r\000s}{chapter.912}% 30
\BOOKMARK [1][-]{section.921}{\376\377\000D\000i\000f\000f\000e\000r\000e\000n\000t\000i\000a\000l\000\040\000A\000m\000p\000l\000i\000f\000i\000e\000r\000s}{chapter.912}% 31
\BOOKMARK [1][-]{section.927}{\376\377\000C\000o\000m\000p\000a\000r\000a\000t\000o\000r\000\040\000C\000i\000r\000c\000u\000i\000t\000s}{chapter.912}% 32
\BOOKMARK [1][-]{section.958}{\376\377\000F\000e\000e\000d\000b\000a\000c\000k\000\040\000C\000i\000r\000c\000u\000i\000t\000s}{chapter.912}% 33
\BOOKMARK [1][-]{section.974}{\376\377\000D\000i\000v\000i\000d\000e\000d\000\040\000F\000e\000e\000d\000b\000a\000c\000k\000\040\000O\000p\000-\000A\000m\000p\000\040\000C\000i\000r\000c\000u\000i\000t\000s}{chapter.912}% 34
\BOOKMARK [1][-]{section.1038}{\376\377\000O\000p\000-\000A\000m\000p\000\040\000O\000u\000t\000p\000u\000t\000\040\000C\000u\000r\000r\000e\000n\000t}{chapter.912}% 35
\BOOKMARK [1][-]{section.1046}{\376\377\000R\000e\000f\000e\000r\000e\000n\000c\000e\000s}{chapter.912}% 36
\BOOKMARK [1][-]{section.1047}{\376\377\000P\000r\000a\000c\000t\000i\000c\000e\000\040\000P\000r\000o\000b\000l\000e\000m\000s}{chapter.912}% 37
\BOOKMARK [0][-]{chapter.1090}{\376\377\000C\000a\000p\000a\000c\000i\000t\000o\000r\000s\000\040\000a\000n\000d\000\040\000R\000C\000\040\000C\000i\000r\000c\000u\000i\000t\000s}{}% 38
\BOOKMARK [1][-]{section.1105}{\376\377\000T\000y\000p\000e\000s\000\040\000o\000f\000\040\000C\000a\000p\000a\000c\000i\000t\000o\000r\000s}{chapter.1090}% 39
\BOOKMARK [1][-]{section.1121}{\376\377\000M\000e\000a\000s\000u\000r\000i\000n\000g\000\040\000C\000a\000p\000a\000c\000i\000t\000a\000n\000c\000e}{chapter.1090}% 40
\BOOKMARK [1][-]{section.1124}{\376\377\000V\000o\000l\000t\000a\000g\000e\000-\000C\000u\000r\000r\000e\000n\000t\000\040\000R\000e\000l\000a\000t\000i\000o\000n\000s\000h\000i\000p\000\040\000i\000n\000\040\000a\000\040\000C\000a\000p\000a\000c\000i\000t\000o\000r}{chapter.1090}% 41
\BOOKMARK [1][-]{section.1127}{\376\377\000E\000q\000u\000i\000v\000a\000l\000e\000n\000t\000\040\000C\000a\000p\000a\000c\000i\000t\000a\000n\000c\000e}{chapter.1090}% 42
\BOOKMARK [1][-]{section.1146}{\376\377\000D\000i\000f\000f\000e\000r\000e\000n\000t\000i\000a\000t\000o\000r\000\040\000a\000n\000d\000\040\000I\000n\000t\000e\000g\000r\000a\000t\000o\000r\000\040\000C\000i\000r\000c\000u\000i\000t\000s}{chapter.1090}% 43
\BOOKMARK [1][-]{section.1153}{\376\377\000R\000e\000v\000i\000e\000w\000\040\000o\000f\000\040\000I\000m\000p\000o\000r\000t\000a\000n\000t\000\040\000M\000a\000t\000h\000e\000m\000a\000t\000i\000c\000a\000l\000\040\000C\000o\000n\000c\000e\000p\000t\000s\000\040\000f\000o\000r\000\040\000F\000i\000r\000s\000t\000-\000O\000r\000d\000e\000r\000\040\000C\000i\000r\000c\000u\000i\000t\000s}{chapter.1090}% 44
\BOOKMARK [1][-]{section.1160}{\376\377\000R\000e\000s\000i\000s\000t\000o\000r\000-\000C\000a\000p\000a\000c\000i\000t\000o\000r\000\040\000\050\000R\000C\000\051\000\040\000C\000i\000r\000c\000u\000i\000t\000s}{chapter.1090}% 45
\BOOKMARK [1][-]{section.1283}{\376\377\000P\000r\000a\000c\000t\000i\000c\000e\000\040\000P\000r\000o\000b\000l\000e\000m\000s}{chapter.1090}% 46
\BOOKMARK [0][-]{chapter.1517}{\376\377\000I\000n\000d\000u\000c\000t\000o\000r\000s\000\040\000a\000n\000d\000\040\000R\000L\000\040\000C\000i\000r\000c\000u\000i\000t\000s}{}% 47
\BOOKMARK [1][-]{section.1525}{\376\377\000P\000a\000r\000a\000s\000i\000t\000i\000c\000\040\000E\000f\000f\000e\000c\000t\000s}{chapter.1517}% 48
\BOOKMARK [1][-]{section.1528}{\376\377\000M\000e\000a\000s\000u\000r\000i\000n\000g\000\040\000I\000n\000d\000u\000c\000t\000a\000n\000c\000e}{chapter.1517}% 49
\BOOKMARK [1][-]{section.1531}{\376\377\000V\000o\000l\000t\000a\000g\000e\000-\000C\000u\000r\000r\000e\000n\000t\000\040\000R\000e\000l\000a\000t\000i\000o\000n\000s\000h\000i\000p\000\040\000i\000n\000\040\000a\000n\000\040\000I\000n\000d\000u\000c\000t\000o\000r}{chapter.1517}% 50
\BOOKMARK [1][-]{section.1534}{\376\377\000E\000q\000u\000i\000v\000a\000l\000e\000n\000t\000\040\000I\000n\000d\000u\000c\000t\000a\000n\000c\000e}{chapter.1517}% 51
\BOOKMARK [1][-]{section.1549}{\376\377\000R\000e\000s\000i\000s\000t\000o\000r\000-\000I\000n\000d\000u\000c\000t\000o\000r\000\040\000\050\000R\000L\000\051\000\040\000C\000i\000r\000c\000u\000i\000t\000s}{chapter.1517}% 52
\BOOKMARK [1][-]{section.1687}{\376\377\000P\000r\000a\000c\000t\000i\000c\000e\000\040\000P\000r\000o\000b\000l\000e\000m\000s}{chapter.1517}% 53
\BOOKMARK [0][-]{chapter.1970}{\376\377\000S\000e\000c\000o\000n\000d\000-\000O\000r\000d\000e\000r\000\040\000C\000i\000r\000c\000u\000i\000t\000s}{}% 54
\BOOKMARK [1][-]{section.1976}{\376\377\000R\000e\000v\000i\000e\000w\000\040\000o\000f\000\040\000I\000m\000p\000o\000r\000t\000a\000n\000t\000\040\000M\000a\000t\000h\000e\000m\000a\000t\000i\000c\000a\000l\000\040\000C\000o\000n\000c\000e\000p\000t\000s\000\040\000f\000o\000r\000\040\000S\000e\000c\000o\000n\000d\000-\000O\000r\000d\000e\000r\000\040\000C\000i\000r\000c\000u\000i\000t\000s}{chapter.1970}% 55
\BOOKMARK [1][-]{section.1979}{\376\377\000C\000i\000r\000c\000u\000i\000t\000\040\000D\000a\000m\000p\000i\000n\000g}{chapter.1970}% 56
\BOOKMARK [1][-]{section.2000}{\376\377\000T\000h\000e\000\040\000S\000e\000r\000i\000e\000s\000\040\000R\000L\000C\000\040\000C\000i\000r\000c\000u\000i\000t}{chapter.1970}% 57
\BOOKMARK [1][-]{section.2021}{\376\377\000T\000h\000e\000\040\000P\000a\000r\000a\000l\000l\000e\000l\000\040\000R\000L\000C\000\040\000C\000i\000r\000c\000u\000i\000t}{chapter.1970}% 58
\BOOKMARK [1][-]{section.2054}{\376\377\000H\000o\000m\000o\000g\000e\000n\000e\000o\000u\000s\000\040\000S\000e\000c\000o\000n\000d\000-\000O\000r\000d\000e\000r\000\040\000C\000i\000r\000c\000u\000i\000t\000s}{chapter.1970}% 59
\BOOKMARK [1][-]{section.2134}{\376\377\000C\000o\000n\000s\000t\000a\000n\000t\000-\000I\000n\000p\000u\000t\000\040\000N\000o\000n\000-\000H\000o\000m\000o\000g\000e\000n\000e\000o\000u\000s\000\040\000S\000e\000c\000o\000n\000d\000-\000O\000r\000d\000e\000r\000\040\000C\000i\000r\000c\000u\000i\000t\000s}{chapter.1970}% 60
\BOOKMARK [1][-]{section.2169}{\376\377\000N\000o\000n\000-\000C\000o\000n\000s\000t\000a\000n\000t\000\040\000I\000n\000p\000u\000t\000\040\000N\000o\000n\000-\000H\000o\000m\000o\000g\000e\000n\000e\000o\000u\000s\000\040\000S\000e\000c\000o\000n\000d\000-\000O\000r\000d\000e\000r\000\040\000C\000i\000r\000c\000u\000i\000t\000s}{chapter.1970}% 61
\BOOKMARK [1][-]{section.2196}{\376\377\000P\000r\000a\000c\000t\000i\000c\000e\000\040\000P\000r\000o\000b\000l\000e\000m\000s}{chapter.1970}% 62
\BOOKMARK [0][-]{chapter.2389}{\376\377\000P\000h\000a\000s\000o\000r\000s\000\040\000a\000n\000d\000\040\000I\000m\000p\000e\000d\000a\000n\000c\000e\000s}{}% 63
\BOOKMARK [1][-]{section.2400}{\376\377\000P\000h\000a\000s\000o\000r\000\040\000A\000r\000i\000t\000h\000m\000e\000t\000i\000c}{chapter.2389}% 64
\BOOKMARK [1][-]{section.2427}{\376\377\000I\000m\000p\000e\000d\000a\000n\000c\000e}{chapter.2389}% 65
\BOOKMARK [1][-]{section.2455}{\376\377\000D\000e\000l\000t\000a\000-\000W\000y\000e\000\040\000a\000n\000d\000\040\000W\000y\000e\000-\000D\000e\000l\000t\000a\000\040\000T\000r\000a\000n\000s\000f\000o\000r\000m\000s}{chapter.2389}% 66
\BOOKMARK [1][-]{section.2496}{\376\377\000P\000r\000a\000c\000t\000i\000c\000e\000\040\000P\000r\000o\000b\000l\000e\000m\000s}{chapter.2389}% 67
\BOOKMARK [0][-]{chapter.2570}{\376\377\000A\000n\000a\000l\000y\000s\000i\000s\000\040\000o\000f\000\040\000P\000h\000a\000s\000o\000r\000-\000T\000r\000a\000n\000s\000f\000o\000r\000m\000e\000d\000\040\000C\000i\000r\000c\000u\000i\000t\000s}{}% 68
\BOOKMARK [1][-]{section.2571}{\376\377\000C\000o\000m\000p\000l\000e\000x\000\040\000C\000i\000r\000c\000u\000i\000t\000\040\000A\000n\000a\000l\000y\000s\000i\000s\000\040\000T\000e\000c\000h\000n\000i\000q\000u\000e\000s}{chapter.2570}% 69
\BOOKMARK [1][-]{section.2693}{\376\377\000T\000r\000a\000n\000s\000f\000e\000r\000\040\000F\000u\000n\000c\000t\000i\000o\000n\000s}{chapter.2570}% 70
\BOOKMARK [1][-]{section.2742}{\376\377\000P\000a\000s\000s\000i\000v\000e\000\040\000F\000i\000l\000t\000e\000r\000s}{chapter.2570}% 71
\BOOKMARK [1][-]{section.2832}{\376\377\000A\000c\000t\000i\000v\000e\000\040\000F\000i\000l\000t\000e\000r\000s}{chapter.2570}% 72
\BOOKMARK [1][-]{section.2863}{\376\377\000R\000e\000f\000e\000r\000e\000n\000c\000e\000s}{chapter.2570}% 73
\BOOKMARK [1][-]{section.2864}{\376\377\000P\000r\000a\000c\000t\000i\000c\000e\000\040\000P\000r\000o\000b\000l\000e\000m\000s}{chapter.2570}% 74
\BOOKMARK [0][-]{chapter.3151}{\376\377\000A\000C\000\040\000P\000o\000w\000e\000r}{}% 75
\BOOKMARK [1][-]{section.3152}{\376\377\000P\000h\000a\000s\000e\000\040\000a\000n\000d\000\040\000R\000o\000o\000t\000\040\000M\000e\000a\000n\000\040\000S\000q\000u\000a\000r\000e\000\040\000\050\000R\000M\000S\000\051}{chapter.3151}% 76
\BOOKMARK [1][-]{section.3160}{\376\377\000A\000C\000\040\000P\000o\000w\000e\000r}{chapter.3151}% 77
\BOOKMARK [1][-]{section.3202}{\376\377\000M\000a\000x\000i\000m\000u\000m\000\040\000P\000o\000w\000e\000r\000\040\000T\000r\000a\000n\000s\000f\000e\000r}{chapter.3151}% 78
\BOOKMARK [1][-]{section.3213}{\376\377\000P\000o\000w\000e\000r\000\040\000F\000a\000c\000t\000o\000r\000\040\000C\000o\000r\000r\000e\000c\000t\000i\000o\000n}{chapter.3151}% 79
\BOOKMARK [1][-]{section.3238}{\376\377\000P\000r\000a\000c\000t\000i\000c\000e\000\040\000P\000r\000o\000b\000l\000e\000m\000s}{chapter.3151}% 80
\BOOKMARK [0][-]{chapter.3309}{\376\377\000L\000a\000p\000l\000a\000c\000e\000\040\000T\000r\000a\000n\000s\000f\000o\000r\000m\000s\000\040\000a\000n\000d\000\040\000s\000-\000D\000o\000m\000a\000i\000n\000\040\000A\000n\000a\000l\000y\000s\000i\000s}{}% 81
\BOOKMARK [1][-]{section.3314}{\376\377\000T\000h\000e\000\040\000L\000a\000p\000l\000a\000c\000e\000\040\000T\000r\000a\000n\000s\000f\000o\000r\000m}{chapter.3309}% 82
\BOOKMARK [1][-]{section.3327}{\376\377\000I\000n\000v\000e\000r\000s\000e\000\040\000L\000a\000p\000l\000a\000c\000e\000\040\000T\000r\000a\000n\000s\000f\000o\000r\000m}{chapter.3309}% 83
\BOOKMARK [1][-]{section.3349}{\376\377\000s\000-\000D\000o\000m\000a\000i\000n\000\040\000A\000n\000a\000l\000y\000s\000i\000s}{chapter.3309}% 84
\BOOKMARK [1][-]{section.3389}{\376\377\000P\000r\000a\000c\000t\000i\000c\000e\000\040\000P\000r\000o\000b\000l\000e\000m\000s}{chapter.3309}% 85
\BOOKMARK [0][-]{chapter.3417}{\376\377\000P\000r\000a\000c\000t\000i\000c\000a\000l\000\040\000A\000p\000p\000l\000i\000c\000a\000t\000i\000o\000n\000:\000\040\000T\000h\000e\000\040\0005\0005\0005\000\040\000T\000i\000m\000e\000r}{}% 86
\BOOKMARK [1][-]{section.3422}{\376\377\000A\000s\000t\000a\000b\000l\000e\000\040\000M\000o\000d\000e}{chapter.3417}% 87
\BOOKMARK [1][-]{section.3435}{\376\377\000M\000o\000n\000o\000s\000t\000a\000b\000l\000e\000\040\000M\000o\000d\000e}{chapter.3417}% 88
